******************************************************************************
                  TI ARM Linker PC v18.1.2                     
******************************************************************************
>> Linked Tue May 28 23:25:35 2019

OUTPUT FILE NAME:   <MicPos_tcp_client.out>
ENTRY POINT SYMBOL: "_c_int00"  address: 0000e939


MEMORY CONFIGURATION

         name            origin    length      used     unused   attr    fill
----------------------  --------  ---------  --------  --------  ----  --------
  FLASH                 00000000   00100000  0001532c  000eacd4  R  X
  SRAM                  20000000   00040000  000100c8  0002ff38  RW X


SEGMENT ALLOCATION MAP

run origin  load origin   length   init length attrs members
----------  ----------- ---------- ----------- ----- -------
00000000    00000000    00015338   00015338    r-x
  00000000    00000000    0000003c   0000003c    r-- .resetVecs
  00000040    00000040    00012892   00012892    r-x .text
  000128d4    000128d4    000026be   000026be    r-- .const
  00014f98    00014f98    000003a0   000003a0    r-- .cinit
20000000    20000000    00000360   00000000    rw-
  20000000    20000000    00000360   00000000    rw- .vecs
20000380    20000380    0000fd68   00000000    rw-
  20000380    20000380    0000ed2c   00000000    rw- .bss
  2000f0ac    2000f0ac    0000083c   00000000    rw- .data
  2000f8e8    2000f8e8    00000800   00000000    rw- .stack


SECTION ALLOCATION MAP

 output                                  attributes/
section   page    origin      length       input sections
--------  ----  ----------  ----------   ----------------
.text      0    00000040    00012892     
                  00000040    00000c68     stk.aem4f : tcpin.oem4f (.text:TcpInput)
                  00000ca8    000008b8               : tcpout.oem4f (.text:TcpOutput)
                  00001560    00000430     sysbios.aem4f : BIOS.obj (.text:ti_sysbios_family_arm_m3_Hwi_excDumpRegs__I)
                  00001990    00000408     stk.aem4f : ipout.oem4f (.text:IPTxPacket)
                  00001d98    00000384               : ipin.oem4f (.text:IPRxPacket)
                  0000211c    0000034c     ti.targets.arm.rtsarm.aem4f : System.oem4f (.text:xdc_runtime_System_doPrint__I)
                  00002468    0000031c     sysbios.aem4f : BIOS.obj (.text:ti_sysbios_knl_Semaphore_pend__E)
                  00002784    00000004     stk.aem4f : bind.oem4f (.text:BindGetIF)
                  00002788    000002c8     sysbios.aem4f : BIOS.obj (.text:ti_sysbios_knl_Task_Instance_finalize__E)
                  00002a50    000002b0     tcp_client.obj (.text:tcpHandler)
                  00002d00    00000284     stk.aem4f : sock.oem4f (.text:SockSet)
                  00002f84    00000004               : bind.oem4f (.text:BindGetNext)
                  00002f88    0000026c     sysbios.aem4f : BIOS.obj (.text:ti_sysbios_heaps_HeapMem_free__E)
                  000031f4    00000004     os.aem4f : ossys.oem4f (.text:NDK_vsprintf)
                  000031f8    00000250     sysbios.aem4f : BIOS.obj (.text:ti_sysbios_heaps_HeapMem_alloc__E)
                  00003448    0000024c     stk.aem4f : ipfrag.oem4f (.text:IPReasm)
                  00003694    0000023c               : icmpin.oem4f (.text:ICMPInput)
                  000038d0    00000238               : udp.oem4f (.text:UdpInput)
                  00003b08    00000224     sysbios.aem4f : BIOS.obj (.text:ti_sysbios_family_arm_lm4_Timer_start__E)
                  00003d2c    00000004     stk.aem4f : node.oem4f (.text:NodeSetRt)
                  00003d30    00000208     sysbios.aem4f : BIOS.obj (.text:ti_sysbios_knl_Task_sleep__E)
                  00003f38    00000204     driverlib.lib : sysctl.obj (.text:SysCtlClockFreqSet)
                  0000413c    00000204     Boot.aem4f : Boot_sysctl.oem4f (.text:ti_catalog_arm_cortexm4_tiva_ce_Boot_sysCtlClockFreqSetI__I)
                  00004340    000001fc     sysbios.aem4f : BIOS.obj (.text:ti_sysbios_family_arm_m3_Hwi_excHandlerMax__I)
                  0000453c    000001f4     stk.aem4f : sock.oem4f (.text:SockRecv)
                  00004730    000001ec     sysbios.aem4f : BIOS.obj (.text:ti_sysbios_knl_Task_Instance_init__E)
                  0000491c    000001b8     drivers_tivaware.aem4f : EMACSnow.oem4f (.text:EMACSnow_NIMUInit)
                  00004ad4    000001b0     stk.aem4f : lliout.oem4f (.text:LLITxIpPacket)
                  00004c84    000001ac               : lliin.oem4f (.text:LLIRxPacket)
                  00004e30    0000019c     os.aem4f : mem.oem4f (.text:mmAlloc)
                  00004fcc    00000198     stk.aem4f : igmp.oem4f (.text:IGMPInput)
                  00005164    00000190               : sock.oem4f (.text:SockNew)
                  000052f4    00000004               : rawethsock_prot.oem4f (.text:RawEthSockPrAttach)
                  000052f8    00000188     sysbios.aem4f : BIOS.obj (.text:ti_sysbios_knl_Task_setPri__E)
                  00005480    00000174     netctrl_min_ipv4.aem4f : netctrl.oem4f (.text:NC_NetStart)
                  000055f4    00000004     stk.aem4f : rawethsock_prot.oem4f (.text:RawEthSockPrDetach)
                  000055f8    00000174     sysbios.aem4f : BIOS.obj (.text:ti_sysbios_family_arm_m3_Hwi_excBusFault__I)
                  0000576c    00000170     stk.aem4f : rtc.oem4f (.text:RTCReport)
                  000058dc    0000016a               : sb.oem4f (.text:SBRead)
                  00005a46    00000002     hal_userled_stub.aem4f : llled.oem4f (.text:LED_TOGGLE)
                  00005a48    00000164     sysbios.aem4f : BIOS.obj (.text:ti_sysbios_family_arm_m3_Hwi_excUsageFault__I)
                  00005bac    00000160     stk.aem4f : sock.oem4f (.text:SockConnect)
                  00005d0c    00000158     nettool_ipv4.aem4f : dhcpmain.oem4f (.text:DHCPOpen)
                  00005e64    00000150     drivers_tivaware.aem4f : GPIOTiva.oem4f (.text:GPIO_setConfig)
                  00005fb4    00000004     os.aem4f : semaphore.oem4f (.text:SemPend)
                  00005fb8    00000148     sysbios.aem4f : BIOS.obj (.text:ti_sysbios_family_arm_m3_Hwi_excMemFault__I)
                  00006100    00000144     stk.aem4f : bind.oem4f (.text:BindNew)
                  00006244    00000140               : tcp.oem4f (.text:TcpTimeoutCheck)
                  00006384    00000004     os.aem4f : semaphore.oem4f (.text:SemPost)
                  00006388    00000140     sysbios.aem4f : BIOS.obj (.text:ti_sysbios_knl_Semaphore_post__E)
                  000064c8    0000013c     nettool_ipv4.aem4f : config.oem4f (.text:CfgAddEntry)
                  00006604    0000013c     stk.aem4f : sockint.oem4f (.text:SockNotify)
                  00006740    0000013c               : sock.oem4f (.text:SockSend)
                  0000687c    00000004     os.aem4f : semaphore.oem4f (.text:SemReset)
                  00006880    0000013c     sysbios.aem4f : BIOS.obj (.text:ti_sysbios_heaps_HeapMem_Instance_init__E)
                  000069bc    00000004     os.aem4f : task.oem4f (.text:TaskSelf)
                  000069c0    0000013c     sysbios.aem4f : BIOS.obj (.text:ti_sysbios_knl_Clock_workFunc__E)
                  00006afc    00000004     os.aem4f : task.oem4f (.text:TaskSetPri)
                  00006b00    00000138     sysbios.aem4f : BIOS.obj (.text:ti_sysbios_family_arm_m3_Hwi_dispatchC__I)
                  00006c38    00000134     stk.aem4f : icmp.oem4f (.text:ICMPGenPacket)
                  00006d6c    00000130     driverlib.lib : gpio.obj (.text:GPIOPadConfigSet)
                  00006e9c    0000012c     EK_TM4C1294XL.obj (.text:EK_TM4C1294XL_initEMAC)
                  00006fc8    00000124     stk.aem4f : sockpcb.oem4f (.text:SockPcbResolve)
                  000070ec    00000124               : udp.oem4f (.text:UdpOutput)
                  00007210    00000124     tcp_client_pem4f.oem4f (.text:ti_ndk_config_Global_stackThread)
                  00007334    00000004     hal_ser_stub.aem4f : llserstb.oem4f (.text:_llSerialInit)
                  00007338    0000011c     sysbios.aem4f : BIOS.obj (.text:ti_sysbios_knl_Clock_Instance_init__E)
                  00007454    00000004     rtsv7M4_T_le_v4SPD16_eabi.lib : exit.c.obj (.text:abort:abort)
                  00007458    0000011c     sysbios.aem4f : BIOS.obj (.text:ti_sysbios_knl_Swi_run__I)
                  00007574    00000118     stk.aem4f : tcpout.oem4f (.text:TcpGenPacket)
                  0000768c    00000118     ti.targets.arm.rtsarm.aem4f : Error.oem4f (.text:xdc_runtime_Error_policyDefault__E)
                  000077a4    00000114     stk.aem4f : nimu.oem4f (.text:NIMUIoctl)
                  000078b8    00000110               : node.oem4f (.text:NodeTreeFree)
                  000079c8    00000110               : raw.oem4f (.text:RawInput)
                  00007ad8    00000110     sysbios.aem4f : BIOS.obj (.text:ti_sysbios_knl_Task_schedule__I)
                  00007be8    0000010c     stk.aem4f : rtable.oem4f (.text:RtFind)
                  00007cf4    0000010a               : route.oem4f (.text:RtCreate)
                  00007dfe    00000002               : nat.oem4f (.text:NatMsg)
                  00007e00    00000108     drivers_tivaware.aem4f : EMACSnow.oem4f (.text:EMACSnow_emacStart)
                  00007f08    00000108     sysbios.aem4f : BIOS.obj (.text:ti_sysbios_knl_Task_exit__E)
                  00008010    00000104     os.aem4f : task.oem4f (.text:llEnter)
                  00008114    00000102     nettool_ipv4.aem4f : dhcppkt.oem4f (.text:dhcpPacketProcess)
                  00008216    00000102                        : inetaddr.oem4f (.text:inet_aton)
                  00008318    00000100     stk.aem4f : igmp.oem4f (.text:IGMPSendReply)
                  00008418    00000100     tcp_client.obj (.text:sendHandler)
                  00008518    00000100     ti.targets.arm.rtsarm.aem4f : Core-mem.oem4f (.text:xdc_runtime_Core_createObject__I)
                  00008618    000000fc     netctrl_min_ipv4.aem4f : netctrl.oem4f (.text:NetScheduler)
                  00008714    00000004     stk.aem4f : listlib.oem4f (.text:list_get_head)
                  00008718    000000fc     sysbios.aem4f : BIOS.obj (.text:ti_sysbios_knl_Task_postInit__I)
                  00008814    00000004     stk.aem4f : listlib.oem4f (.text:list_get_next)
                  00008818    000000fc     sysbios.aem4f : BIOS.obj (.text:ti_sysbios_knl_Task_startCore__E)
                  00008914    000000f8     stk.aem4f : pipe.oem4f (.text:PipeRecv)
                  00008a0c    000000f8     ti.targets.arm.rtsarm.aem4f : Startup.oem4f (.text:xdc_runtime_Startup_startMods__I)
                  00008b04    000000f8     tcp_client_pem4f.oem4f (.text:xdc_runtime_System_printfExtend__I)
                  00008bfc    000000f4     os.aem4f : task.oem4f (.text:TaskGetEnv)
                  00008cf0    000000f4     sysbios.aem4f : m3_Hwi_asm.obj (.text:ti_sysbios_family_arm_m3_Hwi_dispatch__I)
                  00008de4    000000f0     stk.aem4f : lliout.oem4f (.text:LLIGenArpPacket)
                  00008ed4    000000f0               : sock.oem4f (.text:SockClose)
                  00008fc4    000000e8     os.aem4f : task.oem4f (.text:TaskSetEnv)
                  000090ac    000000e0     stk.aem4f : tcptime.oem4f (.text:TcpTimeoutRexmt)
                  0000918c    000000dc               : sb.oem4f (.text:SBWrite)
                  00009268    000000dc     nettool_ipv4.aem4f : dhcpsock.oem4f (.text:dhcpSocketOpen)
                  00009344    000000dc                        : dhcpsm.oem4f (.text:dhcpState)
                  00009420    000000d8     stk.aem4f : node.oem4f (.text:NodeAdd)
                  000094f8    000000d8               : tcpprot.oem4f (.text:TcpPrSetOption)
                  000095d0    000000d4     drivers_tivaware.aem4f : EMACSnow.oem4f (.text:EMACSnow_handleRx)
                  000096a4    000000d4     stk.aem4f : sockpcb.oem4f (.text:SockPcbBind)
                  00009778    000000d4     sysbios.aem4f : BIOS.obj (.text:ti_sysbios_knl_Swi_Instance_init__E)
                  0000984c    000000d1     stk.aem4f : nimu.oem4f (.text:NIMUReceivePacket)
                  0000991d    00000001     --HOLE-- [fill = 0]
                  0000991e    00000002     os.aem4f : task.oem4f (.text:_TaskInit)
                  00009920    000000d0     sysbios.aem4f : BIOS.obj (.text:ti_sysbios_family_arm_m3_Hwi_Module_startup__E)
                  000099f0    000000cc     stk.aem4f : icmp.oem4f (.text:ICMPSendRtAdv)
                  00009abc    000000cc     nettool_ipv4.aem4f : dhcpbild.oem4f (.text:dhcpBuildHeader)
                  00009b88    000000cc                        : dhcpsm.oem4f (.text:dhcpIPAdd)
                  00009c54    000000cc                        : dhcppkt.oem4f (.text:dhcpVerifyMessage)
                  00009d20    000000cc     tcp_client.obj (.text:main)
                  00009dec    000000cc     ti.targets.arm.rtsarm.aem4f : Core-smem.oem4f (.text:xdc_runtime_Core_constructObject__I)
                  00009eb8    000000c8     stk.aem4f : rawethsock.oem4f (.text:RawEthSockNew)
                  00009f80    000000c8     netctrl_min_ipv4.aem4f : netsrv.oem4f (.text:SPIpNet)
                  0000a048    000000c4     drivers_tivaware.aem4f : EMACSnow.oem4f (.text:EMACSnow_InitDMADescriptors)
                  0000a10c    000000c4     stk.aem4f : igmp.oem4f (.text:IGMPJoinHostGroup)
                  0000a1d0    000000c4     nettool_ipv4.aem4f : dhcpsm.oem4f (.text:StateBound)
                  0000a294    000000bc     stk.aem4f : sockpcb.oem4f (.text:SockPcbFind)
                  0000a350    000000bc               : vlan.oem4f (.text:VLANDeinit)
                  0000a40c    00000004     tcp_client_pem4f.oem4f (.text:ti_sysbios_BIOS_RtsGateProxy_enter__E)
                  0000a410    000000bc     sysbios.aem4f : BIOS.obj (.text:ti_sysbios_family_arm_m3_Hwi_excDebugMon__I)
                  0000a4cc    00000004     tcp_client_pem4f.oem4f (.text:ti_sysbios_BIOS_RtsGateProxy_leave__E)
                  0000a4d0    000000bc     sysbios.aem4f : BIOS.obj (.text:ti_sysbios_family_arm_m3_Hwi_excHardFault__I)
                  0000a58c    00000004                   : BIOS.obj (.text:ti_sysbios_family_arm_lm4_Timer_masterEnable__I)
                  0000a590    000000bc                   : BIOS.obj (.text:ti_sysbios_knl_Task_unblockI__E)
                  0000a64c    000000b8     EK_TM4C1294XL.obj (.text:EK_TM4C1294XL_initGeneral)
                  0000a704    000000b8     stk.aem4f : icmpin.oem4f (.text:ICMPRevSrcRoute)
                  0000a7bc    000000b8               : lli.oem4f (.text:_LLITimeoutCheck)
                  0000a874    000000b4               : tcptime.oem4f (.text:TcpTimeoutKeep)
                  0000a928    000000b4     sysbios.aem4f : BIOS.obj (.text:ti_sysbios_gates_GateMutex_enter__E)
                  0000a9dc    00000004     tcp_client_pem4f.oem4f (.text:ti_sysbios_family_arm_m3_Hwi_delete)
                  0000a9e0    000000b4     sysbios.aem4f : BIOS.obj (.text:ti_sysbios_knl_Task_checkStacks__E)
                  0000aa94    000000b0     stk.aem4f : rawethsock.oem4f (.text:RawEthSockSet)
                  0000ab44    000000ac               : rtable.oem4f (.text:RtTimeoutCheck)
                  0000abf0    000000ac     tcp_client_pem4f.oem4f (.text:ti_ndk_config_ip_init)
                  0000ac9c    00000004     tcp_client_pem4f.oem4f (.text:ti_sysbios_family_arm_m3_TaskSupport_Module__startupDone__S)
                  0000aca0    000000ac     sysbios.aem4f : BIOS.obj (.text:ti_sysbios_family_arm_lm4_Timer_enableTiva__I)
                  0000ad4c    00000004     tcp_client_pem4f.oem4f (.text:ti_sysbios_heaps_HeapMem_Module_GateProxy_enter__E)
                  0000ad50    000000ac     sysbios.aem4f : BIOS.obj (.text:ti_sysbios_knl_Swi_post__E)
                  0000adfc    000000a8     stk.aem4f : sockint.oem4f (.text:SockCreatePacket)
                  0000aea4    00000004     tcp_client_pem4f.oem4f (.text:ti_sysbios_heaps_HeapMem_Module_GateProxy_leave__E)
                  0000aea8    000000a8     sysbios.aem4f : BIOS.obj (.text:ti_sysbios_family_arm_lm4_Timer_enableTimers__I)
                  0000af50    000000a8                   : BIOS.obj (.text:ti_sysbios_knl_Task_blockI__E)
                  0000aff8    000000a6     tcp_client.obj (.text:recvHandler)
                  0000b09e    00000002     os.aem4f : task.oem4f (.text:_TaskShutdown)
                  0000b0a0    000000a0     stk.aem4f : ip.oem4f (.text:IPGetRoute)
                  0000b140    000000a0     auto_init.aem4f : auto_init.oem4f (.text)
                  0000b1e0    000000a0     ti.targets.arm.rtsarm.aem4f : Text.oem4f (.text:xdc_runtime_Text_putMod__E)
                  0000b280    0000009e     stk.aem4f : nimu.oem4f (.text:NIMUAddEthernetHeader)
                  0000b31e    0000009e     nettool_ipv4.aem4f : dhcpbild.oem4f (.text:dhcpBuildRequest)
                  0000b3bc    0000009c     stk.aem4f : exec.oem4f (.text:ExecOpen)
                  0000b458    0000009c     rtsv7M4_T_le_v4SPD16_eabi.lib : memcpy_t2.asm.obj (.text)
                  0000b4f4    00000004     tcp_client_pem4f.oem4f (.text:ti_sysbios_knl_Clock_TimerProxy_getMaxTicks__E)
                  0000b4f8    0000009c     sysbios.aem4f : BIOS.obj (.text:ti_sysbios_knl_Semaphore_Instance_init__E)
                  0000b594    0000009a     ti.targets.arm.rtsarm.aem4f : Text.oem4f (.text:xdc_runtime_Text_putSite__E)
                  0000b62e    00000002     hal_ser_stub.aem4f : llserstb.oem4f (.text:_llSerialServiceCheck)
                  0000b630    00000098     netctrl_min_ipv4.aem4f : netctrl.oem4f (.text:NC_SystemOpen)
                  0000b6c8    00000098                            : netsrv.oem4f (.text:ServiceScan)
                  0000b760    00000098     Boot.aem4f : Boot.oem4f (.text:ti_catalog_arm_cortexm4_tiva_ce_Boot_sysCtlClockFreqSet__E)
                  0000b7f8    00000094     nettool_ipv4.aem4f : config.oem4f (.text:CfgRemoveEntry)
                  0000b88c    00000004     tcp_client_pem4f.oem4f (.text:ti_sysbios_knl_Queue_destruct)
                  0000b890    00000094     sysbios.aem4f : BIOS.obj (.text:ti_sysbios_family_arm_m3_Hwi_Instance_init__E)
                  0000b924    00000004     tcp_client_pem4f.oem4f (.text:ti_sysbios_knl_Semaphore_delete)
                  0000b928    00000094     sysbios.aem4f : BIOS.obj (.text:ti_sysbios_family_arm_m3_Hwi_initNVIC__E)
                  0000b9bc    00000090     nettool_ipv4.aem4f : config.oem4f (.text:CfgExecute)
                  0000ba4c    00000090     stk.aem4f : igmp.oem4f (.text:IGMPMsg)
                  0000badc    00000090     os.aem4f : mem.oem4f (.text:mmBulkAlloc)
                  0000bb6c    00000004     tcp_client_pem4f.oem4f (.text:ti_sysbios_knl_Semaphore_destruct)
                  0000bb70    00000090     sysbios.aem4f : BIOS.obj (.text:ti_sysbios_knl_Task_Module_startup__E)
                  0000bc00    0000008c     drivers_tivaware.aem4f : GPIOTiva.oem4f (.text:GPIO_init)
                  0000bc8c    0000008c     stk.aem4f : ip.oem4f (.text:IPMsg)
                  0000bd18    0000008c     os.aem4f : mem.oem4f (.text:_mmInit)
                  0000bda4    0000008c              : mem.oem4f (.text:mmInitPage)
                  0000be30    0000008c     sysbios.aem4f : m3_TaskSupport_asm.obj (.text:ti_sysbios_family_arm_m3_TaskSupport_buildTaskStack)
                  0000bebc    0000008a     netctrl_min_ipv4.aem4f : netsrv.oem4f (.text:SPRoute)
                  0000bf46    00000002     hal_ser_stub.aem4f : llserstb.oem4f (.text:_llSerialShutdown)
                  0000bf48    00000088     netctrl_min_ipv4.aem4f : netsrv.oem4f (.text:ServiceSpawn)
                  0000bfd0    00000088     stk.aem4f : sockpcb.oem4f (.text:SockPcbCtlError)
                  0000c058    00000086     nettool_ipv4.aem4f : dhcpsm.oem4f (.text:StateRequesting)
                  0000c0de    00000002     hal_userled_stub.aem4f : llled.oem4f (.text:_llUserLedInit)
                  0000c0e0    00000084     nettool_ipv4.aem4f : config.oem4f (.text:CfgGetEntry)
                  0000c164    00000084     drivers_tivaware.aem4f : EMACSnow.oem4f (.text:EMACSnow_processPhyInterrupt)
                  0000c1e8    00000084     stk.aem4f : tcpprot.oem4f (.text:TcpPrAttach)
                  0000c26c    00000084     os.aem4f : mem.oem4f (.text:mmBulkFree)
                  0000c2f0    00000084              : mem.oem4f (.text:mmFree)
                  0000c374    00000004     tcp_client_pem4f.oem4f (.text:ti_sysbios_knl_Swi_delete)
                  0000c378    00000084     sysbios.aem4f : BIOS.obj (.text:ti_sysbios_family_arm_m3_Hwi_postInit__I)
                  0000c3fc    00000082     nettool_ipv4.aem4f : dhcpsm.oem4f (.text:StateRenewRebind)
                  0000c47e    00000002     hal_userled_stub.aem4f : llled.oem4f (.text:_llUserLedShutdown)
                  0000c480    00000080     drivers_tivaware.aem4f : EMACSnow.oem4f (.text:EMACSnow_emacStop)
                  0000c500    00000080                            : EMACSnow.oem4f (.text:EMACSnow_processPendingTx)
                  0000c580    00000080     stk.aem4f : lli.oem4f (.text:LLINew)
                  0000c600    00000080     netctrl_min_ipv4.aem4f : netsrv.oem4f (.text:NS_BootTask)
                  0000c680    00000080     stk.aem4f : pbm.oem4f (.text:PBM_alloc)
                  0000c700    00000080               : raw.oem4f (.text:RawOutput)
                  0000c780    0000007f     tcp_client_pem4f.oem4f (.text:ti_ndk_config_Global_NetworkIPAddr)
                  0000c7ff    00000001     --HOLE-- [fill = 0]
                  0000c800    0000007e     stk.aem4f : fileuser.oem4f (.text:fdClose)
                  0000c87e    00000002     rtsv7M4_T_le_v4SPD16_eabi.lib : _lock.c.obj (.text:_nop)
                  0000c880    0000007c     nettool_ipv4.aem4f : config.oem4f (.text:CfgGetNextEntry)
                  0000c8fc    0000007c     drivers_tivaware.aem4f : EMACSnow.oem4f (.text:EMACSnow_hwiIntFxn)
                  0000c978    0000007c     stk.aem4f : igmp.oem4f (.text:IGMPDoMCast)
                  0000c9f4    0000007c               : igmp.oem4f (.text:IGMPJoin)
                  0000ca70    0000007c               : socket.oem4f (.text:NDK_setsockopt)
                  0000caec    0000007c               : nimu.oem4f (.text:NIMURegister)
                  0000cb68    0000007c               : pbm.oem4f (.text:PBM_free)
                  0000cbe4    0000007a     rtsv7M4_T_le_v4SPD16_eabi.lib : memset_t2.asm.obj (.text)
                  0000cc5e    00000002     hal_ser_stub.aem4f : llserstb.oem4f (.text:llSerialService)
                  0000cc60    00000078     driverlib.lib : emac.obj (.text:EMACInit)
                  0000ccd8    00000078     stk.aem4f : socket.oem4f (.text:NDK_sendto)
                  0000cd50    00000078               : tcptime.oem4f (.text:TcpXmitTimer)
                  0000cdc8    00000078               : fileuser.oem4f (.text:fdOpenSession)
                  0000ce40    00000078     os.aem4f : task.oem4f (.text:llExit)
                  0000ceb8    00000076     stk.aem4f : pipe.oem4f (.text:PipeSend)
                  0000cf2e    00000002     rtsv7M4_T_le_v4SPD16_eabi.lib : div0.asm.obj (.text)
                  0000cf30    00000075     stk.aem4f : tcptime.oem4f (.text:TcpTimeoutSackRexmt)
                  0000cfa5    00000001     --HOLE-- [fill = 0]
                  0000cfa6    00000002     tcp_client_pem4f.oem4f (.text:ti_ndk_config_Global_NetworkClose)
                  0000cfa8    00000074     stk.aem4f : igmp.oem4f (.text:IGMPLeaveHostGroup)
                  0000d01c    00000074               : nimu.oem4f (.text:NIMUShutdown)
                  0000d090    00000074               : raweth.oem4f (.text:RawEthRxPacket)
                  0000d104    00000074               : sockpcb.oem4f (.text:SockPcbConnect)
                  0000d178    00000074     sysbios.aem4f : BIOS.obj (.text:ti_sysbios_knl_Clock_start__E)
                  0000d1ec    00000072     os.aem4f : semaphore.oem4f (.text:SemCreateBinary)
                  0000d25e    00000070     stk.aem4f : socket.oem4f (.text:NDK_send)
                  0000d2ce    00000002     tcp_client_pem4f.oem4f (.text:ti_ndk_config_Global_NetworkOpen)
                  0000d2d0    00000070     stk.aem4f : rtable.oem4f (.text:RtFlush)
                  0000d340    00000070     netctrl_min_ipv4.aem4f : netsrv.oem4f (.text:SPConfig)
                  0000d3b0    00000070     stk.aem4f : sock.oem4f (.text:SockShutdown)
                  0000d420    00000070     nettool_ipv4.aem4f : dhcptags.oem4f (.text:dhcpDecodeType)
                  0000d490    0000006e     stk.aem4f : socket.oem4f (.text:NDK_recv)
                  0000d4fe    00000002     tcp_client_pem4f.oem4f (.text:ti_sysbios_BIOS_nullFunc__I)
                  0000d500    0000006e     stk.aem4f : rtable.oem4f (.text:RtWalkNext)
                  0000d56e    0000006e               : sockpcb.oem4f (.text:SockPcbFindRaw)
                  0000d5dc    0000006d               : node.oem4f (.text:NodeNew)
                  0000d649    00000001     --HOLE-- [fill = 0]
                  0000d64a    00000002     tcp_client_pem4f.oem4f (.text:xdc_runtime_Startup_reset__I)
                  0000d64c    0000006d     ti.targets.arm.rtsarm.aem4f : System.oem4f (.text:xdc_runtime_System_formatNum__I)
                  0000d6b9    00000003     --HOLE-- [fill = 0]
                  0000d6bc    0000006c     os.aem4f : ossys.oem4f (.text:DbgPrintf)
                  0000d728    0000006c     stk.aem4f : node.oem4f (.text:NodeTreeNew)
                  0000d794    0000006c               : raweth.oem4f (.text:RawEthTxPacket)
                  0000d800    0000006c               : udp.oem4f (.text:UdpChecksum)
                  0000d86c    00000004     tcp_client_pem4f.oem4f (.text:ti_sysbios_knl_Task_delete)
                  0000d870    0000006c     sysbios.aem4f : BIOS.obj (.text:ti_sysbios_knl_Swi_restoreHwi__E)
                  0000d8dc    0000006c     ti.targets.arm.rtsarm.aem4f : Error.oem4f (.text:xdc_runtime_Error_print__E)
                  0000d948    0000006c                                 : Memory.oem4f (.text:xdc_runtime_Memory_alloc__E)
                  0000d9b4    0000006a     stk.aem4f : tcpprot.oem4f (.text:TcpPrInherit)
                  0000da1e    00000068               : socket.oem4f (.text:NDK_socket)
                  0000da86    00000002     --HOLE-- [fill = 0]
                  0000da88    00000068               : pbm.oem4f (.text:PBM_open)
                  0000daf0    00000068               : rtable.oem4f (.text:_RtNodeInsert)
                  0000db58    00000068     rtsv7M4_T_le_v4SPD16_eabi.lib : copy_decompress_lzss.c.obj (.text:decompress:lzss:__TI_decompress_lzss)
                  0000dbc0    00000066     ti.targets.arm.rtsarm.aem4f : Core-mem.oem4f (.text:xdc_runtime_Core_deleteObject__I)
                  0000dc26    00000002     --HOLE-- [fill = 0]
                  0000dc28    00000064     nettool_ipv4.aem4f : config.oem4f (.text:CfgFree)
                  0000dc8c    00000064     drivers_tivaware.aem4f : GPIOTiva.oem4f (.text:GPIO_hwiIntFxn)
                  0000dcf0    00000064     stk.aem4f : pbm.oem4f (.text:PBMQ_enq)
                  0000dd54    00000064               : sockint.oem4f (.text:SockSpawnAbort)
                  0000ddb8    00000064     hal_timer_bios.aem4f : lltimer.oem4f (.text:llTimerTick)
                  0000de1c    00000004     ti.targets.arm.rtsarm.aem4f : Error.oem4f (.text:xdc_runtime_Error_getMsg__E)
                  0000de20    00000064     sysbios.aem4f : BIOS.obj (.text:ti_sysbios_family_arm_lm4_Timer_Module_startup__E)
                  0000de84    00000064     tcp_client_pem4f.oem4f (.text:ti_sysbios_family_arm_m3_Hwi_create)
                  0000dee8    00000064     stk.aem4f : lliin.oem4f (.text:updateRtTable)
                  0000df4c    00000062               : ipin.oem4f (.text:IPRouteIP)
                  0000dfae    00000002     --HOLE-- [fill = 0]
                  0000dfb0    00000062               : sb.oem4f (.text:SBNew)
                  0000e012    00000002     --HOLE-- [fill = 0]
                  0000e014    00000060     nettool_ipv4.aem4f : config.oem4f (.text:CfgGetEntryCnt)
                  0000e074    00000060     stk.aem4f : file.oem4f (.text:FdWaitEvent)
                  0000e0d4    00000060               : nimu.oem4f (.text:NIMUUnregister)
                  0000e134    00000060               : node.oem4f (.text:NodeFind)
                  0000e194    00000060               : rtc.oem4f (.text:RTCMsg)
                  0000e1f4    00000060               : tcp.oem4f (.text:TcpChecksum)
                  0000e254    00000060     nettool_ipv4.aem4f : dhcptags.oem4f (.text:dhcpBuildOptions)
                  0000e2b4    00000004     ti.targets.arm.rtsarm.aem4f : Error.oem4f (.text:xdc_runtime_Error_getSite__E)
                  0000e2b8    00000060     sysbios.aem4f : BIOS.obj (.text:ti_sysbios_family_arm_lm4_Timer_isrStub__E)
                  0000e318    00000060                   : BIOS.obj (.text:ti_sysbios_knl_Clock_logTick__E)
                  0000e378    0000005e     stk.aem4f : route.oem4f (.text:RtRemove)
                  0000e3d6    0000005e     nettool_ipv4.aem4f : dhcpsm.oem4f (.text:StateSelecting)
                  0000e434    0000005e     stk.aem4f : vlan.oem4f (.text:VLANReceivePacket)
                  0000e492    00000002     --HOLE-- [fill = 0]
                  0000e494    0000005c     nettool_ipv4.aem4f : config.oem4f (.text:CfgSetExecuteOrder)
                  0000e4f0    0000005c     stk.aem4f : nimu.oem4f (.text:NIMUIoctlSpecialCmd)
                  0000e54c    0000005c     netctrl_min_ipv4.aem4f : netsrv.oem4f (.text:SPService)
                  0000e5a8    0000005c     tcp_client_pem4f.oem4f (.text:ti_sysbios_knl_Swi_create)
                  0000e604    00000004     tcp_client_pem4f.oem4f (.text:xdc_runtime_System_Module_GateProxy_enter__E)
                  0000e608    0000005c     sysbios.aem4f : BIOS.obj (.text:ti_sysbios_knl_Swi_schedule__I)
                  0000e664    0000005c     tcp_client_pem4f.oem4f (.text:ti_sysbios_knl_Task_create)
                  0000e6c0    0000005b     ti.targets.arm.rtsarm.aem4f : Text.oem4f (.text:xdc_runtime_Text_putLab__E)
                  0000e71b    00000001     --HOLE-- [fill = 0]
                  0000e71c    0000005a     stk.aem4f : route.oem4f (.text:RtRedirect)
                  0000e776    0000005a               : tcpprot.oem4f (.text:TcpValidateMetrics)
                  0000e7d0    0000005a     nettool_ipv4.aem4f : dhcpbild.oem4f (.text:dhcpBuildDecline)
                  0000e82a    0000005a     os.aem4f : mem.oem4f (.text:mmCopy)
                  0000e884    0000005a     tcp_client_pem4f.oem4f (.text:ti_ndk_config_tcp_init)
                  0000e8de    00000002     --HOLE-- [fill = 0]
                  0000e8e0    00000058     stk.aem4f : bind.oem4f (.text:BindFree)
                  0000e938    00000058     boot.aem4f : boot.oem4f (.text)
                  0000e990    00000058     driverlib.lib : emac.obj (.text:EMACPHYConfigSet)
                  0000e9e8    00000058     rtsv7M4_T_le_v4SPD16_eabi.lib : hostwrite.c.obj (.text:HOSTwrite)
                  0000ea40    00000058     stk.aem4f : igmp.oem4f (.text:IGMPTimer)
                  0000ea98    00000058     os.aem4f : semaphore.oem4f (.text:SemCreate)
                  0000eaf0    00000058     sysbios.aem4f : m3_Hwi_asm_switch.obj (.text:ti_sysbios_family_arm_m3_Hwi_initStacks__E)
                  0000eb48    00000056     driverlib.lib : gpio.obj (.text:GPIOIntTypeSet)
                  0000eb9e    00000002     --HOLE-- [fill = 0]
                  0000eba0    00000054     nettool_ipv4.aem4f : config.oem4f (.text:CfgEntryDeRef)
                  0000ebf4    00000054     stk.aem4f : igmp.oem4f (.text:IGMPLeave)
                  0000ec48    00000054               : rawethsock_pcb.oem4f (.text:RawEthSockPcbAttach)
                  0000ec9c    00000054               : sockpcb.oem4f (.text:SockCleanPcb)
                  0000ecf0    00000054               : tcptime.oem4f (.text:TcpTimeoutPersist)
                  0000ed44    00000004     tcp_client_pem4f.oem4f (.text:xdc_runtime_System_Module_GateProxy_leave__E)
                  0000ed48    00000054     sysbios.aem4f : BIOS.obj (.text:ti_sysbios_knl_Swi_Instance_finalize__E)
                  0000ed9c    00000054     ti.targets.arm.rtsarm.aem4f : Assert.oem4f (.text:xdc_runtime_Assert_raise__I)
                  0000edf0    00000052     stk.aem4f : tcpprot.oem4f (.text:TcpPrDetach)
                  0000ee42    00000002     --HOLE-- [fill = 0]
                  0000ee44    00000050     drivers_tivaware.aem4f : GPIOTiva.oem4f (.text:GPIO_setCallback)
                  0000ee94    00000050     stk.aem4f : socket.oem4f (.text:NDK_bind)
                  0000eee4    00000050               : socket.oem4f (.text:NDK_connect)
                  0000ef34    00000050               : route.oem4f (.text:RtNew)
                  0000ef84    00000050     driverlib.lib : sysctl.obj (.text:SysCtlPeripheralReset)
                  0000efd4    00000050     Boot.aem4f : Boot_sysctl.oem4f (.text:_SysCtlFrequencyGet)
                  0000f024    00000050     ti.targets.arm.rtsarm.aem4f : Startup.oem4f (.text:xdc_runtime_Startup_exec__E)
                  0000f074    00000050                                 : Text.oem4f (.text:xdc_runtime_Text_visitRope2__I)
                  0000f0c4    0000004e     stk.aem4f : node.oem4f (.text:NodeDeRef)
                  0000f112    0000004e     nettool_ipv4.aem4f : config.oem4f (.text:_CfgEntryScan)
                  0000f160    0000004c                        : ipaddr.oem4f (.text:NtAddNetwork)
                  0000f1ac    0000004c     stk.aem4f : sockint.oem4f (.text:SockValidateRoute)
                  0000f1f8    0000004c     rtsv7M4_T_le_v4SPD16_eabi.lib : cpy_tbl.c.obj (.text:copy_in)
                  0000f244    00000004     ti.targets.arm.rtsarm.aem4f : System.oem4f (.text:xdc_runtime_System_aprintf_va__F)
                  0000f248    0000004c     sysbios.aem4f : BIOS.obj (.text:ti_sysbios_heaps_HeapMem_getStats__E)
                  0000f294    00000004     ti.targets.arm.rtsarm.aem4f : System.oem4f (.text:xdc_runtime_System_printf_va__F)
                  0000f298    0000004c     sysbios.aem4f : BIOS.obj (.text:ti_sysbios_knl_Swi_runLoop__I)
                  0000f2e4    00000004     --HOLE-- [fill = 0]
                  0000f2e8    0000004c                   : BIOS.obj (.text:ti_sysbios_knl_Task_allBlockedFunction__I)
                  0000f334    0000004a     netctrl_min_ipv4.aem4f : netsrv.oem4f (.text:ServiceKill)
                  0000f37e    0000004a     stk.aem4f : sock.oem4f (.text:SockDisconnect)
                  0000f3c8    0000004a               : timer.oem4f (.text:TimerNew)
                  0000f412    00000048     nettool_ipv4.aem4f : config.oem4f (.text:CfgNew)
                  0000f45a    00000002     --HOLE-- [fill = 0]
                  0000f45c    00000048     driverlib.lib : gpio.obj (.text:GPIOPinConfigure)
                  0000f4a4    00000048     stk.aem4f : lli.oem4f (.text:LLIMsg)
                  0000f4ec    00000048               : node.oem4f (.text:NodeWalk)
                  0000f534    00000048               : rawethsock_pcb.oem4f (.text:RawEthSockPcbDetach)
                  0000f57c    00000048               : sockpcb.oem4f (.text:SockPcbResolveChain)
                  0000f5c4    00000048               : tcpprot.oem4f (.text:TcpDrop)
                  0000f60c    00000048               : lli.oem4f (.text:_LLIExpListInsert)
                  0000f654    00000048               : rtable.oem4f (.text:_RtExpListInsert)
                  0000f69c    00000048     driverlib.lib : sysctl.obj (.text:_SysCtlFrequencyGet)
                  0000f6e4    00000048     stk.aem4f : file.oem4f (.text:fdint_lockfd)
                  0000f72c    00000004     --HOLE-- [fill = 0]
                  0000f730    00000048     sysbios.aem4f : BIOS.obj (.text:ti_sysbios_family_arm_m3_Hwi_disableInterrupt__E)
                  0000f778    00000048                   : BIOS.obj (.text:ti_sysbios_family_arm_m3_Hwi_enableInterrupt__E)
                  0000f7c0    00000048                   : BIOS.obj (.text:ti_sysbios_family_arm_m3_Hwi_excReserved__I)
                  0000f808    00000048                   : BIOS.obj (.text:ti_sysbios_knl_Task_deleteTerminatedTasksFunc__I)
                  0000f850    00000046     nettool_ipv4.aem4f : ipaddr.oem4f (.text:NtIfIdx2Ip)
                  0000f896    00000046     stk.aem4f : rawethsock.oem4f (.text:RawEthSockSend)
                  0000f8dc    00000046               : tcpprot.oem4f (.text:TcpPrCtlError)
                  0000f922    00000046     os.aem4f : mem.oem4f (.text:mmZeroInit)
                  0000f968    00000046     ti.targets.arm.rtsarm.aem4f : Core-params.oem4f (.text:xdc_runtime_Core_assignParams__I)
                  0000f9ae    00000002     --HOLE-- [fill = 0]
                  0000f9b0    00000044     drivers_tivaware.aem4f : EMACSnow.oem4f (.text:EMACSnow_processTransmitted)
                  0000f9f4    00000044     stk.aem4f : icmp.oem4f (.text:ICMPChecksum)
                  0000fa38    00000044               : ipfrag.oem4f (.text:IPReasmFree)
                  0000fa7c    00000044               : lli.oem4f (.text:LLIGetValidTime)
                  0000fac0    00000044               : rtable.oem4f (.text:RouteMsg)
                  0000fb04    00000044               : rtable.oem4f (.text:RtWalkEnd)
                  0000fb48    00000044               : sockpcb.oem4f (.text:SockPcbDetach)
                  0000fb8c    00000044               : timer.oem4f (.text:TimerListInsert)
                  0000fbd0    00000044     hal_timer_bios.aem4f : lltimer.oem4f (.text:llTimerGetTime)
                  0000fc14    00000004     --HOLE-- [fill = 0]
                  0000fc18    00000044     sysbios.aem4f : BIOS.obj (.text:ti_sysbios_family_arm_lm4_Timer_stop__E)
                  0000fc5c    00000004     --HOLE-- [fill = 0]
                  0000fc60    00000044                   : BIOS.obj (.text:ti_sysbios_family_arm_m3_Hwi_getStackInfo__E)
                  0000fca4    00000044     ti.targets.arm.rtsarm.aem4f : Error.oem4f (.text:xdc_runtime_Error_setX__E)
                  0000fce8    00000044                                 : SysMin.oem4f (.text:xdc_runtime_SysMin_flush__E)
                  0000fd2c    00000044                                 : Text.oem4f (.text:xdc_runtime_Text_xprintf__I)
                  0000fd70    00000042     stk.aem4f : tcpprot.oem4f (.text:TcpPrSendOOB)
                  0000fdb2    00000042               : fileuser.oem4f (.text:fdCloseSession)
                  0000fdf4    00000040               : lliin.oem4f (.text:LLIValidateRoute)
                  0000fe34    00000040               : pbm.oem4f (.text:PBM_copy)
                  0000fe74    00000040               : sockpcb.oem4f (.text:SockPcbRtChange)
                  0000feb4    00000040               : tcpprot.oem4f (.text:TcpPrSend)
                  0000fef4    00000040     rtsv7M4_T_le_v4SPD16_eabi.lib : u_divt2.asm.obj (.text)
                  0000ff34    00000004     --HOLE-- [fill = 0]
                  0000ff38    00000040     sysbios.aem4f : BIOS.obj (.text:ti_sysbios_family_arm_lm4_Timer_startup__E)
                  0000ff78    0000003e     nettool_ipv4.aem4f : dhcpmain.oem4f (.text:DHCPClose)
                  0000ffb6    00000002     --HOLE-- [fill = 0]
                  0000ffb8    0000003e     stk.aem4f : nimu.oem4f (.text:NIMUAllocateName)
                  0000fff6    0000003e     os.aem4f : task.oem4f (.text:TaskCreate)
                  00010034    0000003e     stk.aem4f : tcpprot.oem4f (.text:TcpPrDisconnect)
                  00010072    0000003e               : file.oem4f (.text:fdint_unlockfd)
                  000100b0    0000003c     nettool_ipv4.aem4f : config.oem4f (.text:CfgEntryGetData)
                  000100ec    0000003c     driverlib.lib : emac.obj (.text:EMACIntDisable)
                  00010128    0000003c     stk.aem4f : node.oem4f (.text:NodeUpdatePL)
                  00010164    0000003c               : rtable.oem4f (.text:RtWalkBegin)
                  000101a0    0000003c               : tcpprot.oem4f (.text:TcpPrConnect)
                  000101dc    0000003c               : tcptime.oem4f (.text:TcpSetPersist)
                  00010218    0000003c               : rtc.oem4f (.text:_RTCSendRtAdv)
                  00010254    0000003c               : rtable.oem4f (.text:_RtNodeRemove)
                  00010290    0000003c     hal_timer_bios.aem4f : lltimer.oem4f (.text:_llTimerInit)
                  000102cc    0000003c     stk.aem4f : fileuser.oem4f (.text:fdShare)
                  00010308    0000003c     sysbios.aem4f : BIOS.obj (.text:ti_sysbios_family_arm_m3_Hwi_excSvCall__I)
                  00010344    00000004     --HOLE-- [fill = 0]
                  00010348    0000003c                   : BIOS.obj (.text:ti_sysbios_heaps_HeapMem_init__I)
                  00010384    00000004     --HOLE-- [fill = 0]
                  00010388    0000003c                   : BIOS.obj (.text:ti_sysbios_knl_Swi_startup__E)
                  000103c4    0000003a     driverlib.lib : emac.obj (.text:EMACIntEnable)
                  000103fe    00000002     --HOLE-- [fill = 0]
                  00010400    00000038                   : emac.obj (.text:EMACConfigGet)
                  00010438    00000038     stk.aem4f : ipfrag.oem4f (.text:IPReasmTimeout)
                  00010470    00000038               : node.oem4f (.text:NodeGetRt)
                  000104a8    00000038     driverlib.lib : sysctl.obj (.text:SysCtlPeripheralReady)
                  000104e0    00000038     stk.aem4f : tcpprot.oem4f (.text:TcpClose)
                  00010518    00000038               : timer.oem4f (.text:TimerHSTick)
                  00010550    00000038     rtsv7M4_T_le_v4SPD16_eabi.lib : trgmsg.c.obj (.text:__TI_writemsg)
                  00010588    00000038     nettool_ipv4.aem4f : dhcpbild.oem4f (.text:dhcpBuildDiscover)
                  000105c0    00000038                        : dhcptags.oem4f (.text:dhcpOptionsClear)
                  000105f8    00000038     stk.aem4f : file.oem4f (.text:fdint_waitevent)
                  00010630    00000038     sysbios.aem4f : BIOS.obj (.text:ti_sysbios_family_arm_m3_Hwi_excNoIsr__I)
                  00010668    00000038     tcp_client_pem4f.oem4f (.text:ti_sysbios_knl_Clock_create)
                  000106a0    00000038     sysbios.aem4f : BIOS.obj (.text:ti_sysbios_knl_Task_processVitalTaskFlag__I)
                  000106d8    00000038     ti.targets.arm.rtsarm.aem4f : SysMin.oem4f (.text:xdc_runtime_SysMin_putch__E)
                  00010710    00000038                                 : System.oem4f (.text:xdc_runtime_System_atexit__E)
                  00010748    00000036     stk.aem4f : ip.oem4f (.text:IPChecksum)
                  0001077e    00000002     --HOLE-- [fill = 0]
                  00010780    00000034     nettool_ipv4.aem4f : config.oem4f (.text:CfgSetService)
                  000107b4    00000034     driverlib.lib : emac.obj (.text:EMACConfigSet)
                  000107e8    00000034                   : emac.obj (.text:EMACIntClear)
                  0001081c    00000034     drivers_tivaware.aem4f : EMACSnow.oem4f (.text:EMACSnow_emacPoll)
                  00010850    00000034                            : EMACSnow.oem4f (.text:EMACSnow_isLinkUp)
                  00010884    00000034                            : EMAC.oem4f (.text:EMAC_init)
                  000108b8    00000034     stk.aem4f : exec.oem4f (.text:ExecClose)
                  000108ec    00000034               : nimu.oem4f (.text:NIMUFindByName)
                  00010920    00000034               : nimu.oem4f (.text:NIMUInit)
                  00010954    00000034               : rawethsock.oem4f (.text:RawEthSockNotify)
                  00010988    00000034               : sockprot.oem4f (.text:SockPrCtlError)
                  000109bc    00000034     driverlib.lib : sysctl.obj (.text:SysCtlPeripheralEnable)
                  000109f0    00000034     rtsv7M4_T_le_v4SPD16_eabi.lib : trgmsg.c.obj (.text:__TI_readmsg)
                  00010a24    00000034     os.aem4f : mem.oem4f (.text:mmUnInitPage)
                  00010a58    00000034     sysbios.aem4f : BIOS.obj (.text:ti_sysbios_family_arm_m3_Hwi_Instance_finalize__E)
                  00010a8c    00000004     --HOLE-- [fill = 0]
                  00010a90    00000034                   : BIOS.obj (.text:ti_sysbios_family_arm_m3_Hwi_excNmi__I)
                  00010ac4    00000004     --HOLE-- [fill = 0]
                  00010ac8    00000034                   : BIOS.obj (.text:ti_sysbios_hal_Hwi_checkStack)
                  00010afc    00000034     tcp_client_pem4f.oem4f (.text:ti_sysbios_knl_Semaphore_create)
                  00010b30    00000034     ti.targets.arm.rtsarm.aem4f : Core-label.oem4f (.text:xdc_runtime_Core_assignLabel__I)
                  00010b64    00000033                                 : Text.oem4f (.text:xdc_runtime_Text_printVisFxn__I)
                  00010b97    00000001     --HOLE-- [fill = 0]
                  00010b98    00000032     nettool_ipv4.aem4f : config.oem4f (.text:CfgGetImmediate)
                  00010bca    00000032     stk.aem4f : route.oem4f (.text:RtDeRef)
                  00010bfc    00000032               : route.oem4f (.text:RtSetFailure)
                  00010c2e    00000032               : sb.oem4f (.text:SBFlush)
                  00010c60    00000032               : sb.oem4f (.text:SBSetMax)
                  00010c92    00000032               : sock.oem4f (.text:SockIntAbort)
                  00010cc4    00000032     nettool_ipv4.aem4f : config.oem4f (.text:_CfgAcquire)
                  00010cf6    00000032                        : dhcpsm.oem4f (.text:dhcpIPRemove)
                  00010d28    00000032     sysbios.aem4f : BIOS.obj (.text:ti_sysbios_hal_Hwi_initStack)
                  00010d5a    00000006     driverlib.lib : emac.obj (.text:EMACRxDMADescriptorListSet)
                  00010d60    00000032     sysbios.aem4f : BIOS.obj (.text:ti_sysbios_knl_Semaphore_pendTimeout__I)
                  00010d92    00000030     driverlib.lib : emac.obj (.text:EMACAddrSet)
                  00010dc2    00000002     --HOLE-- [fill = 0]
                  00010dc4    00000030     drivers_tivaware.aem4f : EMACSnow.oem4f (.text:EMACSnow_handlePackets)
                  00010df4    00000030     netctrl_min_ipv4.aem4f : netsrv.oem4f (.text:NS_PreBoot)
                  00010e24    00000030     stk.aem4f : sock.oem4f (.text:SockBind)
                  00010e54    00000030     nettool_ipv4.aem4f : dhcpsock.oem4f (.text:dhcpPacketSend)
                  00010e84    00000030     stk.aem4f : listlib.oem4f (.text:list_remove_node)
                  00010eb4    00000030     tcp_client_pem4f.oem4f (.text:ti_sysbios_BIOS_atExitFunc__I)
                  00010ee4    00000004     --HOLE-- [fill = 0]
                  00010ee8    00000030     sysbios.aem4f : BIOS.obj (.text:ti_sysbios_family_arm_m3_TaskSupport_start__E)
                  00010f18    00000030     tcp_client_pem4f.oem4f (.text:ti_sysbios_gates_GateHwi_Object__create__S)
                  00010f48    00000030     tcp_client_pem4f.oem4f (.text:ti_sysbios_gates_GateMutex_Object__create__S)
                  00010f78    00000030     tcp_client_pem4f.oem4f (.text:ti_sysbios_heaps_HeapMem_Object__create__S)
                  00010fa8    00000030     tcp_client_pem4f.oem4f (.text:ti_sysbios_knl_Semaphore_construct)
                  00010fd8    00000030     ti.targets.arm.rtsarm.aem4f : SysMin.oem4f (.text:xdc_runtime_SysMin_abort__E)
                  00011008    00000030                                 : System.oem4f (.text:xdc_runtime_System_processAtExit__E)
                  00011038    0000002e     stk.aem4f : sb.oem4f (.text:SBFree)
                  00011066    0000002c     driverlib.lib : emac.obj (.text:EMACIntStatus)
                  00011092    0000002c     stk.aem4f : file.oem4f (.text:FdSignalEvent)
                  000110be    00000002     --HOLE-- [fill = 0]
                  000110c0    0000002c               : igmp.oem4f (.text:IGMPTestGroup)
                  000110ec    0000002c     os.aem4f : task.oem4f (.text:NDK_hookCreate)
                  00011118    0000002c     stk.aem4f : nimu.oem4f (.text:NIMUAllocateIndex)
                  00011144    0000002c               : nimu.oem4f (.text:NIMUPacketServiceCheck)
                  00011170    0000002c               : pipe.oem4f (.text:PipeClose)
                  0001119c    0000002c               : sockpcb.oem4f (.text:SockPcbAttach)
                  000111c8    0000002c               : lli.oem4f (.text:_LLIExpListRemove)
                  000111f4    0000002c               : lli.oem4f (.text:_LLITimeoutFlush)
                  00011220    0000002c               : rtable.oem4f (.text:_RtExpListRemove)
                  0001124c    0000002c     tcp_client_pem4f.oem4f (.text:ti_sysbios_knl_Clock_doTick__I)
                  00011278    0000002c     tcp_client_pem4f.oem4f (.text:ti_sysbios_knl_Queue_construct)
                  000112a4    00000004     --HOLE-- [fill = 0]
                  000112a8    0000002c     sysbios.aem4f : BIOS.obj (.text:ti_sysbios_knl_Task_restore__E)
                  000112d4    0000002c     ti.targets.arm.rtsarm.aem4f : Text.oem4f (.text:xdc_runtime_Text_cordText__E)
                  00011300    0000002a     driverlib.lib : gpio.obj (.text:GPIODirModeSet)
                  0001132a    0000002a     stk.aem4f : pbm.oem4f (.text:PBMQ_deq)
                  00011354    0000002a     netctrl_min_ipv4.aem4f : netsrv.oem4f (.text:ServiceCallback)
                  0001137e    0000002a     nettool_ipv4.aem4f : config.oem4f (.text:_CfgRelease)
                  000113a8    0000002a     ti.targets.arm.rtsarm.aem4f : System.oem4f (.text:xdc_runtime_System_putchar__I)
                  000113d2    00000002     --HOLE-- [fill = 0]
                  000113d4    00000028     stk.aem4f : bind.oem4f (.text:BindFindByNet)
                  000113fc    00000028               : lli.oem4f (.text:LLIFree)
                  00011424    00000028     netctrl_min_ipv4.aem4f : netctrl.oem4f (.text:NC_SystemClose)
                  0001144c    00000028     stk.aem4f : nimu.oem4f (.text:NIMUCreatePacket)
                  00011474    00000028               : nimu.oem4f (.text:NIMUPacketService)
                  0001149c    00000028               : tcpin.oem4f (.text:TcpEnterTimeWait)
                  000114c4    00000028               : timer.oem4f (.text:TimerListRemove)
                  000114ec    00000028               : vlan.oem4f (.text:VLANFindSourceInterface)
                  00011514    00000028               : vlan.oem4f (.text:VLANInit)
                  0001153c    00000028     nettool_ipv4.aem4f : dhcpsock.oem4f (.text:dhcpPacketReceive)
                  00011564    00000028     drivers_tivaware.aem4f : EMACSnow.oem4f (.text:signalLinkChange)
                  0001158c    00000004     --HOLE-- [fill = 0]
                  00011590    00000028     sysbios.aem4f : BIOS.obj (.text:ti_sysbios_knl_Swi_Module_startup__E)
                  000115b8    00000026     nettool_ipv4.aem4f : config.oem4f (.text:CfgEntryInfo)
                  000115de    00000026     driverlib.lib : emac.obj (.text:EMACPHYRead)
                  00011604    00000026                   : emac.obj (.text:EMACPHYWrite)
                  0001162a    00000026     stk.aem4f : rawethsock.oem4f (.text:RawEthSockClose)
                  00011650    00000026     tcp_client_pem4f.oem4f (.text:ti_ndk_config_udp_init)
                  00011676    00000026     sysbios.aem4f : m3_Hwi_asm.obj (.text:ti_sysbios_family_arm_m3_Hwi_pendSV__I)
                  0001169c    00000026     ti.targets.arm.rtsarm.aem4f : System.oem4f (.text:xdc_runtime_System_avprintf__E)
                  000116c2    00000002     --HOLE-- [fill = 0]
                  000116c4    00000024     stk.aem4f : bind.oem4f (.text:BindFindByHost)
                  000116e8    00000024               : bind.oem4f (.text:BindGetIFByDBCast)
                  0001170c    00000024     drivers_tivaware.aem4f : EMACSnow.oem4f (.text:EMACSnow_pkt_service)
                  00011730    00000024                            : EMACSnow.oem4f (.text:EMACSnow_primeRx)
                  00011754    00000024     stk.aem4f : exec.oem4f (.text:ExecTimer)
                  00011778    00000024               : nimu.oem4f (.text:NIMUFindByIndex)
                  0001179c    00000024               : rtc.oem4f (.text:RTCAddHook)
                  000117c0    00000024               : rawethsock_pcb.oem4f (.text:RawEthSockPcbFind)
                  000117e4    00000024               : route.oem4f (.text:RtFree)
                  00011808    00000024               : route.oem4f (.text:RtSetTimeout)
                  0001182c    00000024               : sockpcb.oem4f (.text:SockPcbCleanup)
                  00011850    00000024               : tcptime.oem4f (.text:TcpTimeoutWait2)
                  00011874    00000024     nettool_ipv4.aem4f : config.oem4f (.text:_CfgEntryProcess)
                  00011898    00000024     tcp_client_pem4f.oem4f (.text:ti_sysbios_BIOS_errorRaiseHook__I)
                  000118bc    00000024     tcp_client_pem4f.oem4f (.text:ti_sysbios_BIOS_registerRTSLock__I)
                  000118e0    00000024     tcp_client_pem4f.oem4f (.text:ti_sysbios_BIOS_removeRTSLock__I)
                  00011904    00000024     tcp_client_pem4f.oem4f (.text:ti_sysbios_BIOS_startFunc__I)
                  00011928    00000024     sysbios.aem4f : BIOS.obj (.text:ti_sysbios_family_arm_m3_Hwi_doTaskRestore__I)
                  0001194c    00000024     tcp_client_pem4f.oem4f (.text:ti_sysbios_gates_GateMutex_Object__delete__S)
                  00011970    00000024     sysbios.aem4f : BIOS.obj (.text:ti_sysbios_knl_Clock_Module_startup__E)
                  00011994    00000024     tcp_client_pem4f.oem4f (.text:ti_sysbios_knl_Semaphore_Object__delete__S)
                  000119b8    00000024     ti.targets.arm.rtsarm.aem4f : System.oem4f (.text:xdc_runtime_System_vprintf__E)
                  000119dc    00000022     nettool_ipv4.aem4f : config.oem4f (.text:CfgEntryRef)
                  000119fe    00000022     stk.aem4f : vlan.oem4f (.text:VLANFindNode)
                  00011a20    00000022     sysbios.aem4f : BIOS.obj (.text:ti_sysbios_family_arm_lm4_Timer_write__I)
                  00011a42    00000022     tcp_client_pem4f.oem4f (.text:xdc_runtime_SysMin_output__I)
                  00011a64    00000020     netctrl_min_ipv4.aem4f : netctrl.oem4f (.text:NC_BootComplete)
                  00011a84    00000020     stk.aem4f : nimu.oem4f (.text:NIMUGetNumOfObject)
                  00011aa4    00000020               : rtc.oem4f (.text:RTCRemoveHook)
                  00011ac4    00000020               : tcp.oem4f (.text:TcpTimeoutRemove)
                  00011ae4    00000020     Boot.aem4f : Boot_sysctl.oem4f (.text:_SysCtlMemTimingGet)
                  00011b04    00000020     tcp_client_pem4f.oem4f (.text:ti_sysbios_BIOS_rtsLock__I)
                  00011b24    00000020     tcp_client_pem4f.oem4f (.text:ti_sysbios_family_arm_m3_Hwi_Object__delete__S)
                  00011b44    00000020     sysbios.aem4f : m3_Hwi_asm.obj (.text:ti_sysbios_family_arm_m3_Hwi_excHandlerAsm__I)
                  00011b64    00000004     --HOLE-- [fill = 0]
                  00011b68    00000020                   : BIOS.obj (.text:ti_sysbios_family_arm_m3_Hwi_excHandler__I)
                  00011b88    00000020     tcp_client_pem4f.oem4f (.text:ti_sysbios_gates_GateHwi_Object__delete__S)
                  00011ba8    00000020     tcp_client_pem4f.oem4f (.text:ti_sysbios_heaps_HeapMem_Object__delete__S)
                  00011bc8    00000020     sysbios.aem4f : BIOS.obj (.text:ti_sysbios_knl_Idle_run__E)
                  00011be8    00000020     tcp_client_pem4f.oem4f (.text:ti_sysbios_knl_Semaphore_Object__destruct__S)
                  00011c08    00000020     tcp_client_pem4f.oem4f (.text:ti_sysbios_knl_Swi_Object__delete__S)
                  00011c28    00000020     tcp_client_pem4f.oem4f (.text:ti_sysbios_knl_Task_Object__delete__S)
                  00011c48    00000020     ti.targets.arm.rtsarm.aem4f : Registry.oem4f (.text:xdc_runtime_Registry_findById__E)
                  00011c68    00000020                                 : SysMin.oem4f (.text:xdc_runtime_SysMin_Module_startup__E)
                  00011c88    0000001e     stk.aem4f : fileuser.oem4f (.text:fdError)
                  00011ca6    0000001e               : listlib.oem4f (.text:list_remove)
                  00011cc4    0000001e     sysbios.aem4f : m3_Hwi_asm_switch.obj (.text:ti_sysbios_family_xxx_Hwi_switchAndRunFunc)
                  00011ce2    00000002     --HOLE-- [fill = 0]
                  00011ce4    0000001c     stk.aem4f : bind.oem4f (.text:BindFindByIF)
                  00011d00    0000001c               : exec.oem4f (.text:ExecBroadcast)
                  00011d1c    0000001c     os.aem4f : ossys.oem4f (.text:NDK_sprintf)
                  00011d38    0000001c     stk.aem4f : nimu.oem4f (.text:NIMUAddHeader)
                  00011d54    0000001c               : sockprot.oem4f (.text:SockPrDetach)
                  00011d70    0000001c     os.aem4f : task.oem4f (.text:TaskDestroy)
                  00011d8c    0000001c     driverlib.lib : sysctl.obj (.text:_SysCtlMemTimingGet)
                  00011da8    0000001c     drivers_tivaware.aem4f : GPIOTiva.oem4f (.text:getGpioIntIndex)
                  00011dc4    0000001c     tcp_client_pem4f.oem4f (.text:ti_ndk_config_global_taskCreateHook)
                  00011de0    0000001c     sysbios.aem4f : BIOS.obj (.text:ti_sysbios_gates_GateMutex_Instance_init__E)
                  00011dfc    0000001c     tcp_client_pem4f.oem4f (.text:ti_sysbios_knl_Queue_Object__destruct__S)
                  00011e18    0000001c     sysbios.aem4f : BIOS.obj (.text:ti_sysbios_knl_Task_enter__I)
                  00011e34    0000001c     ti.targets.arm.rtsarm.aem4f : Error.oem4f (.text:xdc_runtime_Error_raiseX__E)
                  00011e50    0000001c                                 : Memory.oem4f (.text:xdc_runtime_Memory_valloc__E)
                  00011e6c    0000001c                                 : SysMin.oem4f (.text:xdc_runtime_SysMin_exit__E)
                  00011e88    0000001c                                 : System.oem4f (.text:xdc_runtime_System_abort__E)
                  00011ea4    0000001a     stk.aem4f : bind.oem4f (.text:BindGetIP)
                  00011ebe    0000001a               : sockint.oem4f (.text:SockSetOOBMark)
                  00011ed8    0000001a               : file.oem4f (.text:fdint_getfdt)
                  00011ef2    0000001a     tcp_client_pem4f.oem4f (.text:ti_sysbios_family_arm_m3_Hwi_Handle__label__S)
                  00011f0c    0000001a     tcp_client_pem4f.oem4f (.text:ti_sysbios_gates_GateHwi_Handle__label__S)
                  00011f26    0000001a     tcp_client_pem4f.oem4f (.text:ti_sysbios_gates_GateMutex_Handle__label__S)
                  00011f40    0000001a     tcp_client_pem4f.oem4f (.text:ti_sysbios_heaps_HeapMem_Handle__label__S)
                  00011f5a    0000001a     tcp_client_pem4f.oem4f (.text:ti_sysbios_knl_Swi_Handle__label__S)
                  00011f74    0000001a     tcp_client_pem4f.oem4f (.text:ti_sysbios_knl_Task_Handle__label__S)
                  00011f8e    00000002     --HOLE-- [fill = 0]
                  00011f90    0000001a     sysbios.aem4f : BIOS.obj (.text:ti_sysbios_knl_Task_sleepTimeout__I)
                  00011faa    0000001a     tcp_client_pem4f.oem4f (.text:xdc_runtime_System_aprintf__E)
                  00011fc4    0000001a     tcp_client_pem4f.oem4f (.text:xdc_runtime_System_printf__E)
                  00011fde    00000002     --HOLE-- [fill = 0]
                  00011fe0    00000018     drivers_tivaware.aem4f : EMACSnow.oem4f (.text:EMACSnow_emacSend)
                  00011ff8    00000018     stk.aem4f : ip.oem4f (.text:IPRtChange)
                  00012010    00000018               : rawethsock_pcb.oem4f (.text:RawEthSockPcbCleanup)
                  00012028    00000018     nettool_ipv4.aem4f : ipaddr.oem4f (.text:RouteHook)
                  00012040    00000018     stk.aem4f : tcpin.oem4f (.text:SEQ_GEQ)
                  00012058    00000018               : tcpout.oem4f (.text:SEQ_GEQ)
                  00012070    00000018               : tcpin.oem4f (.text:SEQ_GT)
                  00012088    00000018               : tcpout.oem4f (.text:SEQ_GT)
                  000120a0    00000018               : tcpin.oem4f (.text:SEQ_LEQ)
                  000120b8    00000018               : tcpout.oem4f (.text:SEQ_LEQ)
                  000120d0    00000018               : tcpin.oem4f (.text:SEQ_LT)
                  000120e8    00000018               : tcpout.oem4f (.text:SEQ_LT)
                  00012100    00000018               : tcp.oem4f (.text:TcpTimeoutAdd)
                  00012118    00000018     rtsv7M4_T_le_v4SPD16_eabi.lib : args_main.c.obj (.text:_args_main)
                  00012130    00000018     nettool_ipv4.aem4f : dhcpsock.oem4f (.text:dhcpSocketClose)
                  00012148    00000018     stk.aem4f : listlib.oem4f (.text:list_add)
                  00012160    00000018     rtsv7M4_T_le_v4SPD16_eabi.lib : strcmp.c.obj (.text:strcmp)
                  00012178    00000018     tcp_client_pem4f.oem4f (.text:ti_sysbios_BIOS_rtsUnlock__I)
                  00012190    00000018     tcp_client_pem4f.oem4f (.text:ti_sysbios_family_arm_lm4_Timer_Module__startupDone__F)
                  000121a8    00000018     tcp_client_pem4f.oem4f (.text:ti_sysbios_family_arm_m3_Hwi_Module__startupDone__F)
                  000121c0    00000018     sysbios.aem4f : m3_TaskSupport_asm.obj (.text:ti_sysbios_family_arm_m3_TaskSupport_swap__E)
                  000121d8    00000018                   : BIOS.obj (.text:ti_sysbios_gates_GateMutex_leave__E)
                  000121f0    00000018     ti.targets.arm.rtsarm.aem4f : Error.oem4f (.text:xdc_runtime_Error_check__E)
                  00012208    00000018                                 : System.oem4f (.text:xdc_runtime_System_exit__E)
                  00012220    00000018                                 : Text.oem4f (.text:xdc_runtime_Text_ropeText__E)
                  00012238    00000016     driverlib.lib : emac.obj (.text:EMACReset)
                  0001224e    00000016                   : emac.obj (.text:EMACRxEnable)
                  00012264    00000016                   : emac.obj (.text:EMACTxEnable)
                  0001227a    00000016     stk.aem4f : file.oem4f (.text:fdint_freefdt)
                  00012290    00000016     tcp_client_pem4f.oem4f (.text:ti_sysbios_BIOS_exitFunc__I)
                  000122a6    00000016     tcp_client.obj (.text:ti_sysbios_knl_Task_Params_init)
                  000122bc    00000016     ti.targets.arm.rtsarm.aem4f : System.oem4f (.text:xdc_runtime_System_vsprintf__E)
                  000122d2    00000014     stk.aem4f : bind.oem4f (.text:BindIPHost2IF)
                  000122e6    00000002     --HOLE-- [fill = 0]
                  000122e8    00000014     driverlib.lib : flash.obj (.text:FlashUserGet)
                  000122fc    00000014     netctrl_min_ipv4.aem4f : netctrl.oem4f (.text:NC_NetStop)
                  00012310    00000014     os.aem4f : task.oem4f (.text:NDK_hookExit)
                  00012324    00000014     stk.aem4f : nimu.oem4f (.text:NIMUSendPacket)
                  00012338    00000014     nettool_ipv4.aem4f : ipaddr.oem4f (.text:NtRemoveNetwork)
                  0001234c    00000014     stk.aem4f : rawethsock_pcb.oem4f (.text:RawEthSockPcbInit)
                  00012360    00000014               : timer.oem4f (.text:TimerFree)
                  00012374    00000014     rtsv7M4_T_le_v4SPD16_eabi.lib : strcpy.c.obj (.text:strcpy)
                  00012388    00000014                                   : strlen.c.obj (.text:strlen)
                  0001239c    00000014     tcp_client_pem4f.oem4f (.text:ti_ndk_config_global_taskExitHook)
                  000123b0    00000014     tcp_client_pem4f.oem4f (.text:ti_sysbios_family_arm_m3_Hwi_Object__get__S)
                  000123c4    00000004     --HOLE-- [fill = 0]
                  000123c8    00000014     sysbios.aem4f : BIOS.obj (.text:ti_sysbios_family_arm_m3_Hwi_switchFromBootStack__E)
                  000123dc    00000014     tcp_client_pem4f.oem4f (.text:ti_sysbios_heaps_HeapMem_Object__get__S)
                  000123f0    00000014     tcp_client_pem4f.oem4f (.text:ti_sysbios_knl_Swi_Object__get__S)
                  00012404    00000014     tcp_client_pem4f.oem4f (.text:ti_sysbios_knl_Task_Object__first__S)
                  00012418    00000014     tcp_client_pem4f.oem4f (.text:ti_sysbios_knl_Task_Object__next__S)
                  0001242c    00000012     driverlib.lib : gpio.obj (.text:GPIOPinTypeEthernetLED)
                  0001243e    00000012     stk.aem4f : sockprot.oem4f (.text:SockPrAttach)
                  00012450    00000012               : sockint.oem4f (.text:SockSetOOBData)
                  00012462    00000012     nettool_ipv4.aem4f : inetaddr.oem4f (.text:inet_addr)
                  00012474    00000004     --HOLE-- [fill = 0]
                  00012478    00000012     sysbios.aem4f : BIOS.obj (.text:ti_sysbios_hal_Hwi_Module_startup__E)
                  0001248a    00000006     driverlib.lib : emac.obj (.text:EMACTxDMADescriptorListSet)
                  00012490    00000012     sysbios.aem4f : BIOS.obj (.text:ti_sysbios_knl_Semaphore_reset__E)
                  000124a2    00000012     tcp_client_pem4f.oem4f (.text:xdc_runtime_Startup_exec__I)
                  000124b4    00000010     tcp_client_pem4f.oem4f (.text:.bootCodeSection:ti_catalog_arm_cortexm4_tiva_ce_Boot_init__I)
                  000124c4    00000010     stk.aem4f : bind.oem4f (.text:BindIF2IPHost)
                  000124d4    00000010               : bind.oem4f (.text:BindIFNet2IPHost)
                  000124e4    00000010     driverlib.lib : emac.obj (.text:EMACFrameFilterSet)
                  000124f4    00000010     stk.aem4f : exec.oem4f (.text:ExecHRef)
                  00012504    00000010     netctrl_min_ipv4.aem4f : netctrl.oem4f (.text:NC_IPUpdate)
                  00012514    00000010     stk.aem4f : nimu.oem4f (.text:NIMUGetRsvdSizeInfo)
                  00012524    00000010     tcp_client.obj (.text:delay)
                  00012534    00000004     --HOLE-- [fill = 0]
                  00012538    00000010     sysbios.aem4f : BIOS.obj (.text:ti_sysbios_BIOS_getCpuFreq__E)
                  00012548    00000010                   : BIOS.obj (.text:ti_sysbios_BIOS_setThreadType__E)
                  00012558    00000010                   : BIOS.obj (.text:ti_sysbios_BIOS_start__E)
                  00012568    00000010                   : m3_TaskSupport_asm.obj (.text:ti_sysbios_family_arm_m3_TaskSupport_glue)
                  00012578    00000010                   : BIOS.obj (.text:ti_sysbios_gates_GateMutex_Instance_finalize__E)
                  00012588    00000010                   : BIOS.obj (.text:ti_sysbios_knl_Semaphore_Instance_finalize__E)
                  00012598    00000010                   : BIOS.obj (.text:ti_sysbios_knl_Swi_disable__E)
                  000125a8    00000010     tcp_client_pem4f.oem4f (.text:ti_sysbios_knl_Task_Object__get__S)
                  000125b8    00000010     sysbios.aem4f : BIOS.obj (.text:ti_sysbios_knl_Task_disable__E)
                  000125c8    00000010     ti.targets.arm.rtsarm.aem4f : Gate.oem4f (.text:xdc_runtime_Gate_leaveSystem__E)
                  000125d8    00000010                                 : Memory.oem4f (.text:xdc_runtime_Memory_free__E)
                  000125e8    00000010                                 : SysMin.oem4f (.text:xdc_runtime_SysMin_ready__E)
                  000125f8    00000010                                 : System.oem4f (.text:xdc_runtime_System_vsnprintf__E)
                  00012608    00000010     tcp_client_pem4f.oem4f (.text:xdc_runtime_Text_visitRope__I)
                  00012618    0000000e     drivers_tivaware.aem4f : EMACSnow.oem4f (.text:EMACSnow_emacioctl)
                  00012626    0000000e     stk.aem4f : exec.oem4f (.text:ExecLowResource)
                  00012634    0000000e     driverlib.lib : gpio.obj (.text:GPIOIntStatus)
                  00012642    0000000e     rtsv7M4_T_le_v4SPD16_eabi.lib : copy_decompress_none.c.obj (.text:decompress:none:__TI_decompress_none)
                  00012650    0000000e     sysbios.aem4f : BIOS.obj (.text:ti_sysbios_knl_Idle_loop__E)
                  0001265e    00000002     --HOLE-- [fill = 0]
                  00012660    0000000e                   : BIOS.obj (.text:ti_sysbios_knl_Queue_empty__E)
                  0001266e    00000002     --HOLE-- [fill = 0]
                  00012670    0000000c     stk.aem4f : bind.oem4f (.text:BindGetFirst)
                  0001267c    0000000c     nettool_ipv4.aem4f : config.oem4f (.text:CfgSetDefault)
                  00012688    0000000c     drivers_tivaware.aem4f : EMACSnow.oem4f (.text:EMACSnow_init)
                  00012694    0000000c     os.aem4f : task.oem4f (.text:NDK_hookInit)
                  000126a0    0000000c     stk.aem4f : nimu.oem4f (.text:NIMUSetRsvdSizeInfo)
                  000126ac    0000000c     os.aem4f : task.oem4f (.text:NotifyLowResource)
                  000126b8    0000000c     stk.aem4f : pbm.oem4f (.text:PBM_close)
                  000126c4    0000000c     os.aem4f : semaphore.oem4f (.text:SemDelete)
                  000126d0    0000000c     hal_timer_bios.aem4f : lltimer.oem4f (.text:_llTimerShutdown)
                  000126dc    0000000c     rtsv7M4_T_le_v4SPD16_eabi.lib : _lock.c.obj (.text:_register_lock)
                  000126e8    0000000c                                   : _lock.c.obj (.text:_register_unlock)
                  000126f4    0000000c                                   : copy_zero_init.c.obj (.text:decompress:ZI:__TI_zero_init)
                  00012700    0000000c     hal_timer_bios.aem4f : lltimer.oem4f (.text:llTimerGetStartTime)
                  0001270c    00000004     --HOLE-- [fill = 0]
                  00012710    0000000c     sysbios.aem4f : BIOS.obj (.text:ti_sysbios_BIOS_getThreadType__E)
                  0001271c    00000004     --HOLE-- [fill = 0]
                  00012720    0000000c                   : BIOS.obj (.text:ti_sysbios_family_arm_lm4_Timer_getMaxTicks__E)
                  0001272c    0000000c     tcp_client_pem4f.oem4f (.text:ti_sysbios_family_arm_m3_Hwi_Params__init__S)
                  00012738    0000000c     sysbios.aem4f : BIOS.obj (.text:ti_sysbios_family_arm_m3_Hwi_disableFxn__E)
                  00012744    00000004     --HOLE-- [fill = 0]
                  00012748    0000000c                   : BIOS.obj (.text:ti_sysbios_family_arm_m3_TaskSupport_checkStack__E)
                  00012754    00000004     --HOLE-- [fill = 0]
                  00012758    0000000c                   : BIOS.obj (.text:ti_sysbios_family_arm_m3_TaskSupport_getStackAlignment__E)
                  00012764    00000004     --HOLE-- [fill = 0]
                  00012768    0000000c                   : BIOS.obj (.text:ti_sysbios_gates_GateHwi_enter__E)
                  00012774    0000000c     tcp_client_pem4f.oem4f (.text:ti_sysbios_knl_Clock_Params__init__S)
                  00012780    0000000c     sysbios.aem4f : BIOS.obj (.text:ti_sysbios_knl_Clock_getTicks__E)
                  0001278c    0000000c     tcp_client_pem4f.oem4f (.text:ti_sysbios_knl_Queue_Object__get__S)
                  00012798    0000000c     tcp_client_pem4f.oem4f (.text:ti_sysbios_knl_Semaphore_Params__init__S)
                  000127a4    0000000c     tcp_client_pem4f.oem4f (.text:ti_sysbios_knl_Task_Params__init__S)
                  000127b0    0000000c     sysbios.aem4f : BIOS.obj (.text:ti_sysbios_knl_Task_getIdleTask__E)
                  000127bc    00000004     --HOLE-- [fill = 0]
                  000127c0    0000000c                   : BIOS.obj (.text:ti_sysbios_knl_Task_self__E)
                  000127cc    0000000c     ti.targets.arm.rtsarm.aem4f : Error.oem4f (.text:xdc_runtime_Error_init__E)
                  000127d8    0000000c                                 : Gate.oem4f (.text:xdc_runtime_Gate_enterSystem__E)
                  000127e4    0000000c                                 : Memory.oem4f (.text:xdc_runtime_Memory_calloc__E)
                  000127f0    0000000c                                 : Memory.oem4f (.text:xdc_runtime_Memory_getMaxDefaultTypeAlign__E)
                  000127fc    0000000a     stk.aem4f : file.oem4f (.text:fdint_signalevent)
                  00012806    0000000a               : file.oem4f (.text:fdint_signaltimeout)
                  00012810    0000000a     tcp_client_pem4f.oem4f (.text:xdc_runtime_IHeap_alloc)
                  0001281a    0000000a     tcp_client_pem4f.oem4f (.text:xdc_runtime_IHeap_free)
                  00012824    00000008     EK_TM4C1294XL.obj (.text:EK_TM4C1294XL_initGPIO)
                  0001282c    00000008     driverlib.lib : emac.obj (.text:EMACTxDMAPollDemand)
                  00012834    00000008     stk.aem4f : node.oem4f (.text:NodeFree)
                  0001283c    00000008     os.aem4f : task.oem4f (.text:TaskBlock)
                  00012844    00000008     sysbios.aem4f : BIOS.obj (.text:ti_sysbios_family_arm_lm4_Timer_masterDisable__I)
                  0001284c    00000004     --HOLE-- [fill = 0]
                  00012850    00000008                   : BIOS.obj (.text:ti_sysbios_family_arm_m3_Hwi_doSwiRestore__I)
                  00012858    00000008                   : BIOS.obj (.text:ti_sysbios_family_arm_m3_Hwi_startup__E)
                  00012860    00000008                   : BIOS.obj (.text:ti_sysbios_knl_Task_getHookContext__E)
                  00012868    00000008                   : BIOS.obj (.text:ti_sysbios_knl_Task_setHookContext__E)
                  00012870    00000006     driverlib.lib : gpio.obj (.text:GPIOIntClear)
                  00012876    00000006                   : gpio.obj (.text:GPIOPinWrite)
                  0001287c    00000006                   : sysctl.obj (.text:SysCtlDelay)
                  00012882    00000006     stk.aem4f : tcpprot.oem4f (.text:TcpPrRecv)
                  00012888    00000006     ti.targets.arm.rtsarm.aem4f : xdc_noinit.oem4f (.text:__xdc__init)
                  0001288e    00000002     --HOLE-- [fill = 0]
                  00012890    00000006     sysbios.aem4f : BIOS.obj (.text:ti_sysbios_family_arm_m3_Hwi_restoreFxn__E)
                  00012896    00000002     --HOLE-- [fill = 0]
                  00012898    00000006                   : BIOS.obj (.text:ti_sysbios_gates_GateHwi_leave__E)
                  0001289e    00000002     --HOLE-- [fill = 0]
                  000128a0    00000006                   : BIOS.obj (.text:ti_sysbios_heaps_HeapMem_isBlocking__E)
                  000128a6    00000002     --HOLE-- [fill = 0]
                  000128a8    00000006                   : BIOS.obj (.text:ti_sysbios_knl_Queue_Instance_init__E)
                  000128ae    00000006     ti.targets.arm.rtsarm.aem4f : System.oem4f (.text:xdc_runtime_System_Module_startup__E)
                  000128b4    00000004     --HOLE-- [fill = 0]
                  000128b8    00000004     sysbios.aem4f : BIOS.obj (.text:ti_sysbios_gates_GateHwi_query__E)
                  000128bc    00000004     --HOLE-- [fill = 0]
                  000128c0    00000004                   : BIOS.obj (.text:ti_sysbios_gates_GateMutex_query__E)
                  000128c4    00000004     --HOLE-- [fill = 0]
                  000128c8    00000004                   : BIOS.obj (.text:ti_sysbios_knl_Task_startup__E)
                  000128cc    00000004     --HOLE-- [fill = 0]
                  000128d0    00000002                   : BIOS.obj (.text:ti_sysbios_gates_GateHwi_Instance_init__E)

.const     0    000128d4    000026be     
                  000128d4    0000191d     tcp_client_pem4f.oem4f (.const:xdc_runtime_Text_charTab__A)
                  000141f1    00000001     tcp_client_pem4f.oem4f (.const:xdc_runtime_Error_policy__C)
                  000141f2    00000002     tcp_client_pem4f.oem4f (.const:ti_catalog_arm_cortexm4_tiva_ce_Boot_Module__id__C)
                  000141f4    00000120     Boot.aem4f : Boot_sysctl.oem4f (.const:g_pppui32XTALtoVCO)
                  00014314    00000120     driverlib.lib : sysctl.obj (.const:g_pppui32XTALtoVCO)
                  00014434    00000104     tcp_client_pem4f.oem4f (.const:.string)
                  00014538    000000d4     tcp_client_pem4f.oem4f (.const:xdc_runtime_Text_nodeTab__A)
                  0001460c    00000090     driverlib.lib : gpio.obj (.const:g_pui32GPIOBaseAddrs)
                  0001469c    0000006c     Boot.aem4f : Boot_sysctl.oem4f (.const:g_pui32Xtals)
                  00014708    0000006c     driverlib.lib : sysctl.obj (.const:g_pui32Xtals)
                  00014774    00000054     drivers_tivaware.aem4f : GPIOTiva.oem4f (.const:.string)
                  000147c8    00000054     stk.aem4f : sockprot.oem4f (.const:Code2Err)
                  0001481c    00000048     drivers_tivaware.aem4f : GPIOTiva.oem4f (.const:gpioBaseAddresses)
                  00014864    0000003e     stk.aem4f : rtc.oem4f (.const:.string)
                  000148a2    00000002     tcp_client_pem4f.oem4f (.const:ti_sysbios_family_arm_m3_Hwi_Module__id__C)
                  000148a4    0000003c     tcp_client_pem4f.oem4f (.const:ti_sysbios_knl_Task_Object__PARAMS__C)
                  000148e0    00000030     Boot.aem4f : Boot_sysctl.oem4f (.const:g_sXTALtoMEMTIM)
                  00014910    00000030     driverlib.lib : sysctl.obj (.const:g_sXTALtoMEMTIM)
                  00014940    00000030     tcp_client_pem4f.oem4f (.const:ti_sysbios_family_arm_m3_Hwi_Object__PARAMS__C)
                  00014970    00000028     tcp_client.obj (.const:.string:$P$T0$1)
                  00014998    00000028     tcp_client_pem4f.oem4f (.const:ti_sysbios_heaps_HeapMem_Module__FXNS__C)
[...]
00014dcc  ti_sysbios_heaps_HeapMem_Module__diagsMask__C                        
00014dd0  ti_sysbios_heaps_HeapMem_Module__gateObj__C                          
00014dd4  ti_sysbios_heaps_HeapMem_Object__count__C                            
00014dd8  ti_sysbios_heaps_HeapMem_reqAlign__C                                 
00014ddc  ti_sysbios_knl_Clock_A_badThreadType__C                              
00014de0  ti_sysbios_knl_Clock_LM_begin__C                                     
00014de4  ti_sysbios_knl_Clock_LM_tick__C                                      
00014de8  ti_sysbios_knl_Clock_LW_delayed__C                                   
00014dec  ti_sysbios_knl_Clock_Module_State_clockQ__O                          
00014df0  ti_sysbios_knl_Clock_Module__diagsEnabled__C                         
00014df4  ti_sysbios_knl_Clock_Module__diagsIncluded__C                        
00014df8  ti_sysbios_knl_Clock_Module__diagsMask__C                            
00014dfc  ti_sysbios_knl_Clock_Module__loggerFxn1__C                           
00014e00  ti_sysbios_knl_Clock_Module__loggerFxn2__C                           
00014e04  ti_sysbios_knl_Clock_Module__loggerObj__C                            
00014e08  ti_sysbios_knl_Semaphore_A_badContext__C                             
00014e0c  ti_sysbios_knl_Semaphore_A_noEvents__C                               
00014e10  ti_sysbios_knl_Semaphore_A_overflow__C                               
00014e14  ti_sysbios_knl_Semaphore_A_pendTaskDisabled__C                       
00014e18  ti_sysbios_knl_Semaphore_Instance_State_pendQ__O                     
00014e1c  ti_sysbios_knl_Semaphore_LM_pend__C                                  
00014e20  ti_sysbios_knl_Semaphore_LM_post__C                                  
00014e24  ti_sysbios_knl_Semaphore_Module__diagsEnabled__C                     
00014e28  ti_sysbios_knl_Semaphore_Module__diagsIncluded__C                    
00014e2c  ti_sysbios_knl_Semaphore_Module__diagsMask__C                        
00014e30  ti_sysbios_knl_Semaphore_Module__loggerFxn2__C                       
00014e34  ti_sysbios_knl_Semaphore_Module__loggerFxn4__C                       
00014e38  ti_sysbios_knl_Semaphore_Module__loggerObj__C                        
00014e3c  ti_sysbios_knl_Swi_A_badPriority__C                                  
00014e40  ti_sysbios_knl_Swi_LD_end__C                                         
00014e44  ti_sysbios_knl_Swi_LM_begin__C                                       
00014e48  ti_sysbios_knl_Swi_LM_post__C                                        
00014e4c  ti_sysbios_knl_Swi_Module__diagsEnabled__C                           
00014e50  ti_sysbios_knl_Swi_Module__diagsIncluded__C                          
00014e54  ti_sysbios_knl_Swi_Module__diagsMask__C                              
00014e58  ti_sysbios_knl_Swi_Module__loggerFxn1__C                             
00014e5c  ti_sysbios_knl_Swi_Module__loggerFxn4__C                             
00014e60  ti_sysbios_knl_Swi_Module__loggerObj__C                              
00014e64  ti_sysbios_knl_Swi_Object__count__C                                  
00014e68  ti_sysbios_knl_Task_A_badPriority__C                                 
00014e6c  ti_sysbios_knl_Task_A_badTaskState__C                                
00014e70  ti_sysbios_knl_Task_A_badThreadType__C                               
00014e74  ti_sysbios_knl_Task_A_badTimeout__C                                  
00014e78  ti_sysbios_knl_Task_A_noPendElem__C                                  
00014e7c  ti_sysbios_knl_Task_A_sleepTaskDisabled__C                           
00014e80  ti_sysbios_knl_Task_E_deleteNotAllowed__C                            
00014e84  ti_sysbios_knl_Task_E_spOutOfBounds__C                               
00014e88  ti_sysbios_knl_Task_E_stackOverflow__C                               
00014e8c  ti_sysbios_knl_Task_LD_block__C                                      
00014e90  ti_sysbios_knl_Task_LD_exit__C                                       
00014e94  ti_sysbios_knl_Task_LD_ready__C                                      
00014e98  ti_sysbios_knl_Task_LM_setPri__C                                     
00014e9c  ti_sysbios_knl_Task_LM_sleep__C                                      
00014ea0  ti_sysbios_knl_Task_LM_switch__C                                     
00014ea4  ti_sysbios_knl_Task_Module_State_inactiveQ__O                        
00014ea8  ti_sysbios_knl_Task_Module_State_terminatedQ__O                      
00014eac  ti_sysbios_knl_Task_Module__diagsEnabled__C                          
00014eb0  ti_sysbios_knl_Task_Module__diagsIncluded__C                         
00014eb4  ti_sysbios_knl_Task_Module__diagsMask__C                             
00014eb8  ti_sysbios_knl_Task_Module__loggerFxn2__C                            
00014ebc  ti_sysbios_knl_Task_Module__loggerFxn4__C                            
00014ec0  ti_sysbios_knl_Task_Module__loggerObj__C                             
00014ec4  ti_sysbios_knl_Task_Object__count__C                                 
00014ec8  ti_sysbios_knl_Task_Object__heap__C                                  
00014ecc  ti_sysbios_knl_Task_allBlockedFunc__C                                
00014ed0  ti_sysbios_knl_Task_defaultStackHeap__C                              
00014ed4  ti_sysbios_knl_Task_defaultStackSize__C                              
00014ed8  ti_sysbios_knl_Task_numConstructedTasks__C                           
00014edc  xdc_runtime_Assert_E_assertFailed__C                                 
00014ee0  xdc_runtime_Core_A_initializedParams__C                              
00014ee4  xdc_runtime_Core_Module__diagsEnabled__C                             
00014ee8  xdc_runtime_Core_Module__diagsIncluded__C                            
00014eec  xdc_runtime_Core_Module__diagsMask__C                                
00014ef0  xdc_runtime_Error_E_memory__C                                        
00014ef4  xdc_runtime_Error_Module__diagsEnabled__C                            
00014ef8  xdc_runtime_Error_Module__diagsIncluded__C                           
00014efc  xdc_runtime_Error_Module__diagsMask__C                               
00014f00  xdc_runtime_Error_Module__loggerFxn8__C                              
00014f04  xdc_runtime_Error_Module__loggerObj__C                               
00014f08  xdc_runtime_Error_policyFxn__C                                       
00014f0c  xdc_runtime_Error_raiseHook__C                                       
00014f10  xdc_runtime_IGateProvider_Interface__BASE__C                         
00014f14  xdc_runtime_IHeap_Interface__BASE__C                                 
00014f18  xdc_runtime_IModule_Interface__BASE__C                               
00014f1c  xdc_runtime_Log_L_error__C                                           
00014f20  xdc_runtime_Memory_defaultHeapInstance__C                            
00014f24  xdc_runtime_Startup_execImpl__C                                      
00014f28  xdc_runtime_Startup_maxPasses__C                                     
00014f2c  xdc_runtime_Startup_sfxnRts__C                                       
00014f30  xdc_runtime_Startup_sfxnTab__C                                       
00014f34  xdc_runtime_SysMin_bufSize__C                                        
00014f38  xdc_runtime_SysMin_outputFunc__C                                     
00014f3c  xdc_runtime_System_Module__gateObj__C                                
00014f40  xdc_runtime_System_abortFxn__C                                       
00014f44  xdc_runtime_System_exitFxn__C                                        
00014f48  xdc_runtime_System_extendFxn__C                                      
00014f4c  xdc_runtime_System_maxAtexitHandlers__C                              
00014f50  xdc_runtime_Text_charTab__C                                          
00014f54  xdc_runtime_Text_nameEmpty__C                                        
00014f58  xdc_runtime_Text_nameStatic__C                                       
00014f5c  xdc_runtime_Text_nameUnknown__C                                      
00014f60  xdc_runtime_Text_nodeTab__C                                          
00014f64  xdc_runtime_Text_visitRopeFxn__C                                     
00014f68  ti_sysbios_family_arm_m3_Hwi_Module__loggerDefined__C                
00014f6a  ti_sysbios_gates_GateMutex_Module__id__C                             
00014f6c  ti_sysbios_hal_Hwi_Module__id__C                                     
00014f6e  ti_sysbios_heaps_HeapMem_Module__id__C                               
00014f70  ti_sysbios_knl_Clock_Module__id__C                                   
00014f72  ti_sysbios_knl_Clock_Module__loggerDefined__C                        
00014f74  ti_sysbios_knl_Semaphore_Module__id__C                               
00014f76  ti_sysbios_knl_Semaphore_Module__loggerDefined__C                    
00014f78  ti_sysbios_knl_Swi_Module__id__C                                     
00014f7a  ti_sysbios_knl_Swi_Module__loggerDefined__C                          
00014f7c  ti_sysbios_knl_Task_Module__id__C                                    
00014f7e  ti_sysbios_knl_Task_Module__loggerDefined__C                         
00014f80  xdc_runtime_Core_Module__id__C                                       
00014f82  xdc_runtime_Error_Module__loggerDefined__C                           
00014f84  xdc_runtime_Error_maxDepth__C                                        
00014f86  xdc_runtime_Memory_Module__id__C                                     
00014f88  xdc_runtime_SysMin_flushAtExit__C                                    
00014f8a  xdc_runtime_Text_charCnt__C                                          
00014f8c  xdc_runtime_Text_isLoaded__C                                         
00014f8e  xdc_runtime_Text_registryModsLastId__C                               
00014f90  xdc_runtime_Text_unnamedModsLastId__C                                
00014f98  __TI_static_base__                                                   
00015300  __TI_Handler_Table_Base                                              
0001530c  __TI_Handler_Table_Limit                                             
00015320  __TI_CINIT_Base                                                      
00015338  __TI_CINIT_Limit                                                     
20000000  ti_sysbios_family_arm_m3_Hwi_ramVectors                              
20000380  ti_sysbios_heaps_HeapMem_Instance_State_0_buf__A                     
20005380  ti_ndk_config_Global_pit                                             
20005428  ti_ndk_config_Global_pitBuffer                                       
20009c28  _ICMPIn                                                              
20009c74  PBMQ_free                                                            
20009c80  ti_ndk_config_Global_pBufMem                                         
2000d880  ti_ndk_config_Global_pHdrMem                                         
2000db78  ti_sysbios_knl_Task_Instance_State_0_stack__A                        
2000e178  ti_sysbios_knl_Task_Instance_State_1_stack__A                        
2000e478  ti_sysbios_family_arm_m3_Hwi_dispatchTable                           
2000e7d8  __CIOBUF_                                                            
2000e9f8  tcps                                                                 
2000ed14  xdc_runtime_SysMin_Module_State_0_outbuf__A                          
2000ed94  ips                                                                  
2000edfc  nimu_mcb                                                             
2000ee60  _ICMPOut                                                             
2000eeec  vlan_mcb                                                             
2000ef38  udps                                                                 
2000ef5c  BlockCount                                                           
2000ef78  BlockMax                                                             
2000ef94  PageCount                                                            
2000efb0  PageMax                                                              
2000efcc  stkEvent                                                             
2000f008  raweths                                                              
2000f018  raws                                                                 
2000f028  tpseudo                                                              
2000f034  upseudo                                                              
2000f040  emacObjects                                                          
2000f048  parmbuf                                                              
2000f074  _IGMPInDiscard                                                       
2000f078  _IGMPInQuery                                                         
2000f07c  _IGMPInQueryGroup                                                    
2000f080  _IGMPInResponse                                                      
2000f084  _IGMPOutResponse                                                     
2000f088  g_ui32SysClock                                                       
2000f08c  g_ulStatus                                                           
2000f0a0  raweth_pcb                                                           
2000f0a4  ti_sysbios_knl_Task_Instance_State_0_hookEnv__A                      
2000f0a8  ti_sysbios_knl_Task_Instance_State_1_hookEnv__A                      
2000f0ac  _ipcfg                                                               
2000f160  ti_sysbios_knl_Task_Object__table__V                                 
2000f1f8  ti_sysbios_knl_Swi_Module_State_0_readyQ__A                          
2000f278  ti_sysbios_knl_Task_Module_State_0_readyQ__A                         
2000f346  ti_sysbios_family_arm_m3_Hwi_Module_State_0_excActive__A             
2000f348  ti_sysbios_knl_Task_Module__state__V                                 
2000f40c  ti_sysbios_family_arm_lm4_Timer_Module_State_0_device__A             
2000f44c  ti_sysbios_family_arm_lm4_Timer_Object__table__V                     
2000f48c  ti_sysbios_gates_GateMutex_Object__table__V                          
2000f4f8  ti_sysbios_family_arm_m3_Hwi_Module__state__V                        
2000f52c  enablePrefetch                                                       
2000f530  phyCounter                                                           
2000f55e  xdc_runtime_Error_Module__state__V                                   
2000f590  ti_sysbios_knl_Swi_Object__table__V                                  
2000f5c0  ti_sysbios_knl_Clock_Module__state__V                                
2000f5ec  pstrMsgName                                                          
2000f614  _oscfg                                                               
2000f638  PITCount                                                             
2000f63c  PITUsed                                                              
2000f640  PITHigh                                                              
2000f65c  ti_sysbios_BIOS_Module__state__V                                     
2000f680  ti_sysbios_family_arm_lm4_Timer_Module_State_0_handles__A            
2000f6a0  xdc_runtime_System_Module_State_0_atexitHandlers__A                  
2000f6dc  ti_ndk_config_Global_Id2Size                                         
2000f6f8  ti_sysbios_knl_Swi_Module__state__V                                  
2000f744  ti_ndk_config_Global_HostName                                        
2000f748  LocalIPAddr                                                          
2000f74c  LocalIPMask                                                          
2000f750  GatewayIP                                                            
2000f754  DomainName                                                           
2000f758  __xdc__init__addr                                                    
2000f75c  ti_sysbios_family_arm_m3_Hwi_Object__table__V                        
2000f774  ti_sysbios_heaps_HeapMem_Object__table__V                            
2000f7a0  gpioPinConfigs                                                       
2000f7b8  _IGMPForceVersion1                                                   
2000f7c0  ti_sysbios_family_arm_lm4_Timer_Module__state__V                     
2000f7cc  xdc_runtime_SysMin_Module__state__V                                  
2000f7e4  _lock                                                                
2000f7e8  _unlock                                                              
2000f7ec  NIMUDeviceTable                                                      
2000f7f4  gpioCallbackFunctions                                                
2000f80c  _ICMPInErrors                                                        
2000f810  _ICMPOutErrors                                                       
2000f814  _IPExecuting                                                         
2000f82c  tcp_iss                                                              
2000f830  ptTimeFirst                                                          
2000f83c  ti_sysbios_family_arm_m3_Hwi_Module__root__V                         
2000f844  ti_sysbios_gates_GateHwi_Module__root__V                             
2000f84c  ti_sysbios_gates_GateMutex_Module__root__V                           
2000f854  ti_sysbios_heaps_HeapMem_Module__root__V                             
2000f85c  ti_sysbios_knl_Clock_Module__root__V                                 
2000f864  ti_sysbios_knl_Queue_Module__root__V                                 
2000f86c  ti_sysbios_knl_Semaphore_Module__root__V                             
2000f874  ti_sysbios_knl_Swi_Module__root__V                                   
2000f87c  ti_sysbios_knl_Task_Module__root__V                                  
2000f884  xdc_runtime_Registry_Module__state__V                                
2000f88c  xdc_runtime_Startup_Module__state__V                                 
2000f894  xdc_runtime_System_Module__state__V                                  
2000f89c  macAddress                                                           
2000f8bc  main_func_sp                                                         
2000f8c4  _IPReasmPtr                                                          
2000f8d4  ti_sysbios_family_arm_m3_Hwi_Module_State_0_excContext__A            
2000f8d8  ti_sysbios_family_arm_m3_Hwi_Module_State_0_excStack__A              
2000f8dc  ti_sysbios_gates_GateHwi_Object__table__V                            
2000f8e0  ti_sysbios_knl_Task_Module_State_0_idleTask__A                       
2000f8e4  xdc_runtime_Memory_Module__state__V                                  
2000f8e8  __stack                                                              
200100e8  __STACK_END                                                          
e000e000  ti_sysbios_family_arm_m3_Hwi_nvic                                    
ffffffff  __TI_pprof_out_hndl                                                  
ffffffff  __TI_prof_data_size                                                  
ffffffff  __TI_prof_data_start                                                 
ffffffff  __binit__                                                            
ffffffff  __c_args__                                                           
ffffffff  binit                                                                
UNDEFED   SHT$$INIT_ARRAY$$Base                                                
UNDEFED   SHT$$INIT_ARRAY$$Limit                                               

[1051 symbols]
