******************************************************************************
                  TI ARM Linker PC v18.1.2                     
******************************************************************************
>> Linked Mon Jul  1 18:03:37 2019

OUTPUT FILE NAME:   <MicPos_tcp_mic.out>
ENTRY POINT SYMBOL: "_c_int00"  address: 00010c49


MEMORY CONFIGURATION

         name            origin    length      used     unused   attr    fill
----------------------  --------  ---------  --------  --------  ----  --------
  FLASH                 00000000   00100000  00017bd6  000e842a  R  X
  SRAM                  20000000   00040000  000100d0  0002ff30  RW X


SEGMENT ALLOCATION MAP

run origin  load origin   length   init length attrs members
----------  ----------- ---------- ----------- ----- -------
00000000    00000000    00017be0   00017be0    r-x
  00000000    00000000    0000003c   0000003c    r-- .resetVecs
  00000040    00000040    0001503a   0001503a    r-x .text
  0001507c    0001507c    000027c0   000027c0    r-- .const
  00017840    00017840    000003a0   000003a0    r-- .cinit
20000000    20000000    00000360   00000000    rw-
  20000000    20000000    00000360   00000000    rw- .vecs
20000380    20000380    0000fd70   00000000    rw-
  20000380    20000380    0000ed30   00000000    rw- .bss
  2000f0b0    2000f0b0    00000840   00000000    rw- .data
  2000f8f0    2000f8f0    00000800   00000000    rw- .stack


SECTION ALLOCATION MAP

 output                                  attributes/
section   page    origin      length       input sections
--------  ----  ----------  ----------   ----------------
.text      0    00000040    0001503a     
                  00000040    00000c68     stk.aem4f : tcpin.oem4f (.text:TcpInput)
                  00000ca8    00000a5e     rtsv7M4_T_le_v4SPD16_eabi.lib : _printfi.c.obj (.text:__TI_printfi)
                  00001706    00000002     hal_userled_stub.aem4f : llled.oem4f (.text:LED_TOGGLE)
                  00001708    000008b8     stk.aem4f : tcpout.oem4f (.text:TcpOutput)
                  00001fc0    00000430     sysbios.aem4f : BIOS.obj (.text:ti_sysbios_family_arm_m3_Hwi_excDumpRegs__I)
                  000023f0    00000408     stk.aem4f : ipout.oem4f (.text:IPTxPacket)
                  000027f8    000003d4     adc_Task.obj (.text:adc_send_Fxn)
                  00002bcc    000003c4     rtsv7M4_T_le_v4SPD16_eabi.lib : e_log.c.obj (.text:log)
                  00002f90    00000384     stk.aem4f : ipin.oem4f (.text:IPRxPacket)
                  00003314    0000034c     ti.targets.arm.rtsarm.aem4f : System.oem4f (.text:xdc_runtime_System_doPrint__I)
                  00003660    0000031c     sysbios.aem4f : BIOS.obj (.text:ti_sysbios_knl_Semaphore_pend__E)
                  0000397c    00000004     stk.aem4f : bind.oem4f (.text:BindGetIF)
                  00003980    000002c8     sysbios.aem4f : BIOS.obj (.text:ti_sysbios_knl_Task_Instance_finalize__E)
                  00003c48    00000284     stk.aem4f : sock.oem4f (.text:SockSet)
                  00003ecc    00000270     rtsv7M4_T_le_v4SPD16_eabi.lib : _printfi.c.obj (.text:_pconv_a)
                  0000413c    00000004     stk.aem4f : bind.oem4f (.text:BindGetNext)
                  00004140    0000026c     sysbios.aem4f : BIOS.obj (.text:ti_sysbios_heaps_HeapMem_free__E)
                  000043ac    00000254     tcp_client.obj (.text:tcpHandler)
                  00004600    00000250     sysbios.aem4f : BIOS.obj (.text:ti_sysbios_heaps_HeapMem_alloc__E)
                  00004850    0000024c     stk.aem4f : ipfrag.oem4f (.text:IPReasm)
                  00004a9c    00000004     os.aem4f : ossys.oem4f (.text:NDK_vsprintf)
                  00004aa0    00000248     sysbios.aem4f : BIOS.obj (.text:ti_sysbios_family_arm_lm4_Timer_start__E)
                  00004ce8    0000023c     stk.aem4f : icmpin.oem4f (.text:ICMPInput)
                  00004f24    00000238               : udp.oem4f (.text:UdpInput)
                  0000515c    00000004               : node.oem4f (.text:NodeSetRt)
                  00005160    00000208     sysbios.aem4f : BIOS.obj (.text:ti_sysbios_knl_Task_sleep__E)
                  00005368    00000204     driverlib.lib : sysctl.obj (.text:SysCtlClockFreqSet)
                  0000556c    00000204     Boot.aem4f : Boot_sysctl.oem4f (.text:ti_catalog_arm_cortexm4_tiva_ce_Boot_sysCtlClockFreqSetI__I)
                  00005770    000001fc     sysbios.aem4f : BIOS.obj (.text:ti_sysbios_family_arm_m3_Hwi_excHandlerMax__I)
                  0000596c    000001f4     stk.aem4f : sock.oem4f (.text:SockRecv)
                  00005b60    000001ec     sysbios.aem4f : BIOS.obj (.text:ti_sysbios_knl_Task_Instance_init__E)
                  00005d4c    000001e8     tcp_client_pem4f.oem4f (.text:xdc_runtime_System_printfExtend__I)
                  00005f34    000001d0     rtsv7M4_T_le_v4SPD16_eabi.lib : _printfi.c.obj (.text:_pconv_g)
                  00006104    000001b8     drivers_tivaware.aem4f : EMACSnow.oem4f (.text:EMACSnow_NIMUInit)
                  000062bc    000001b6     rtsv7M4_T_le_v4SPD16_eabi.lib : fd_add_t2.asm.obj (.text)
                  00006472    00000002     stk.aem4f : nat.oem4f (.text:NatMsg)
                  00006474    000001b0               : lliout.oem4f (.text:LLITxIpPacket)
                  00006624    000001ac               : lliin.oem4f (.text:LLIRxPacket)
                  000067d0    0000019c     os.aem4f : mem.oem4f (.text:mmAlloc)
                  0000696c    00000198     stk.aem4f : igmp.oem4f (.text:IGMPInput)
                  00006b04    00000190               : sock.oem4f (.text:SockNew)
                  00006c94    00000004               : rawethsock_prot.oem4f (.text:RawEthSockPrAttach)
                  00006c98    00000188     sysbios.aem4f : BIOS.obj (.text:ti_sysbios_knl_Task_setPri__E)
                  00006e20    00000174     netctrl_min_ipv4.aem4f : netctrl.oem4f (.text:NC_NetStart)
                  00006f94    00000004     stk.aem4f : rawethsock_prot.oem4f (.text:RawEthSockPrDetach)
                  00006f98    00000174     sysbios.aem4f : BIOS.obj (.text:ti_sysbios_family_arm_m3_Hwi_excBusFault__I)
                  0000710c    00000170     stk.aem4f : rtc.oem4f (.text:RTCReport)
                  0000727c    0000016a               : sb.oem4f (.text:SBRead)
                  000073e6    00000002     os.aem4f : task.oem4f (.text:_TaskInit)
                  000073e8    00000164     sysbios.aem4f : BIOS.obj (.text:ti_sysbios_family_arm_m3_Hwi_excUsageFault__I)
                  0000754c    00000160     stk.aem4f : sock.oem4f (.text:SockConnect)
                  000076ac    00000158     nettool_ipv4.aem4f : dhcpmain.oem4f (.text:DHCPOpen)
                  00007804    00000150     drivers_tivaware.aem4f : GPIOTiva.oem4f (.text:GPIO_setConfig)
                  00007954    00000004     os.aem4f : semaphore.oem4f (.text:SemPend)
                  00007958    00000148     sysbios.aem4f : BIOS.obj (.text:ti_sysbios_family_arm_m3_Hwi_excMemFault__I)
                  00007aa0    00000144     stk.aem4f : bind.oem4f (.text:BindNew)
                  00007be4    00000140               : tcp.oem4f (.text:TcpTimeoutCheck)
                  00007d24    00000004     os.aem4f : semaphore.oem4f (.text:SemPost)
                  00007d28    00000140     sysbios.aem4f : BIOS.obj (.text:ti_sysbios_knl_Semaphore_post__E)
                  00007e68    0000013c     nettool_ipv4.aem4f : config.oem4f (.text:CfgAddEntry)
                  00007fa4    0000013c     stk.aem4f : sockint.oem4f (.text:SockNotify)
                  000080e0    0000013c               : sock.oem4f (.text:SockSend)
                  0000821c    0000013c     rtsv7M4_T_le_v4SPD16_eabi.lib : _printfi.c.obj (.text:_pconv_e)
                  00008358    0000013c     sysbios.aem4f : BIOS.obj (.text:ti_sysbios_heaps_HeapMem_Instance_init__E)
                  00008494    00000004     os.aem4f : semaphore.oem4f (.text:SemReset)
                  00008498    0000013c     sysbios.aem4f : BIOS.obj (.text:ti_sysbios_knl_Clock_workFunc__E)
                  000085d4    00000004     os.aem4f : task.oem4f (.text:TaskSelf)
                  000085d8    00000138     sysbios.aem4f : BIOS.obj (.text:ti_sysbios_family_arm_m3_Hwi_dispatchC__I)
                  00008710    00000136     rtsv7M4_T_le_v4SPD16_eabi.lib : fd_div_t2.asm.obj (.text)
                  00008846    00000002     os.aem4f : task.oem4f (.text:_TaskShutdown)
                  00008848    00000134     stk.aem4f : icmp.oem4f (.text:ICMPGenPacket)
                  0000897c    00000130     driverlib.lib : gpio.obj (.text:GPIOPadConfigSet)
                  00008aac    0000012c     EK_TM4C1294XL.obj (.text:EK_TM4C1294XL_initEMAC)
                  00008bd8    00000124     stk.aem4f : sockpcb.oem4f (.text:SockPcbResolve)
                  00008cfc    00000124               : udp.oem4f (.text:UdpOutput)
                  00008e20    00000124     tcp_client_pem4f.oem4f (.text:ti_ndk_config_Global_stackThread)
                  00008f44    00000120     rtsv7M4_T_le_v4SPD16_eabi.lib : _printfi.c.obj (.text:fcvt)
                  00009064    00000004     os.aem4f : task.oem4f (.text:TaskSetPri)
                  00009068    0000011c     sysbios.aem4f : BIOS.obj (.text:ti_sysbios_knl_Clock_Instance_init__E)
                  00009184    00000004     hal_ser_stub.aem4f : llserstb.oem4f (.text:_llSerialInit)
                  00009188    0000011c     sysbios.aem4f : BIOS.obj (.text:ti_sysbios_knl_Swi_run__I)
                  000092a4    00000118     stk.aem4f : tcpout.oem4f (.text:TcpGenPacket)
                  000093bc    00000118     ti.targets.arm.rtsarm.aem4f : Error.oem4f (.text:xdc_runtime_Error_policyDefault__E)
                  000094d4    00000114     stk.aem4f : nimu.oem4f (.text:NIMUIoctl)
                  000095e8    00000110               : node.oem4f (.text:NodeTreeFree)
                  000096f8    00000110               : raw.oem4f (.text:RawInput)
                  00009808    00000110     rtsv7M4_T_le_v4SPD16_eabi.lib : s_scalbn.c.obj (.text:scalbn)
                  00009918    00000110     sysbios.aem4f : BIOS.obj (.text:ti_sysbios_knl_Task_schedule__I)
                  00009a28    0000010c     stk.aem4f : rtable.oem4f (.text:RtFind)
                  00009b34    0000010a               : route.oem4f (.text:RtCreate)
                  00009c3e    00000002     hal_ser_stub.aem4f : llserstb.oem4f (.text:_llSerialServiceCheck)
                  00009c40    00000108     drivers_tivaware.aem4f : EMACSnow.oem4f (.text:EMACSnow_emacStart)
                  00009d48    00000108     sysbios.aem4f : BIOS.obj (.text:ti_sysbios_knl_Task_exit__E)
                  00009e50    00000104     os.aem4f : task.oem4f (.text:llEnter)
                  00009f54    00000102     nettool_ipv4.aem4f : dhcppkt.oem4f (.text:dhcpPacketProcess)
                  0000a056    00000102                        : inetaddr.oem4f (.text:inet_aton)
                  0000a158    00000100     stk.aem4f : igmp.oem4f (.text:IGMPSendReply)
                  0000a258    00000100     ti.targets.arm.rtsarm.aem4f : Core-mem.oem4f (.text:xdc_runtime_Core_createObject__I)
                  0000a358    000000fc     netctrl_min_ipv4.aem4f : netctrl.oem4f (.text:NetScheduler)
                  0000a454    000000fc     rtsv7M4_T_le_v4SPD16_eabi.lib : fd_mul_t2.asm.obj (.text)
                  0000a550    000000fc     sysbios.aem4f : BIOS.obj (.text:ti_sysbios_knl_Task_postInit__I)
                  0000a64c    00000004     rtsv7M4_T_le_v4SPD16_eabi.lib : exit.c.obj (.text:abort:abort)
                  0000a650    000000fc     sysbios.aem4f : BIOS.obj (.text:ti_sysbios_knl_Task_startCore__E)
                  0000a74c    000000f8     stk.aem4f : pipe.oem4f (.text:PipeRecv)
                  0000a844    000000f8     ti.targets.arm.rtsarm.aem4f : Startup.oem4f (.text:xdc_runtime_Startup_startMods__I)
                  0000a93c    000000f4     os.aem4f : task.oem4f (.text:TaskGetEnv)
                  0000aa30    000000f4     sysbios.aem4f : m3_Hwi_asm.obj (.text:ti_sysbios_family_arm_m3_Hwi_dispatch__I)
                  0000ab24    000000f0     stk.aem4f : lliout.oem4f (.text:LLIGenArpPacket)
                  0000ac14    000000f0               : sock.oem4f (.text:SockClose)
                  0000ad04    000000e8     os.aem4f : task.oem4f (.text:TaskSetEnv)
                  0000adec    000000e0     stk.aem4f : tcptime.oem4f (.text:TcpTimeoutRexmt)
                  0000aecc    000000dc               : sb.oem4f (.text:SBWrite)
                  0000afa8    000000dc     nettool_ipv4.aem4f : dhcpsock.oem4f (.text:dhcpSocketOpen)
                  0000b084    000000dc                        : dhcpsm.oem4f (.text:dhcpState)
                  0000b160    000000d8     stk.aem4f : node.oem4f (.text:NodeAdd)
                  0000b238    000000d8               : tcpprot.oem4f (.text:TcpPrSetOption)
                  0000b310    000000d4     drivers_tivaware.aem4f : EMACSnow.oem4f (.text:EMACSnow_handleRx)
                  0000b3e4    000000d4     stk.aem4f : sockpcb.oem4f (.text:SockPcbBind)
                  0000b4b8    000000d4     sysbios.aem4f : BIOS.obj (.text:ti_sysbios_knl_Swi_Instance_init__E)
                  0000b58c    000000d1     stk.aem4f : nimu.oem4f (.text:NIMUReceivePacket)
                  0000b65d    00000001     --HOLE-- [fill = 0]
                  0000b65e    00000002     hal_ser_stub.aem4f : llserstb.oem4f (.text:_llSerialShutdown)
                  0000b660    000000d0     sysbios.aem4f : BIOS.obj (.text:ti_sysbios_family_arm_m3_Hwi_Module_startup__E)
                  0000b730    000000cc     stk.aem4f : icmp.oem4f (.text:ICMPSendRtAdv)
                  0000b7fc    000000cc     nettool_ipv4.aem4f : dhcpbild.oem4f (.text:dhcpBuildHeader)
                  0000b8c8    000000cc                        : dhcpsm.oem4f (.text:dhcpIPAdd)
                  0000b994    000000cc                        : dhcppkt.oem4f (.text:dhcpVerifyMessage)
                  0000ba60    000000cc     tcp_client.obj (.text:main)
                  0000bb2c    000000cc     ti.targets.arm.rtsarm.aem4f : Core-smem.oem4f (.text:xdc_runtime_Core_constructObject__I)
                  0000bbf8    000000c8     stk.aem4f : rawethsock.oem4f (.text:RawEthSockNew)
                  0000bcc0    000000c8     netctrl_min_ipv4.aem4f : netsrv.oem4f (.text:SPIpNet)
                  0000bd88    000000c4     drivers_tivaware.aem4f : EMACSnow.oem4f (.text:EMACSnow_InitDMADescriptors)
                  0000be4c    000000c4     stk.aem4f : igmp.oem4f (.text:IGMPJoinHostGroup)
                  0000bf10    000000c4     nettool_ipv4.aem4f : dhcpsm.oem4f (.text:StateBound)
                  0000bfd4    000000bc     stk.aem4f : sockpcb.oem4f (.text:SockPcbFind)
                  0000c090    000000bc               : vlan.oem4f (.text:VLANDeinit)
                  0000c14c    00000004               : listlib.oem4f (.text:list_get_head)
                  0000c150    000000bc     sysbios.aem4f : BIOS.obj (.text:ti_sysbios_family_arm_m3_Hwi_excDebugMon__I)
                  0000c20c    00000004     stk.aem4f : listlib.oem4f (.text:list_get_next)
                  0000c210    000000bc     sysbios.aem4f : BIOS.obj (.text:ti_sysbios_family_arm_m3_Hwi_excHardFault__I)
                  0000c2cc    00000004     tcp_client_pem4f.oem4f (.text:ti_sysbios_BIOS_RtsGateProxy_enter__E)
                  0000c2d0    000000bc     sysbios.aem4f : BIOS.obj (.text:ti_sysbios_knl_Task_unblockI__E)
                  0000c38c    000000b8     EK_TM4C1294XL.obj (.text:EK_TM4C1294XL_initGeneral)
                  0000c444    000000b8     stk.aem4f : icmpin.oem4f (.text:ICMPRevSrcRoute)
                  0000c4fc    000000b8               : lli.oem4f (.text:_LLITimeoutCheck)
                  0000c5b4    000000b4               : tcptime.oem4f (.text:TcpTimeoutKeep)
                  0000c668    000000b4     sysbios.aem4f : BIOS.obj (.text:ti_sysbios_gates_GateMutex_enter__E)
                  0000c71c    00000004     tcp_client_pem4f.oem4f (.text:ti_sysbios_BIOS_RtsGateProxy_leave__E)
                  0000c720    000000b4     sysbios.aem4f : BIOS.obj (.text:ti_sysbios_knl_Task_checkStacks__E)
                  0000c7d4    000000b1     rtsv7M4_T_le_v4SPD16_eabi.lib : _printfi.c.obj (.text:_ltostr)
                  0000c885    00000001     --HOLE-- [fill = 0]
                  0000c886    000000b0     stk.aem4f : rawethsock.oem4f (.text:RawEthSockSet)
                  0000c936    00000002     hal_userled_stub.aem4f : llled.oem4f (.text:_llUserLedInit)
                  0000c938    000000ac     stk.aem4f : rtable.oem4f (.text:RtTimeoutCheck)
                  0000c9e4    000000ac     tcp_client_pem4f.oem4f (.text:ti_ndk_config_ip_init)
                  0000ca90    000000ac     sysbios.aem4f : BIOS.obj (.text:ti_sysbios_family_arm_lm4_Timer_enableTiva__I)
                  0000cb3c    00000004                   : BIOS.obj (.text:ti_sysbios_family_arm_lm4_Timer_masterEnable__I)
                  0000cb40    000000ac                   : BIOS.obj (.text:ti_sysbios_knl_Swi_post__E)
                  0000cbec    000000aa     tcp_client.obj (.text:recvHandler)
                  0000cc96    00000002     hal_userled_stub.aem4f : llled.oem4f (.text:_llUserLedShutdown)
                  0000cc98    000000a8     stk.aem4f : sockint.oem4f (.text:SockCreatePacket)
                  0000cd40    000000a8     sysbios.aem4f : BIOS.obj (.text:ti_sysbios_family_arm_lm4_Timer_enableTimers__I)
                  0000cde8    000000a8                   : BIOS.obj (.text:ti_sysbios_knl_Task_blockI__E)
                  0000ce90    000000a0     stk.aem4f : ip.oem4f (.text:IPGetRoute)
                  0000cf30    000000a0     auto_init.aem4f : auto_init.oem4f (.text)
                  0000cfd0    000000a0     ti.targets.arm.rtsarm.aem4f : Text.oem4f (.text:xdc_runtime_Text_putMod__E)
                  0000d070    0000009e     stk.aem4f : nimu.oem4f (.text:NIMUAddEthernetHeader)
                  0000d10e    0000009e     nettool_ipv4.aem4f : dhcpbild.oem4f (.text:dhcpBuildRequest)
                  0000d1ac    0000009c     stk.aem4f : exec.oem4f (.text:ExecOpen)
                  0000d248    0000009c     rtsv7M4_T_le_v4SPD16_eabi.lib : memcpy_t2.asm.obj (.text)
                  0000d2e4    00000004     tcp_client_pem4f.oem4f (.text:ti_sysbios_family_arm_m3_Hwi_delete)
                  0000d2e8    0000009c     sysbios.aem4f : BIOS.obj (.text:ti_sysbios_knl_Semaphore_Instance_init__E)
                  0000d384    0000009a     ti.targets.arm.rtsarm.aem4f : Text.oem4f (.text:xdc_runtime_Text_putSite__E)
                  0000d41e    00000002     rtsv7M4_T_le_v4SPD16_eabi.lib : _lock.c.obj (.text:_nop)
                  0000d420    00000098     netctrl_min_ipv4.aem4f : netctrl.oem4f (.text:NC_SystemOpen)
                  0000d4b8    00000098                            : netsrv.oem4f (.text:ServiceScan)
                  0000d550    00000098     Boot.aem4f : Boot.oem4f (.text:ti_catalog_arm_cortexm4_tiva_ce_Boot_sysCtlClockFreqSet__E)
                  0000d5e8    00000096     rtsv7M4_T_le_v4SPD16_eabi.lib : ull_div_t2.asm.obj (.text)
                  0000d67e    00000002     hal_ser_stub.aem4f : llserstb.oem4f (.text:llSerialService)
                  0000d680    00000094     nettool_ipv4.aem4f : config.oem4f (.text:CfgRemoveEntry)
                  0000d714    00000004     tcp_client_pem4f.oem4f (.text:ti_sysbios_family_arm_m3_TaskSupport_Module__startupDone__S)
                  0000d718    00000094     sysbios.aem4f : BIOS.obj (.text:ti_sysbios_family_arm_m3_Hwi_Instance_init__E)
                  0000d7ac    00000004     tcp_client_pem4f.oem4f (.text:ti_sysbios_heaps_HeapMem_Module_GateProxy_enter__E)
                  0000d7b0    00000094     sysbios.aem4f : BIOS.obj (.text:ti_sysbios_family_arm_m3_Hwi_initNVIC__E)
                  0000d844    00000090     nettool_ipv4.aem4f : config.oem4f (.text:CfgExecute)
                  0000d8d4    00000090     stk.aem4f : igmp.oem4f (.text:IGMPMsg)
                  0000d964    00000090     tcp_client.obj (.text:Init)
                  0000d9f4    00000090     os.aem4f : mem.oem4f (.text:mmBulkAlloc)
                  0000da84    00000004     tcp_client_pem4f.oem4f (.text:ti_sysbios_heaps_HeapMem_Module_GateProxy_leave__E)
                  0000da88    00000090     sysbios.aem4f : BIOS.obj (.text:ti_sysbios_knl_Task_Module_startup__E)
                  0000db18    0000008c     drivers_tivaware.aem4f : GPIOTiva.oem4f (.text:GPIO_init)
                  0000dba4    0000008c     stk.aem4f : ip.oem4f (.text:IPMsg)
                  0000dc30    0000008c     os.aem4f : mem.oem4f (.text:_mmInit)
                  0000dcbc    0000008c              : mem.oem4f (.text:mmInitPage)
                  0000dd48    0000008c     sysbios.aem4f : m3_TaskSupport_asm.obj (.text:ti_sysbios_family_arm_m3_TaskSupport_buildTaskStack)
                  0000ddd4    0000008a     netctrl_min_ipv4.aem4f : netsrv.oem4f (.text:SPRoute)
                  0000de5e    00000002     rtsv7M4_T_le_v4SPD16_eabi.lib : div0.asm.obj (.text)
                  0000de60    00000088     netctrl_min_ipv4.aem4f : netsrv.oem4f (.text:ServiceSpawn)
                  0000dee8    00000088     stk.aem4f : sockpcb.oem4f (.text:SockPcbCtlError)
                  0000df70    00000088     sysbios.aem4f : BIOS.obj (.text:ti_sysbios_knl_Mailbox_Module_startup__E)
                  0000dff8    00000086     nettool_ipv4.aem4f : dhcpsm.oem4f (.text:StateRequesting)
                  0000e07e    00000086     rtsv7M4_T_le_v4SPD16_eabi.lib : fd_cmp_t2.asm.obj (.text:__aeabi_cdcmple)
                  0000e104    00000086                                   : fd_cmp_t2.asm.obj (.text:__aeabi_cdrcmple)
                  0000e18a    00000002     tcp_client_pem4f.oem4f (.text:ti_ndk_config_Global_NetworkClose)
                  0000e18c    00000084     nettool_ipv4.aem4f : config.oem4f (.text:CfgGetEntry)
                  0000e210    00000084     drivers_tivaware.aem4f : EMACSnow.oem4f (.text:EMACSnow_processPhyInterrupt)
                  0000e294    00000084     stk.aem4f : tcpprot.oem4f (.text:TcpPrAttach)
                  0000e318    00000084     os.aem4f : mem.oem4f (.text:mmBulkFree)
                  0000e39c    00000084              : mem.oem4f (.text:mmFree)
                  0000e420    00000084     sysbios.aem4f : BIOS.obj (.text:ti_sysbios_family_arm_m3_Hwi_postInit__I)
                  0000e4a4    00000082     nettool_ipv4.aem4f : dhcpsm.oem4f (.text:StateRenewRebind)
                  0000e526    00000002     tcp_client_pem4f.oem4f (.text:ti_ndk_config_Global_NetworkOpen)
                  0000e528    00000080     drivers_tivaware.aem4f : EMACSnow.oem4f (.text:EMACSnow_emacStop)
                  0000e5a8    00000080                            : EMACSnow.oem4f (.text:EMACSnow_processPendingTx)
                  0000e628    00000080     stk.aem4f : lli.oem4f (.text:LLINew)
                  0000e6a8    00000080     netctrl_min_ipv4.aem4f : netsrv.oem4f (.text:NS_BootTask)
                  0000e728    00000080     stk.aem4f : pbm.oem4f (.text:PBM_alloc)
                  0000e7a8    00000080               : raw.oem4f (.text:RawOutput)
                  0000e828    0000007f     tcp_client_pem4f.oem4f (.text:ti_ndk_config_Global_NetworkIPAddr)
                  0000e8a7    00000001     --HOLE-- [fill = 0]
                  0000e8a8    0000007e     stk.aem4f : fileuser.oem4f (.text:fdClose)
                  0000e926    00000002     tcp_client_pem4f.oem4f (.text:ti_sysbios_BIOS_nullFunc__I)
                  0000e928    0000007c     nettool_ipv4.aem4f : config.oem4f (.text:CfgGetNextEntry)
                  0000e9a4    0000007c     drivers_tivaware.aem4f : EMACSnow.oem4f (.text:EMACSnow_hwiIntFxn)
                  0000ea20    0000007c     stk.aem4f : igmp.oem4f (.text:IGMPDoMCast)
                  0000ea9c    0000007c               : igmp.oem4f (.text:IGMPJoin)
                  0000eb18    0000007c               : socket.oem4f (.text:NDK_setsockopt)
                  0000eb94    0000007c               : nimu.oem4f (.text:NIMURegister)
                  0000ec10    0000007c               : pbm.oem4f (.text:PBM_free)
                  0000ec8c    0000007a     driverlib.lib : adc.obj (.text:ADCSequenceStepConfigure)
                  0000ed06    0000007a     rtsv7M4_T_le_v4SPD16_eabi.lib : memset_t2.asm.obj (.text)
                  0000ed80    00000078     driverlib.lib : emac.obj (.text:EMACInit)
                  0000edf8    00000078     stk.aem4f : socket.oem4f (.text:NDK_sendto)
                  0000ee70    00000078               : tcptime.oem4f (.text:TcpXmitTimer)
                  0000eee8    00000078               : fileuser.oem4f (.text:fdOpenSession)
                  0000ef60    00000078     os.aem4f : task.oem4f (.text:llExit)
                  0000efd8    00000076     stk.aem4f : pipe.oem4f (.text:PipeSend)
                  0000f04e    00000002     tcp_client_pem4f.oem4f (.text:xdc_runtime_Startup_reset__I)
                  0000f050    00000075     stk.aem4f : tcptime.oem4f (.text:TcpTimeoutSackRexmt)
                  0000f0c5    00000003     --HOLE-- [fill = 0]
                  0000f0c8    00000074               : igmp.oem4f (.text:IGMPLeaveHostGroup)
                  0000f13c    00000074               : nimu.oem4f (.text:NIMUShutdown)
                  0000f1b0    00000074               : raweth.oem4f (.text:RawEthRxPacket)
                  0000f224    00000074               : sockpcb.oem4f (.text:SockPcbConnect)
                  0000f298    00000074     sysbios.aem4f : BIOS.obj (.text:ti_sysbios_knl_Clock_start__E)
                  0000f30c    00000072     os.aem4f : semaphore.oem4f (.text:SemCreateBinary)
                  0000f37e    00000070     stk.aem4f : socket.oem4f (.text:NDK_send)
                  0000f3ee    00000002     --HOLE-- [fill = 0]
                  0000f3f0    00000070               : rtable.oem4f (.text:RtFlush)
                  0000f460    00000070     netctrl_min_ipv4.aem4f : netsrv.oem4f (.text:SPConfig)
                  0000f4d0    00000070     stk.aem4f : sock.oem4f (.text:SockShutdown)
                  0000f540    00000070     nettool_ipv4.aem4f : dhcptags.oem4f (.text:dhcpDecodeType)
                  0000f5b0    0000006e     stk.aem4f : socket.oem4f (.text:NDK_recv)
                  0000f61e    00000002     --HOLE-- [fill = 0]
                  0000f620    0000006e               : rtable.oem4f (.text:RtWalkNext)
                  0000f68e    0000006e               : sockpcb.oem4f (.text:SockPcbFindRaw)
                  0000f6fc    0000006e     rtsv7M4_T_le_v4SPD16_eabi.lib : _printfi.c.obj (.text:_mcpy)
                  0000f76a    0000006e                                   : fd_tos_t2.asm.obj (.text)
                  0000f7d8    0000006d     stk.aem4f : node.oem4f (.text:NodeNew)
                  0000f845    00000003     --HOLE-- [fill = 0]
                  0000f848    0000006d     ti.targets.arm.rtsarm.aem4f : System.oem4f (.text:xdc_runtime_System_formatNum__I)
                  0000f8b5    00000003     --HOLE-- [fill = 0]
                  0000f8b8    0000006c     os.aem4f : ossys.oem4f (.text:DbgPrintf)
                  0000f924    0000006c     stk.aem4f : node.oem4f (.text:NodeTreeNew)
                  0000f990    0000006c               : raweth.oem4f (.text:RawEthTxPacket)
                  0000f9fc    0000006c               : udp.oem4f (.text:UdpChecksum)
                  0000fa68    0000006c     sysbios.aem4f : BIOS.obj (.text:ti_sysbios_knl_Swi_restoreHwi__E)
                  0000fad4    0000006c     ti.targets.arm.rtsarm.aem4f : Error.oem4f (.text:xdc_runtime_Error_print__E)
                  0000fb40    0000006c                                 : Memory.oem4f (.text:xdc_runtime_Memory_alloc__E)
                  0000fbac    0000006a     stk.aem4f : tcpprot.oem4f (.text:TcpPrInherit)
                  0000fc16    00000068               : socket.oem4f (.text:NDK_socket)
                  0000fc7e    00000002     --HOLE-- [fill = 0]
                  0000fc80    00000068               : pbm.oem4f (.text:PBM_open)
                  0000fce8    00000068               : rtable.oem4f (.text:_RtNodeInsert)
                  0000fd50    00000068     rtsv7M4_T_le_v4SPD16_eabi.lib : copy_decompress_lzss.c.obj (.text:decompress:lzss:__TI_decompress_lzss)
                  0000fdb8    00000066     ti.targets.arm.rtsarm.aem4f : Core-mem.oem4f (.text:xdc_runtime_Core_deleteObject__I)
                  0000fe1e    00000002     --HOLE-- [fill = 0]
                  0000fe20    00000064     nettool_ipv4.aem4f : config.oem4f (.text:CfgFree)
                  0000fe84    00000064     drivers_tivaware.aem4f : GPIOTiva.oem4f (.text:GPIO_hwiIntFxn)
                  0000fee8    00000064     stk.aem4f : pbm.oem4f (.text:PBMQ_enq)
                  0000ff4c    00000064               : sockint.oem4f (.text:SockSpawnAbort)
                  0000ffb0    00000064     rtsv7M4_T_le_v4SPD16_eabi.lib : s_frexp.c.obj (.text:frexp)
                  00010014    00000064     hal_timer_bios.aem4f : lltimer.oem4f (.text:llTimerTick)
                  00010078    00000064     sysbios.aem4f : BIOS.obj (.text:ti_sysbios_family_arm_lm4_Timer_Module_startup__E)
                  000100dc    00000064     tcp_client_pem4f.oem4f (.text:ti_sysbios_family_arm_m3_Hwi_create)
                  00010140    00000064     stk.aem4f : lliin.oem4f (.text:updateRtTable)
                  000101a4    00000062               : ipin.oem4f (.text:IPRouteIP)
                  00010206    00000002     --HOLE-- [fill = 0]
                  00010208    00000062               : sb.oem4f (.text:SBNew)
                  0001026a    00000002     --HOLE-- [fill = 0]
                  0001026c    00000060     nettool_ipv4.aem4f : config.oem4f (.text:CfgGetEntryCnt)
                  000102cc    00000060     stk.aem4f : file.oem4f (.text:FdWaitEvent)
                  0001032c    00000060               : nimu.oem4f (.text:NIMUUnregister)
                  0001038c    00000060               : node.oem4f (.text:NodeFind)
                  000103ec    00000060               : rtc.oem4f (.text:RTCMsg)
                  0001044c    00000060               : tcp.oem4f (.text:TcpChecksum)
                  000104ac    00000060     driverlib.lib : timer.obj (.text:TimerConfigure)
                  0001050c    00000060     nettool_ipv4.aem4f : dhcptags.oem4f (.text:dhcpBuildOptions)
                  0001056c    00000004     tcp_client_pem4f.oem4f (.text:ti_sysbios_knl_Clock_TimerProxy_getMaxTicks__E)
                  00010570    00000060     sysbios.aem4f : BIOS.obj (.text:ti_sysbios_family_arm_lm4_Timer_isrStub__E)
                  000105d0    00000060                   : BIOS.obj (.text:ti_sysbios_knl_Clock_logTick__E)
                  00010630    0000005e     stk.aem4f : route.oem4f (.text:RtRemove)
                  0001068e    0000005e     nettool_ipv4.aem4f : dhcpsm.oem4f (.text:StateSelecting)
                  000106ec    0000005e     stk.aem4f : vlan.oem4f (.text:VLANReceivePacket)
                  0001074a    00000002     --HOLE-- [fill = 0]
                  0001074c    0000005c     nettool_ipv4.aem4f : config.oem4f (.text:CfgSetExecuteOrder)
                  000107a8    0000005c     stk.aem4f : nimu.oem4f (.text:NIMUIoctlSpecialCmd)
                  00010804    0000005c     netctrl_min_ipv4.aem4f : netsrv.oem4f (.text:SPService)
                  00010860    0000005c     adc_Task.obj (.text:setup_ADC_and_SEND_Task)
                  000108bc    0000005c     tcp_client_pem4f.oem4f (.text:ti_sysbios_knl_Swi_create)
                  00010918    0000005c     sysbios.aem4f : BIOS.obj (.text:ti_sysbios_knl_Swi_schedule__I)
                  00010974    0000005c     tcp_client_pem4f.oem4f (.text:ti_sysbios_knl_Task_create)
                  000109d0    0000005b     ti.targets.arm.rtsarm.aem4f : Text.oem4f (.text:xdc_runtime_Text_putLab__E)
                  00010a2b    00000001     --HOLE-- [fill = 0]
                  00010a2c    0000005a     stk.aem4f : route.oem4f (.text:RtRedirect)
                  00010a86    0000005a               : tcpprot.oem4f (.text:TcpValidateMetrics)
                  00010ae0    0000005a     nettool_ipv4.aem4f : dhcpbild.oem4f (.text:dhcpBuildDecline)
                  00010b3a    0000005a     os.aem4f : mem.oem4f (.text:mmCopy)
                  00010b94    0000005a     tcp_client_pem4f.oem4f (.text:ti_ndk_config_tcp_init)
                  00010bee    00000002     --HOLE-- [fill = 0]
                  00010bf0    00000058     stk.aem4f : bind.oem4f (.text:BindFree)
                  00010c48    00000058     boot.aem4f : boot.oem4f (.text)
                  00010ca0    00000058     driverlib.lib : emac.obj (.text:EMACPHYConfigSet)
                  00010cf8    00000058     rtsv7M4_T_le_v4SPD16_eabi.lib : hostwrite.c.obj (.text:HOSTwrite)
                  00010d50    00000058     stk.aem4f : igmp.oem4f (.text:IGMPTimer)
                  00010da8    00000058     os.aem4f : semaphore.oem4f (.text:SemCreate)
                  00010e00    00000058     sysbios.aem4f : m3_Hwi_asm_switch.obj (.text:ti_sysbios_family_arm_m3_Hwi_initStacks__E)
                  00010e58    00000056     driverlib.lib : gpio.obj (.text:GPIOIntTypeSet)
                  00010eae    00000056     rtsv7M4_T_le_v4SPD16_eabi.lib : _printfi.c.obj (.text:_pconv_f)
                  00010f04    00000054     nettool_ipv4.aem4f : config.oem4f (.text:CfgEntryDeRef)
                  00010f58    00000054     stk.aem4f : igmp.oem4f (.text:IGMPLeave)
                  00010fac    00000054               : rawethsock_pcb.oem4f (.text:RawEthSockPcbAttach)
                  00011000    00000054               : sockpcb.oem4f (.text:SockCleanPcb)
                  00011054    00000054               : tcptime.oem4f (.text:TcpTimeoutPersist)
                  000110a8    00000054     rtsv7M4_T_le_v4SPD16_eabi.lib : ltoa.c.obj (.text:ltoa)
                  000110fc    00000004     tcp_client_pem4f.oem4f (.text:ti_sysbios_knl_Queue_destruct)
                  00011100    00000054     sysbios.aem4f : BIOS.obj (.text:ti_sysbios_knl_Swi_Instance_finalize__E)
                  00011154    00000054     ti.targets.arm.rtsarm.aem4f : Assert.oem4f (.text:xdc_runtime_Assert_raise__I)
                  000111a8    00000052     stk.aem4f : tcpprot.oem4f (.text:TcpPrDetach)
                  000111fa    00000052     rtsv7M4_T_le_v4SPD16_eabi.lib : _printfi.c.obj (.text:_ecpy)
                  0001124c    00000050     drivers_tivaware.aem4f : GPIOTiva.oem4f (.text:GPIO_setCallback)
                  0001129c    00000050     stk.aem4f : socket.oem4f (.text:NDK_bind)
                  000112ec    00000050               : socket.oem4f (.text:NDK_connect)
                  0001133c    00000050               : route.oem4f (.text:RtNew)
                  0001138c    00000050     driverlib.lib : sysctl.obj (.text:SysCtlPeripheralReset)
                  000113dc    00000050     Boot.aem4f : Boot_sysctl.oem4f (.text:_SysCtlFrequencyGet)
                  0001142c    00000050     ti.targets.arm.rtsarm.aem4f : Startup.oem4f (.text:xdc_runtime_Startup_exec__E)
                  0001147c    00000050                                 : Text.oem4f (.text:xdc_runtime_Text_visitRope2__I)
                  000114cc    0000004e     stk.aem4f : node.oem4f (.text:NodeDeRef)
                  0001151a    0000004e     nettool_ipv4.aem4f : config.oem4f (.text:_CfgEntryScan)
                  00011568    0000004c                        : ipaddr.oem4f (.text:NtAddNetwork)
                  000115b4    0000004c     stk.aem4f : sockint.oem4f (.text:SockValidateRoute)
                  00011600    0000004c     rtsv7M4_T_le_v4SPD16_eabi.lib : atoi.c.obj (.text:atoi)
                  0001164c    0000004c                                   : cpy_tbl.c.obj (.text:copy_in)
                  00011698    0000004c                                   : snprintf.c.obj (.text:snprintf)
                  000116e4    00000004     tcp_client_pem4f.oem4f (.text:ti_sysbios_knl_Semaphore_delete)
                  000116e8    0000004c     sysbios.aem4f : BIOS.obj (.text:ti_sysbios_heaps_HeapMem_getStats__E)
                  00011734    00000004     tcp_client_pem4f.oem4f (.text:ti_sysbios_knl_Semaphore_destruct)
                  00011738    0000004c     sysbios.aem4f : BIOS.obj (.text:ti_sysbios_knl_Swi_runLoop__I)
                  00011784    00000004     tcp_client_pem4f.oem4f (.text:ti_sysbios_knl_Swi_delete)
                  00011788    0000004c     sysbios.aem4f : BIOS.obj (.text:ti_sysbios_knl_Task_allBlockedFunction__I)
                  000117d4    0000004a     netctrl_min_ipv4.aem4f : netsrv.oem4f (.text:ServiceKill)
                  0001181e    0000004a     stk.aem4f : sock.oem4f (.text:SockDisconnect)
                  00011868    0000004a               : timer.oem4f (.text:TimerNew)
                  000118b2    00000048     nettool_ipv4.aem4f : config.oem4f (.text:CfgNew)
                  000118fa    00000002     --HOLE-- [fill = 0]
                  000118fc    00000048     driverlib.lib : gpio.obj (.text:GPIOPinConfigure)
                  00011944    00000048     stk.aem4f : lli.oem4f (.text:LLIMsg)
                  0001198c    00000048               : node.oem4f (.text:NodeWalk)
                  000119d4    00000048               : rawethsock_pcb.oem4f (.text:RawEthSockPcbDetach)
                  00011a1c    00000048               : sockpcb.oem4f (.text:SockPcbResolveChain)
                  00011a64    00000048               : tcpprot.oem4f (.text:TcpDrop)
                  00011aac    00000048               : lli.oem4f (.text:_LLIExpListInsert)
                  00011af4    00000048               : rtable.oem4f (.text:_RtExpListInsert)
                  00011b3c    00000048     driverlib.lib : sysctl.obj (.text:_SysCtlFrequencyGet)
                  00011b84    00000048     stk.aem4f : file.oem4f (.text:fdint_lockfd)
                  00011bcc    00000048     rtsv7M4_T_le_v4SPD16_eabi.lib : fd_toi_t2.asm.obj (.text)
                  00011c14    00000004     tcp_client_pem4f.oem4f (.text:ti_sysbios_knl_Task_delete)
                  00011c18    00000048     sysbios.aem4f : BIOS.obj (.text:ti_sysbios_family_arm_m3_Hwi_disableInterrupt__E)
                  00011c60    00000048                   : BIOS.obj (.text:ti_sysbios_family_arm_m3_Hwi_enableInterrupt__E)
                  00011ca8    00000048                   : BIOS.obj (.text:ti_sysbios_family_arm_m3_Hwi_excReserved__I)
                  00011cf0    00000048                   : BIOS.obj (.text:ti_sysbios_knl_Task_deleteTerminatedTasksFunc__I)
                  00011d38    00000046     nettool_ipv4.aem4f : ipaddr.oem4f (.text:NtIfIdx2Ip)
                  00011d7e    00000046     stk.aem4f : rawethsock.oem4f (.text:RawEthSockSend)
                  00011dc4    00000046               : tcpprot.oem4f (.text:TcpPrCtlError)
                  00011e0a    00000046     os.aem4f : mem.oem4f (.text:mmZeroInit)
                  00011e50    00000046     ti.targets.arm.rtsarm.aem4f : Core-params.oem4f (.text:xdc_runtime_Core_assignParams__I)
                  00011e96    00000002     --HOLE-- [fill = 0]
                  00011e98    00000044     drivers_tivaware.aem4f : EMACSnow.oem4f (.text:EMACSnow_processTransmitted)
                  00011edc    00000044     stk.aem4f : icmp.oem4f (.text:ICMPChecksum)
                  00011f20    00000044               : ipfrag.oem4f (.text:IPReasmFree)
                  00011f64    00000044               : lli.oem4f (.text:LLIGetValidTime)
                  00011fa8    00000044               : rtable.oem4f (.text:RouteMsg)
                  00011fec    00000044               : rtable.oem4f (.text:RtWalkEnd)
                  00012030    00000044               : sockpcb.oem4f (.text:SockPcbDetach)
                  00012074    00000044               : timer.oem4f (.text:TimerListInsert)
                  000120b8    00000044     hal_timer_bios.aem4f : lltimer.oem4f (.text:llTimerGetTime)
                  000120fc    00000044     rtsv7M4_T_le_v4SPD16_eabi.lib : fd_tou_t2.asm.obj (.text)
                  00012140    00000044     sysbios.aem4f : BIOS.obj (.text:ti_sysbios_family_arm_lm4_Timer_stop__E)
                  00012184    00000004     ti.targets.arm.rtsarm.aem4f : Error.oem4f (.text:xdc_runtime_Error_getMsg__E)
                  00012188    00000044     sysbios.aem4f : BIOS.obj (.text:ti_sysbios_family_arm_m3_Hwi_getStackInfo__E)
                  000121cc    00000044     ti.targets.arm.rtsarm.aem4f : Error.oem4f (.text:xdc_runtime_Error_setX__E)
                  00012210    00000044                                 : SysMin.oem4f (.text:xdc_runtime_SysMin_flush__E)
                  00012254    00000044                                 : Text.oem4f (.text:xdc_runtime_Text_xprintf__I)
                  00012298    00000042     stk.aem4f : tcpprot.oem4f (.text:TcpPrSendOOB)
                  000122da    00000042               : fileuser.oem4f (.text:fdCloseSession)
                  0001231c    00000040               : lliin.oem4f (.text:LLIValidateRoute)
                  0001235c    00000040               : pbm.oem4f (.text:PBM_copy)
                  0001239c    00000040               : sockpcb.oem4f (.text:SockPcbRtChange)
                  000123dc    00000040               : tcpprot.oem4f (.text:TcpPrSend)
                  0001241c    00000040     rtsv7M4_T_le_v4SPD16_eabi.lib : u_divt2.asm.obj (.text)
                  0001245c    00000004     ti.targets.arm.rtsarm.aem4f : Error.oem4f (.text:xdc_runtime_Error_getSite__E)
                  00012460    00000040     sysbios.aem4f : BIOS.obj (.text:ti_sysbios_family_arm_lm4_Timer_startup__E)
                  000124a0    0000003e     driverlib.lib : adc.obj (.text:ADCSequenceConfigure)
                  000124de    0000003e     nettool_ipv4.aem4f : dhcpmain.oem4f (.text:DHCPClose)
                  0001251c    0000003e     stk.aem4f : nimu.oem4f (.text:NIMUAllocateName)
                  0001255a    0000003e     os.aem4f : task.oem4f (.text:TaskCreate)
                  00012598    0000003e     stk.aem4f : tcpprot.oem4f (.text:TcpPrDisconnect)
                  000125d6    0000003e     rtsv7M4_T_le_v4SPD16_eabi.lib : _printfi.c.obj (.text:_fcpy)
                  00012614    0000003e     stk.aem4f : file.oem4f (.text:fdint_unlockfd)
                  00012652    0000003c     nettool_ipv4.aem4f : config.oem4f (.text:CfgEntryGetData)
                  0001268e    0000003c     driverlib.lib : emac.obj (.text:EMACIntDisable)
                  000126ca    0000003c     stk.aem4f : node.oem4f (.text:NodeUpdatePL)
                  00012706    00000002     --HOLE-- [fill = 0]
                  00012708    0000003c               : rtable.oem4f (.text:RtWalkBegin)
                  00012744    0000003c               : tcpprot.oem4f (.text:TcpPrConnect)
                  00012780    0000003c               : tcptime.oem4f (.text:TcpSetPersist)
                  000127bc    0000003c               : rtc.oem4f (.text:_RTCSendRtAdv)
                  000127f8    0000003c               : rtable.oem4f (.text:_RtNodeRemove)
                  00012834    0000003c     hal_timer_bios.aem4f : lltimer.oem4f (.text:_llTimerInit)
                  00012870    0000003c     stk.aem4f : fileuser.oem4f (.text:fdShare)
                  000128ac    00000004     tcp_client_pem4f.oem4f (.text:xdc_runtime_System_Module_GateProxy_enter__E)
                  000128b0    0000003c     sysbios.aem4f : BIOS.obj (.text:ti_sysbios_family_arm_m3_Hwi_excSvCall__I)
                  000128ec    00000004     tcp_client_pem4f.oem4f (.text:xdc_runtime_System_Module_GateProxy_leave__E)
                  000128f0    0000003c     sysbios.aem4f : BIOS.obj (.text:ti_sysbios_heaps_HeapMem_init__I)
                  0001292c    00000004     ti.targets.arm.rtsarm.aem4f : System.oem4f (.text:xdc_runtime_System_aprintf_va__F)
                  00012930    0000003c     sysbios.aem4f : BIOS.obj (.text:ti_sysbios_knl_Swi_startup__E)
                  0001296c    0000003a     driverlib.lib : emac.obj (.text:EMACIntEnable)
                  000129a6    00000002     --HOLE-- [fill = 0]
                  000129a8    00000038                   : emac.obj (.text:EMACConfigGet)
                  000129e0    00000038     stk.aem4f : ipfrag.oem4f (.text:IPReasmTimeout)
                  00012a18    00000038               : node.oem4f (.text:NodeGetRt)
                  00012a50    00000038     driverlib.lib : sysctl.obj (.text:SysCtlPeripheralReady)
                  00012a88    00000038     stk.aem4f : tcpprot.oem4f (.text:TcpClose)
                  00012ac0    00000038               : timer.oem4f (.text:TimerHSTick)
                  00012af8    00000038     rtsv7M4_T_le_v4SPD16_eabi.lib : trgmsg.c.obj (.text:__TI_writemsg)
                  00012b30    00000038     nettool_ipv4.aem4f : dhcpbild.oem4f (.text:dhcpBuildDiscover)
                  00012b68    00000038                        : dhcptags.oem4f (.text:dhcpOptionsClear)
                  00012ba0    00000038     stk.aem4f : file.oem4f (.text:fdint_waitevent)
                  00012bd8    00000038     rtsv7M4_T_le_v4SPD16_eabi.lib : fs_tod_t2.asm.obj (.text)
                  00012c10    00000038     sysbios.aem4f : BIOS.obj (.text:ti_sysbios_family_arm_m3_Hwi_excNoIsr__I)
                  00012c48    00000038     tcp_client_pem4f.oem4f (.text:ti_sysbios_knl_Clock_create)
                  00012c80    00000038     sysbios.aem4f : BIOS.obj (.text:ti_sysbios_knl_Task_processVitalTaskFlag__I)
                  00012cb8    00000038     ti.targets.arm.rtsarm.aem4f : SysMin.oem4f (.text:xdc_runtime_SysMin_putch__E)
                  00012cf0    00000038                                 : System.oem4f (.text:xdc_runtime_System_atexit__E)
                  00012d28    00000036     stk.aem4f : ip.oem4f (.text:IPChecksum)
                  00012d5e    00000002     --HOLE-- [fill = 0]
                  00012d60    00000034     nettool_ipv4.aem4f : config.oem4f (.text:CfgSetService)
                  00012d94    00000034     driverlib.lib : emac.obj (.text:EMACConfigSet)
                  00012dc8    00000034                   : emac.obj (.text:EMACIntClear)
                  00012dfc    00000034     drivers_tivaware.aem4f : EMACSnow.oem4f (.text:EMACSnow_emacPoll)
                  00012e30    00000034                            : EMACSnow.oem4f (.text:EMACSnow_isLinkUp)
                  00012e64    00000034                            : EMAC.oem4f (.text:EMAC_init)
                  00012e98    00000034     stk.aem4f : exec.oem4f (.text:ExecClose)
                  00012ecc    00000034               : nimu.oem4f (.text:NIMUFindByName)
                  00012f00    00000034               : nimu.oem4f (.text:NIMUInit)
                  00012f34    00000034               : rawethsock.oem4f (.text:RawEthSockNotify)
                  00012f68    00000034               : sockprot.oem4f (.text:SockPrCtlError)
                  00012f9c    00000034     driverlib.lib : sysctl.obj (.text:SysCtlPeripheralEnable)
                  00012fd0    00000034     rtsv7M4_T_le_v4SPD16_eabi.lib : trgmsg.c.obj (.text:__TI_readmsg)
                  00013004    00000034     os.aem4f : mem.oem4f (.text:mmUnInitPage)
                  00013038    00000034     sysbios.aem4f : BIOS.obj (.text:ti_sysbios_family_arm_m3_Hwi_Instance_finalize__E)
                  0001306c    00000004     ti.targets.arm.rtsarm.aem4f : System.oem4f (.text:xdc_runtime_System_printf_va__F)
                  00013070    00000034     sysbios.aem4f : BIOS.obj (.text:ti_sysbios_family_arm_m3_Hwi_excNmi__I)
                  000130a4    00000004     --HOLE-- [fill = 0]
                  000130a8    00000034                   : BIOS.obj (.text:ti_sysbios_hal_Hwi_checkStack)
                  000130dc    00000034     tcp_client_pem4f.oem4f (.text:ti_sysbios_knl_Semaphore_create)
                  00013110    00000034     ti.targets.arm.rtsarm.aem4f : Core-label.oem4f (.text:xdc_runtime_Core_assignLabel__I)
                  00013144    00000033                                 : Text.oem4f (.text:xdc_runtime_Text_printVisFxn__I)
                  00013177    00000001     --HOLE-- [fill = 0]
                  00013178    00000032     nettool_ipv4.aem4f : config.oem4f (.text:CfgGetImmediate)
                  000131aa    00000032     stk.aem4f : route.oem4f (.text:RtDeRef)
                  000131dc    00000032               : route.oem4f (.text:RtSetFailure)
                  0001320e    00000032               : sb.oem4f (.text:SBFlush)
                  00013240    00000032               : sb.oem4f (.text:SBSetMax)
                  00013272    00000032               : sock.oem4f (.text:SockIntAbort)
                  000132a4    00000032     nettool_ipv4.aem4f : config.oem4f (.text:_CfgAcquire)
                  000132d6    00000032                        : dhcpsm.oem4f (.text:dhcpIPRemove)
                  00013308    00000032     sysbios.aem4f : BIOS.obj (.text:ti_sysbios_hal_Hwi_initStack)
                  0001333a    00000006     driverlib.lib : emac.obj (.text:EMACRxDMADescriptorListSet)
                  00013340    00000032     sysbios.aem4f : BIOS.obj (.text:ti_sysbios_knl_Semaphore_pendTimeout__I)
                  00013372    00000030     driverlib.lib : emac.obj (.text:EMACAddrSet)
                  000133a2    00000002     --HOLE-- [fill = 0]
                  000133a4    00000030     drivers_tivaware.aem4f : EMACSnow.oem4f (.text:EMACSnow_handlePackets)
                  000133d4    00000030     netctrl_min_ipv4.aem4f : netsrv.oem4f (.text:NS_PreBoot)
                  00013404    00000030     stk.aem4f : sock.oem4f (.text:SockBind)
                  00013434    00000030     rtsv7M4_T_le_v4SPD16_eabi.lib : snprintf.c.obj (.text:_outs)
                  00013464    00000030     nettool_ipv4.aem4f : dhcpsock.oem4f (.text:dhcpPacketSend)
                  00013494    00000030     stk.aem4f : listlib.oem4f (.text:list_remove_node)
                  000134c4    00000030     tcp_client_pem4f.oem4f (.text:ti_sysbios_BIOS_atExitFunc__I)
                  000134f4    00000004     --HOLE-- [fill = 0]
                  000134f8    00000030     sysbios.aem4f : BIOS.obj (.text:ti_sysbios_family_arm_m3_TaskSupport_start__E)
                  00013528    00000030     tcp_client_pem4f.oem4f (.text:ti_sysbios_gates_GateHwi_Object__create__S)
                  00013558    00000030     tcp_client_pem4f.oem4f (.text:ti_sysbios_gates_GateMutex_Object__create__S)
                  00013588    00000030     tcp_client_pem4f.oem4f (.text:ti_sysbios_heaps_HeapMem_Object__create__S)
                  000135b8    00000030     tcp_client_pem4f.oem4f (.text:ti_sysbios_knl_Semaphore_construct)
                  000135e8    00000030     ti.targets.arm.rtsarm.aem4f : SysMin.oem4f (.text:xdc_runtime_SysMin_abort__E)
                  00013618    00000030                                 : System.oem4f (.text:xdc_runtime_System_processAtExit__E)
                  00013648    0000002e     driverlib.lib : adc.obj (.text:ADCIntStatus)
                  00013676    0000002e     stk.aem4f : sb.oem4f (.text:SBFree)
                  000136a4    0000002e     rtsv7M4_T_le_v4SPD16_eabi.lib : i_tofd_t2.asm.obj (.text)
                  000136d2    0000002c     driverlib.lib : emac.obj (.text:EMACIntStatus)
                  000136fe    0000002c     stk.aem4f : file.oem4f (.text:FdSignalEvent)
                  0001372a    00000002     --HOLE-- [fill = 0]
                  0001372c    0000002c               : igmp.oem4f (.text:IGMPTestGroup)
                  00013758    0000002c     os.aem4f : task.oem4f (.text:NDK_hookCreate)
                  00013784    0000002c     stk.aem4f : nimu.oem4f (.text:NIMUAllocateIndex)
                  000137b0    0000002c               : nimu.oem4f (.text:NIMUPacketServiceCheck)
                  000137dc    0000002c               : pipe.oem4f (.text:PipeClose)
                  00013808    0000002c               : sockpcb.oem4f (.text:SockPcbAttach)
                  00013834    0000002c               : lli.oem4f (.text:_LLIExpListRemove)
                  00013860    0000002c               : lli.oem4f (.text:_LLITimeoutFlush)
                  0001388c    0000002c               : rtable.oem4f (.text:_RtExpListRemove)
                  000138b8    0000002c     tcp_client_pem4f.oem4f (.text:ti_sysbios_knl_Clock_doTick__I)
                  000138e4    0000002c     tcp_client_pem4f.oem4f (.text:ti_sysbios_knl_Queue_construct)
                  00013910    0000002c     sysbios.aem4f : BIOS.obj (.text:ti_sysbios_knl_Task_restore__E)
                  0001393c    0000002c     ti.targets.arm.rtsarm.aem4f : Text.oem4f (.text:xdc_runtime_Text_cordText__E)
                  00013968    0000002a     driverlib.lib : gpio.obj (.text:GPIODirModeSet)
                  00013992    0000002a     stk.aem4f : pbm.oem4f (.text:PBMQ_deq)
                  000139bc    0000002a     netctrl_min_ipv4.aem4f : netsrv.oem4f (.text:ServiceCallback)
                  000139e6    0000002a     nettool_ipv4.aem4f : config.oem4f (.text:_CfgRelease)
                  00013a10    0000002a     ti.targets.arm.rtsarm.aem4f : System.oem4f (.text:xdc_runtime_System_putchar__I)
                  00013a3a    00000002     --HOLE-- [fill = 0]
                  00013a3c    00000028     stk.aem4f : bind.oem4f (.text:BindFindByNet)
                  00013a64    00000028               : lli.oem4f (.text:LLIFree)
                  00013a8c    00000028     netctrl_min_ipv4.aem4f : netctrl.oem4f (.text:NC_SystemClose)
                  00013ab4    00000028     stk.aem4f : nimu.oem4f (.text:NIMUCreatePacket)
                  00013adc    00000028               : nimu.oem4f (.text:NIMUPacketService)
                  00013b04    00000028               : tcpin.oem4f (.text:TcpEnterTimeWait)
                  00013b2c    00000028               : timer.oem4f (.text:TimerListRemove)
                  00013b54    00000028               : vlan.oem4f (.text:VLANFindSourceInterface)
                  00013b7c    00000028               : vlan.oem4f (.text:VLANInit)
                  00013ba4    00000028     nettool_ipv4.aem4f : dhcpsock.oem4f (.text:dhcpPacketReceive)
                  00013bcc    00000028     drivers_tivaware.aem4f : EMACSnow.oem4f (.text:signalLinkChange)
                  00013bf4    00000004     --HOLE-- [fill = 0]
                  00013bf8    00000028     sysbios.aem4f : BIOS.obj (.text:ti_sysbios_knl_Swi_Module_startup__E)
                  00013c20    00000026     nettool_ipv4.aem4f : config.oem4f (.text:CfgEntryInfo)
                  00013c46    00000026     driverlib.lib : emac.obj (.text:EMACPHYRead)
                  00013c6c    00000026                   : emac.obj (.text:EMACPHYWrite)
                  00013c92    00000026     stk.aem4f : rawethsock.oem4f (.text:RawEthSockClose)
                  00013cb8    00000026     tcp_client_pem4f.oem4f (.text:ti_ndk_config_udp_init)
                  00013cde    00000026     sysbios.aem4f : m3_Hwi_asm.obj (.text:ti_sysbios_family_arm_m3_Hwi_pendSV__I)
                  00013d04    00000026     ti.targets.arm.rtsarm.aem4f : System.oem4f (.text:xdc_runtime_System_avprintf__E)
                  00013d2a    00000002     --HOLE-- [fill = 0]
                  00013d2c    00000024     stk.aem4f : bind.oem4f (.text:BindFindByHost)
                  00013d50    00000024               : bind.oem4f (.text:BindGetIFByDBCast)
                  00013d74    00000024     drivers_tivaware.aem4f : EMACSnow.oem4f (.text:EMACSnow_pkt_service)
                  00013d98    00000024                            : EMACSnow.oem4f (.text:EMACSnow_primeRx)
                  00013dbc    00000024     stk.aem4f : exec.oem4f (.text:ExecTimer)
                  00013de0    00000024               : nimu.oem4f (.text:NIMUFindByIndex)
                  00013e04    00000024               : rtc.oem4f (.text:RTCAddHook)
                  00013e28    00000024               : rawethsock_pcb.oem4f (.text:RawEthSockPcbFind)
                  00013e4c    00000024               : route.oem4f (.text:RtFree)
                  00013e70    00000024               : route.oem4f (.text:RtSetTimeout)
                  00013e94    00000024               : sockpcb.oem4f (.text:SockPcbCleanup)
                  00013eb8    00000024               : tcptime.oem4f (.text:TcpTimeoutWait2)
                  00013edc    00000024     nettool_ipv4.aem4f : config.oem4f (.text:_CfgEntryProcess)
                  00013f00    00000024     tcp_client_pem4f.oem4f (.text:ti_sysbios_BIOS_errorRaiseHook__I)
                  00013f24    00000024     tcp_client_pem4f.oem4f (.text:ti_sysbios_BIOS_registerRTSLock__I)
                  00013f48    00000024     tcp_client_pem4f.oem4f (.text:ti_sysbios_BIOS_removeRTSLock__I)
                  00013f6c    00000024     tcp_client_pem4f.oem4f (.text:ti_sysbios_BIOS_startFunc__I)
                  00013f90    00000024     sysbios.aem4f : BIOS.obj (.text:ti_sysbios_family_arm_m3_Hwi_doTaskRestore__I)
                  00013fb4    00000024     tcp_client_pem4f.oem4f (.text:ti_sysbios_gates_GateMutex_Object__delete__S)
                  00013fd8    00000024     sysbios.aem4f : BIOS.obj (.text:ti_sysbios_knl_Clock_Module_startup__E)
                  00013ffc    00000024     tcp_client_pem4f.oem4f (.text:ti_sysbios_knl_Semaphore_Object__delete__S)
                  00014020    00000024     ti.targets.arm.rtsarm.aem4f : System.oem4f (.text:xdc_runtime_System_vprintf__E)
                  00014044    00000022     nettool_ipv4.aem4f : config.oem4f (.text:CfgEntryRef)
                  00014066    00000022     stk.aem4f : vlan.oem4f (.text:VLANFindNode)
                  00014088    00000022     tcp_client_pem4f.oem4f (.text:xdc_runtime_SysMin_output__I)
                  000140aa    00000002     --HOLE-- [fill = 0]
                  000140ac    00000020     netctrl_min_ipv4.aem4f : netctrl.oem4f (.text:NC_BootComplete)
                  000140cc    00000020     stk.aem4f : nimu.oem4f (.text:NIMUGetNumOfObject)
                  000140ec    00000020               : rtc.oem4f (.text:RTCRemoveHook)
                  0001410c    00000020               : tcp.oem4f (.text:TcpTimeoutRemove)
                  0001412c    00000020     Boot.aem4f : Boot_sysctl.oem4f (.text:_SysCtlMemTimingGet)
                  0001414c    00000020     tcp_client_pem4f.oem4f (.text:ti_sysbios_BIOS_rtsLock__I)
                  0001416c    00000020     tcp_client_pem4f.oem4f (.text:ti_sysbios_family_arm_m3_Hwi_Object__delete__S)
                  0001418c    00000020     sysbios.aem4f : m3_Hwi_asm.obj (.text:ti_sysbios_family_arm_m3_Hwi_excHandlerAsm__I)
                  000141ac    00000004     --HOLE-- [fill = 0]
                  000141b0    00000020                   : BIOS.obj (.text:ti_sysbios_family_arm_m3_Hwi_excHandler__I)
                  000141d0    00000020     tcp_client_pem4f.oem4f (.text:ti_sysbios_gates_GateHwi_Object__delete__S)
                  000141f0    00000020     tcp_client_pem4f.oem4f (.text:ti_sysbios_heaps_HeapMem_Object__delete__S)
                  00014210    00000020     sysbios.aem4f : BIOS.obj (.text:ti_sysbios_knl_Idle_run__E)
                  00014230    00000020     tcp_client_pem4f.oem4f (.text:ti_sysbios_knl_Semaphore_Object__destruct__S)
                  00014250    00000020     tcp_client_pem4f.oem4f (.text:ti_sysbios_knl_Swi_Object__delete__S)
                  00014270    00000020     tcp_client_pem4f.oem4f (.text:ti_sysbios_knl_Task_Object__delete__S)
                  00014290    00000020     ti.targets.arm.rtsarm.aem4f : Registry.oem4f (.text:xdc_runtime_Registry_findById__E)
                  000142b0    00000020                                 : SysMin.oem4f (.text:xdc_runtime_SysMin_Module_startup__E)
                  000142d0    0000001e     driverlib.lib : adc.obj (.text:ADCSequenceDataGet)
                  000142ee    0000001e     stk.aem4f : fileuser.oem4f (.text:fdError)
                  0001430c    0000001e               : listlib.oem4f (.text:list_remove)
                  0001432a    0000001e     sysbios.aem4f : m3_Hwi_asm_switch.obj (.text:ti_sysbios_family_xxx_Hwi_switchAndRunFunc)
                  00014348    0000001c     stk.aem4f : bind.oem4f (.text:BindFindByIF)
                  00014364    0000001c               : exec.oem4f (.text:ExecBroadcast)
                  00014380    0000001c     os.aem4f : ossys.oem4f (.text:NDK_sprintf)
                  0001439c    0000001c     stk.aem4f : nimu.oem4f (.text:NIMUAddHeader)
                  000143b8    0000001c               : sockprot.oem4f (.text:SockPrDetach)
                  000143d4    0000001c     os.aem4f : task.oem4f (.text:TaskDestroy)
                  000143f0    0000001c     driverlib.lib : sysctl.obj (.text:_SysCtlMemTimingGet)
                  0001440c    0000001c     drivers_tivaware.aem4f : GPIOTiva.oem4f (.text:getGpioIntIndex)
                  00014428    0000001c     rtsv7M4_T_le_v4SPD16_eabi.lib : memccpy.c.obj (.text:memccpy)
                  00014444    0000001c     tcp_client_pem4f.oem4f (.text:ti_ndk_config_global_taskCreateHook)
                  00014460    0000001c     sysbios.aem4f : BIOS.obj (.text:ti_sysbios_gates_GateMutex_Instance_init__E)
                  0001447c    0000001c     tcp_client_pem4f.oem4f (.text:ti_sysbios_knl_Queue_Object__destruct__S)
                  00014498    0000001c     sysbios.aem4f : BIOS.obj (.text:ti_sysbios_knl_Task_enter__I)
                  000144b4    0000001c     ti.targets.arm.rtsarm.aem4f : Error.oem4f (.text:xdc_runtime_Error_raiseX__E)
                  000144d0    0000001c                                 : Memory.oem4f (.text:xdc_runtime_Memory_valloc__E)
                  000144ec    0000001c                                 : SysMin.oem4f (.text:xdc_runtime_SysMin_exit__E)
                  00014508    0000001c                                 : System.oem4f (.text:xdc_runtime_System_abort__E)
                  00014524    0000001a     stk.aem4f : bind.oem4f (.text:BindGetIP)
                  0001453e    0000001a               : sockint.oem4f (.text:SockSetOOBMark)
                  00014558    0000001a               : file.oem4f (.text:fdint_getfdt)
                  00014572    0000001a     tcp_client_pem4f.oem4f (.text:ti_sysbios_family_arm_m3_Hwi_Handle__label__S)
                  0001458c    0000001a     tcp_client_pem4f.oem4f (.text:ti_sysbios_gates_GateHwi_Handle__label__S)
                  000145a6    0000001a     tcp_client_pem4f.oem4f (.text:ti_sysbios_gates_GateMutex_Handle__label__S)
                  000145c0    0000001a     tcp_client_pem4f.oem4f (.text:ti_sysbios_heaps_HeapMem_Handle__label__S)
                  000145da    0000001a     tcp_client_pem4f.oem4f (.text:ti_sysbios_knl_Swi_Handle__label__S)
                  000145f4    0000001a     tcp_client_pem4f.oem4f (.text:ti_sysbios_knl_Task_Handle__label__S)
                  0001460e    00000002     --HOLE-- [fill = 0]
                  00014610    0000001a     sysbios.aem4f : BIOS.obj (.text:ti_sysbios_knl_Task_sleepTimeout__I)
                  0001462a    0000001a     tcp_client_pem4f.oem4f (.text:xdc_runtime_System_aprintf__E)
                  00014644    0000001a     tcp_client_pem4f.oem4f (.text:xdc_runtime_System_printf__E)
                  0001465e    00000018     driverlib.lib : adc.obj (.text:ADCProcessorTrigger)
                  00014676    00000002     --HOLE-- [fill = 0]
                  00014678    00000018                   : adc.obj (.text:ADCSoftwareOversampleConfigure)
                  00014690    00000018     drivers_tivaware.aem4f : EMACSnow.oem4f (.text:EMACSnow_emacSend)
                  000146a8    00000018     stk.aem4f : ip.oem4f (.text:IPRtChange)
                  000146c0    00000018               : rawethsock_pcb.oem4f (.text:RawEthSockPcbCleanup)
                  000146d8    00000018     nettool_ipv4.aem4f : ipaddr.oem4f (.text:RouteHook)
                  000146f0    00000018     stk.aem4f : tcpin.oem4f (.text:SEQ_GEQ)
                  00014708    00000018               : tcpout.oem4f (.text:SEQ_GEQ)
                  00014720    00000018               : tcpin.oem4f (.text:SEQ_GT)
                  00014738    00000018               : tcpout.oem4f (.text:SEQ_GT)
                  00014750    00000018               : tcpin.oem4f (.text:SEQ_LEQ)
                  00014768    00000018               : tcpout.oem4f (.text:SEQ_LEQ)
                  00014780    00000018               : tcpin.oem4f (.text:SEQ_LT)
                  00014798    00000018               : tcpout.oem4f (.text:SEQ_LT)
                  000147b0    00000018               : tcp.oem4f (.text:TcpTimeoutAdd)
                  000147c8    00000018     rtsv7M4_T_le_v4SPD16_eabi.lib : args_main.c.obj (.text:_args_main)
                  000147e0    00000018                                   : snprintf.c.obj (.text:_outc)
                  000147f8    00000018     nettool_ipv4.aem4f : dhcpsock.oem4f (.text:dhcpSocketClose)
                  00014810    00000018     stk.aem4f : listlib.oem4f (.text:list_add)
                  00014828    00000018     rtsv7M4_T_le_v4SPD16_eabi.lib : strcmp.c.obj (.text:strcmp)
                  00014840    00000018     tcp_client_pem4f.oem4f (.text:ti_sysbios_BIOS_rtsUnlock__I)
                  00014858    00000018     tcp_client_pem4f.oem4f (.text:ti_sysbios_family_arm_lm4_Timer_Module__startupDone__F)
                  00014870    00000018     tcp_client_pem4f.oem4f (.text:ti_sysbios_family_arm_m3_Hwi_Module__startupDone__F)
                  00014888    00000018     sysbios.aem4f : m3_TaskSupport_asm.obj (.text:ti_sysbios_family_arm_m3_TaskSupport_swap__E)
                  000148a0    00000018                   : BIOS.obj (.text:ti_sysbios_gates_GateMutex_leave__E)
                  000148b8    00000018     ti.targets.arm.rtsarm.aem4f : Error.oem4f (.text:xdc_runtime_Error_check__E)
                  000148d0    00000018                                 : System.oem4f (.text:xdc_runtime_System_exit__E)
                  000148e8    00000018                                 : Text.oem4f (.text:xdc_runtime_Text_ropeText__E)
                  00014900    00000016     driverlib.lib : emac.obj (.text:EMACReset)
                  00014916    00000016                   : emac.obj (.text:EMACRxEnable)
                  0001492c    00000016                   : emac.obj (.text:EMACTxEnable)
                  00014942    00000016     stk.aem4f : file.oem4f (.text:fdint_freefdt)
                  00014958    00000016     rtsv7M4_T_le_v4SPD16_eabi.lib : strchr.c.obj (.text:strchr)
                  0001496e    00000016     tcp_client_pem4f.oem4f (.text:ti_sysbios_BIOS_exitFunc__I)
                  00014984    00000016     adc_Task.obj (.text:ti_sysbios_knl_Task_Params_init)
                  0001499a    00000016     tcp_client.obj (.text:ti_sysbios_knl_Task_Params_init)
                  000149b0    00000016     ti.targets.arm.rtsarm.aem4f : System.oem4f (.text:xdc_runtime_System_vsprintf__E)
                  000149c6    00000014     stk.aem4f : bind.oem4f (.text:BindIPHost2IF)
                  000149da    00000002     --HOLE-- [fill = 0]
                  000149dc    00000014     driverlib.lib : flash.obj (.text:FlashUserGet)
                  000149f0    00000014     netctrl_min_ipv4.aem4f : netctrl.oem4f (.text:NC_NetStop)
                  00014a04    00000014     os.aem4f : task.oem4f (.text:NDK_hookExit)
                  00014a18    00000014     stk.aem4f : nimu.oem4f (.text:NIMUSendPacket)
                  00014a2c    00000014     nettool_ipv4.aem4f : ipaddr.oem4f (.text:NtRemoveNetwork)
                  00014a40    00000014     stk.aem4f : rawethsock_pcb.oem4f (.text:RawEthSockPcbInit)
                  00014a54    00000014               : timer.oem4f (.text:TimerFree)
                  00014a68    00000014     rtsv7M4_T_le_v4SPD16_eabi.lib : s_copysign.c.obj (.text:copysign)
                  00014a7c    00000014                                   : strcpy.c.obj (.text:strcpy)
                  00014a90    00000014                                   : strlen.c.obj (.text:strlen)
                  00014aa4    00000014     tcp_client_pem4f.oem4f (.text:ti_ndk_config_global_taskExitHook)
                  00014ab8    00000014     tcp_client_pem4f.oem4f (.text:ti_sysbios_family_arm_m3_Hwi_Object__get__S)
                  00014acc    00000004     --HOLE-- [fill = 0]
                  00014ad0    00000014     sysbios.aem4f : BIOS.obj (.text:ti_sysbios_family_arm_m3_Hwi_switchFromBootStack__E)
                  00014ae4    00000014     tcp_client_pem4f.oem4f (.text:ti_sysbios_heaps_HeapMem_Object__get__S)
                  00014af8    00000014     tcp_client_pem4f.oem4f (.text:ti_sysbios_knl_Swi_Object__get__S)
                  00014b0c    00000014     tcp_client_pem4f.oem4f (.text:ti_sysbios_knl_Task_Object__first__S)
                  00014b20    00000014     tcp_client_pem4f.oem4f (.text:ti_sysbios_knl_Task_Object__next__S)
                  00014b34    00000012     driverlib.lib : gpio.obj (.text:GPIOPinTypeADC)
                  00014b46    00000012                   : gpio.obj (.text:GPIOPinTypeEthernetLED)
                  00014b58    00000012     stk.aem4f : sockprot.oem4f (.text:SockPrAttach)
                  00014b6a    00000012               : sockint.oem4f (.text:SockSetOOBData)
                  00014b7c    00000012     driverlib.lib : timer.obj (.text:TimerLoadSet)
                  00014b8e    00000012                   : timer.obj (.text:TimerPrescaleSet)
                  00014ba0    00000012     nettool_ipv4.aem4f : inetaddr.oem4f (.text:inet_addr)
                  00014bb2    00000006     driverlib.lib : emac.obj (.text:EMACTxDMADescriptorListSet)
                  00014bb8    00000012     sysbios.aem4f : BIOS.obj (.text:ti_sysbios_hal_Hwi_Module_startup__E)
                  00014bca    00000006     driverlib.lib : gpio.obj (.text:GPIOIntClear)
                  00014bd0    00000012     sysbios.aem4f : BIOS.obj (.text:ti_sysbios_hal_Timer_Module_startup__E)
                  00014be2    00000006     driverlib.lib : gpio.obj (.text:GPIOPinWrite)
                  00014be8    00000012     sysbios.aem4f : BIOS.obj (.text:ti_sysbios_knl_Semaphore_reset__E)
                  00014bfa    00000012     rtsv7M4_T_le_v4SPD16_eabi.lib : wcslen.c.obj (.text:wcslen)
                  00014c0c    00000012     tcp_client_pem4f.oem4f (.text:xdc_runtime_Startup_exec__I)
                  00014c1e    00000002     --HOLE-- [fill = 0]
                  00014c20    00000010     tcp_client_pem4f.oem4f (.text:.bootCodeSection:ti_catalog_arm_cortexm4_tiva_ce_Boot_init__I)
                  00014c30    00000010     driverlib.lib : adc.obj (.text:ADCIntEnable)
                  00014c40    00000010     stk.aem4f : bind.oem4f (.text:BindIF2IPHost)
                  00014c50    00000010               : bind.oem4f (.text:BindIFNet2IPHost)
                  00014c60    00000010     driverlib.lib : emac.obj (.text:EMACFrameFilterSet)
                  00014c70    00000010     stk.aem4f : exec.oem4f (.text:ExecHRef)
                  00014c80    00000010     netctrl_min_ipv4.aem4f : netctrl.oem4f (.text:NC_IPUpdate)
                  00014c90    00000010     stk.aem4f : nimu.oem4f (.text:NIMUGetRsvdSizeInfo)
                  00014ca0    00000010     tcp_client.obj (.text:delay)
                  00014cb0    00000010     sysbios.aem4f : BIOS.obj (.text:ti_sysbios_BIOS_getCpuFreq__E)
                  00014cc0    00000010                   : BIOS.obj (.text:ti_sysbios_BIOS_setThreadType__E)
                  00014cd0    00000010                   : BIOS.obj (.text:ti_sysbios_BIOS_start__E)
                  00014ce0    00000010                   : m3_TaskSupport_asm.obj (.text:ti_sysbios_family_arm_m3_TaskSupport_glue)
                  00014cf0    00000010                   : BIOS.obj (.text:ti_sysbios_gates_GateMutex_Instance_finalize__E)
                  00014d00    00000010     tcp_client_pem4f.oem4f (.text:ti_sysbios_knl_Mailbox_Object__get__S)
                  00014d10    00000010     sysbios.aem4f : BIOS.obj (.text:ti_sysbios_knl_Semaphore_Instance_finalize__E)
                  00014d20    00000010                   : BIOS.obj (.text:ti_sysbios_knl_Swi_disable__E)
                  00014d30    00000010     tcp_client_pem4f.oem4f (.text:ti_sysbios_knl_Task_Object__get__S)
                  00014d40    00000010     sysbios.aem4f : BIOS.obj (.text:ti_sysbios_knl_Task_disable__E)
                  00014d50    00000010     ti.targets.arm.rtsarm.aem4f : Gate.oem4f (.text:xdc_runtime_Gate_leaveSystem__E)
                  00014d60    00000010                                 : Memory.oem4f (.text:xdc_runtime_Memory_free__E)
                  00014d70    00000010                                 : SysMin.oem4f (.text:xdc_runtime_SysMin_ready__E)
                  00014d80    00000010                                 : System.oem4f (.text:xdc_runtime_System_vsnprintf__E)
                  00014d90    00000010     tcp_client_pem4f.oem4f (.text:xdc_runtime_Text_visitRope__I)
                  00014da0    0000000e     driverlib.lib : adc.obj (.text:ADCSequenceEnable)
                  00014dae    0000000e     drivers_tivaware.aem4f : EMACSnow.oem4f (.text:EMACSnow_emacioctl)
                  00014dbc    0000000e     stk.aem4f : exec.oem4f (.text:ExecLowResource)
                  00014dca    0000000e     driverlib.lib : gpio.obj (.text:GPIOIntStatus)
                  00014dd8    0000000e                   : timer.obj (.text:TimerEnable)
                  00014de6    0000000e     rtsv7M4_T_le_v4SPD16_eabi.lib : copy_decompress_none.c.obj (.text:decompress:none:__TI_decompress_none)
                  00014df4    00000004     --HOLE-- [fill = 0]
                  00014df8    0000000e     sysbios.aem4f : BIOS.obj (.text:ti_sysbios_knl_Idle_loop__E)
                  00014e06    00000002     --HOLE-- [fill = 0]
                  00014e08    0000000e                   : BIOS.obj (.text:ti_sysbios_knl_Queue_empty__E)
                  00014e16    00000002     --HOLE-- [fill = 0]
                  00014e18    0000000c     stk.aem4f : bind.oem4f (.text:BindGetFirst)
                  00014e24    0000000c     nettool_ipv4.aem4f : config.oem4f (.text:CfgSetDefault)
                  00014e30    0000000c     drivers_tivaware.aem4f : EMACSnow.oem4f (.text:EMACSnow_init)
                  00014e3c    0000000c     os.aem4f : task.oem4f (.text:NDK_hookInit)
                  00014e48    0000000c     stk.aem4f : nimu.oem4f (.text:NIMUSetRsvdSizeInfo)
                  00014e54    0000000c     os.aem4f : task.oem4f (.text:NotifyLowResource)
                  00014e60    0000000c     stk.aem4f : pbm.oem4f (.text:PBM_close)
                  00014e6c    0000000c     os.aem4f : semaphore.oem4f (.text:SemDelete)
                  00014e78    0000000c     hal_timer_bios.aem4f : lltimer.oem4f (.text:_llTimerShutdown)
                  00014e84    0000000c     rtsv7M4_T_le_v4SPD16_eabi.lib : _lock.c.obj (.text:_register_lock)
                  00014e90    0000000c                                   : _lock.c.obj (.text:_register_unlock)
                  00014e9c    0000000c                                   : copy_zero_init.c.obj (.text:decompress:ZI:__TI_zero_init)
                  00014ea8    0000000c     hal_timer_bios.aem4f : lltimer.oem4f (.text:llTimerGetStartTime)
                  00014eb4    00000004     --HOLE-- [fill = 0]
                  00014eb8    0000000c     sysbios.aem4f : BIOS.obj (.text:ti_sysbios_BIOS_getThreadType__E)
                  00014ec4    00000004     --HOLE-- [fill = 0]
                  00014ec8    0000000c                   : BIOS.obj (.text:ti_sysbios_family_arm_lm4_Timer_getMaxTicks__E)
                  00014ed4    0000000c     tcp_client_pem4f.oem4f (.text:ti_sysbios_family_arm_m3_Hwi_Params__init__S)
                  00014ee0    0000000c     sysbios.aem4f : BIOS.obj (.text:ti_sysbios_family_arm_m3_Hwi_disableFxn__E)
                  00014eec    00000004     --HOLE-- [fill = 0]
                  00014ef0    0000000c                   : BIOS.obj (.text:ti_sysbios_family_arm_m3_TaskSupport_checkStack__E)
                  00014efc    00000004     --HOLE-- [fill = 0]
                  00014f00    0000000c                   : BIOS.obj (.text:ti_sysbios_family_arm_m3_TaskSupport_getStackAlignment__E)
                  00014f0c    00000004     --HOLE-- [fill = 0]
                  00014f10    0000000c                   : BIOS.obj (.text:ti_sysbios_gates_GateHwi_enter__E)
                  00014f1c    0000000c     tcp_client_pem4f.oem4f (.text:ti_sysbios_knl_Clock_Params__init__S)
                  00014f28    0000000c     sysbios.aem4f : BIOS.obj (.text:ti_sysbios_knl_Clock_getTicks__E)
                  00014f34    0000000c     tcp_client_pem4f.oem4f (.text:ti_sysbios_knl_Queue_Object__get__S)
                  00014f40    0000000c     tcp_client_pem4f.oem4f (.text:ti_sysbios_knl_Semaphore_Params__init__S)
                  00014f4c    0000000c     tcp_client_pem4f.oem4f (.text:ti_sysbios_knl_Task_Params__init__S)
                  00014f58    0000000c     sysbios.aem4f : BIOS.obj (.text:ti_sysbios_knl_Task_getIdleTask__E)
                  00014f64    00000004     --HOLE-- [fill = 0]
                  00014f68    0000000c                   : BIOS.obj (.text:ti_sysbios_knl_Task_self__E)
                  00014f74    0000000c     ti.targets.arm.rtsarm.aem4f : Error.oem4f (.text:xdc_runtime_Error_init__E)
                  00014f80    0000000c                                 : Gate.oem4f (.text:xdc_runtime_Gate_enterSystem__E)
                  00014f8c    0000000c                                 : Memory.oem4f (.text:xdc_runtime_Memory_calloc__E)
                  00014f98    0000000c                                 : Memory.oem4f (.text:xdc_runtime_Memory_getMaxDefaultTypeAlign__E)
                  00014fa4    0000000a     driverlib.lib : timer.obj (.text:TimerValueGet)
                  00014fae    0000000a     stk.aem4f : file.oem4f (.text:fdint_signalevent)
                  00014fb8    0000000a               : file.oem4f (.text:fdint_signaltimeout)
                  00014fc2    0000000a     tcp_client_pem4f.oem4f (.text:xdc_runtime_IHeap_alloc)
                  00014fcc    0000000a     tcp_client_pem4f.oem4f (.text:xdc_runtime_IHeap_free)
                  00014fd6    00000008     EK_TM4C1294XL.obj (.text:EK_TM4C1294XL_initGPIO)
                  00014fde    00000008     driverlib.lib : emac.obj (.text:EMACTxDMAPollDemand)
                  00014fe6    00000008     stk.aem4f : node.oem4f (.text:NodeFree)
                  00014fee    00000008     os.aem4f : task.oem4f (.text:TaskBlock)
[...]
00017678  ti_sysbios_heaps_HeapMem_reqAlign__C                                 
0001767c  ti_sysbios_knl_Clock_A_badThreadType__C                              
00017680  ti_sysbios_knl_Clock_LM_begin__C                                     
00017684  ti_sysbios_knl_Clock_LM_tick__C                                      
00017688  ti_sysbios_knl_Clock_LW_delayed__C                                   
0001768c  ti_sysbios_knl_Clock_Module_State_clockQ__O                          
00017690  ti_sysbios_knl_Clock_Module__diagsEnabled__C                         
00017694  ti_sysbios_knl_Clock_Module__diagsIncluded__C                        
00017698  ti_sysbios_knl_Clock_Module__diagsMask__C                            
0001769c  ti_sysbios_knl_Clock_Module__loggerFxn1__C                           
000176a0  ti_sysbios_knl_Clock_Module__loggerFxn2__C                           
000176a4  ti_sysbios_knl_Clock_Module__loggerObj__C                            
000176a8  ti_sysbios_knl_Mailbox_Instance_State_freeQue__O                     
000176ac  ti_sysbios_knl_Mailbox_Object__count__C                              
000176b0  ti_sysbios_knl_Mailbox_maxTypeAlign__C                               
000176b4  ti_sysbios_knl_Semaphore_A_badContext__C                             
000176b8  ti_sysbios_knl_Semaphore_A_noEvents__C                               
000176bc  ti_sysbios_knl_Semaphore_A_overflow__C                               
000176c0  ti_sysbios_knl_Semaphore_A_pendTaskDisabled__C                       
000176c4  ti_sysbios_knl_Semaphore_Instance_State_pendQ__O                     
000176c8  ti_sysbios_knl_Semaphore_LM_pend__C                                  
000176cc  ti_sysbios_knl_Semaphore_LM_post__C                                  
000176d0  ti_sysbios_knl_Semaphore_Module__diagsEnabled__C                     
000176d4  ti_sysbios_knl_Semaphore_Module__diagsIncluded__C                    
000176d8  ti_sysbios_knl_Semaphore_Module__diagsMask__C                        
000176dc  ti_sysbios_knl_Semaphore_Module__loggerFxn2__C                       
000176e0  ti_sysbios_knl_Semaphore_Module__loggerFxn4__C                       
000176e4  ti_sysbios_knl_Semaphore_Module__loggerObj__C                        
000176e8  ti_sysbios_knl_Swi_A_badPriority__C                                  
000176ec  ti_sysbios_knl_Swi_LD_end__C                                         
000176f0  ti_sysbios_knl_Swi_LM_begin__C                                       
000176f4  ti_sysbios_knl_Swi_LM_post__C                                        
000176f8  ti_sysbios_knl_Swi_Module__diagsEnabled__C                           
000176fc  ti_sysbios_knl_Swi_Module__diagsIncluded__C                          
00017700  ti_sysbios_knl_Swi_Module__diagsMask__C                              
00017704  ti_sysbios_knl_Swi_Module__loggerFxn1__C                             
00017708  ti_sysbios_knl_Swi_Module__loggerFxn4__C                             
0001770c  ti_sysbios_knl_Swi_Module__loggerObj__C                              
00017710  ti_sysbios_knl_Swi_Object__count__C                                  
00017714  ti_sysbios_knl_Task_A_badPriority__C                                 
00017718  ti_sysbios_knl_Task_A_badTaskState__C                                
0001771c  ti_sysbios_knl_Task_A_badThreadType__C                               
00017720  ti_sysbios_knl_Task_A_badTimeout__C                                  
00017724  ti_sysbios_knl_Task_A_noPendElem__C                                  
00017728  ti_sysbios_knl_Task_A_sleepTaskDisabled__C                           
0001772c  ti_sysbios_knl_Task_E_deleteNotAllowed__C                            
00017730  ti_sysbios_knl_Task_E_spOutOfBounds__C                               
00017734  ti_sysbios_knl_Task_E_stackOverflow__C                               
00017738  ti_sysbios_knl_Task_LD_block__C                                      
0001773c  ti_sysbios_knl_Task_LD_exit__C                                       
00017740  ti_sysbios_knl_Task_LD_ready__C                                      
00017744  ti_sysbios_knl_Task_LM_setPri__C                                     
00017748  ti_sysbios_knl_Task_LM_sleep__C                                      
0001774c  ti_sysbios_knl_Task_LM_switch__C                                     
00017750  ti_sysbios_knl_Task_Module_State_inactiveQ__O                        
00017754  ti_sysbios_knl_Task_Module_State_terminatedQ__O                      
00017758  ti_sysbios_knl_Task_Module__diagsEnabled__C                          
0001775c  ti_sysbios_knl_Task_Module__diagsIncluded__C                         
00017760  ti_sysbios_knl_Task_Module__diagsMask__C                             
00017764  ti_sysbios_knl_Task_Module__loggerFxn2__C                            
00017768  ti_sysbios_knl_Task_Module__loggerFxn4__C                            
0001776c  ti_sysbios_knl_Task_Module__loggerObj__C                             
00017770  ti_sysbios_knl_Task_Object__count__C                                 
00017774  ti_sysbios_knl_Task_Object__heap__C                                  
00017778  ti_sysbios_knl_Task_allBlockedFunc__C                                
0001777c  ti_sysbios_knl_Task_defaultStackHeap__C                              
00017780  ti_sysbios_knl_Task_defaultStackSize__C                              
00017784  ti_sysbios_knl_Task_numConstructedTasks__C                           
00017788  xdc_runtime_Assert_E_assertFailed__C                                 
0001778c  xdc_runtime_Core_A_initializedParams__C                              
00017790  xdc_runtime_Core_Module__diagsEnabled__C                             
00017794  xdc_runtime_Core_Module__diagsIncluded__C                            
00017798  xdc_runtime_Core_Module__diagsMask__C                                
0001779c  xdc_runtime_Error_E_memory__C                                        
000177a0  xdc_runtime_Error_Module__diagsEnabled__C                            
000177a4  xdc_runtime_Error_Module__diagsIncluded__C                           
000177a8  xdc_runtime_Error_Module__diagsMask__C                               
000177ac  xdc_runtime_Error_Module__loggerFxn8__C                              
000177b0  xdc_runtime_Error_Module__loggerObj__C                               
000177b4  xdc_runtime_Error_policyFxn__C                                       
000177b8  xdc_runtime_Error_raiseHook__C                                       
000177bc  xdc_runtime_IGateProvider_Interface__BASE__C                         
000177c0  xdc_runtime_IHeap_Interface__BASE__C                                 
000177c4  xdc_runtime_IModule_Interface__BASE__C                               
000177c8  xdc_runtime_Log_L_error__C                                           
000177cc  xdc_runtime_Memory_defaultHeapInstance__C                            
000177d0  xdc_runtime_Startup_execImpl__C                                      
000177d4  xdc_runtime_Startup_maxPasses__C                                     
000177d8  xdc_runtime_Startup_sfxnRts__C                                       
000177dc  xdc_runtime_Startup_sfxnTab__C                                       
000177e0  xdc_runtime_SysMin_bufSize__C                                        
000177e4  xdc_runtime_SysMin_outputFunc__C                                     
000177e8  xdc_runtime_System_Module__gateObj__C                                
000177ec  xdc_runtime_System_abortFxn__C                                       
000177f0  xdc_runtime_System_exitFxn__C                                        
000177f4  xdc_runtime_System_extendFxn__C                                      
000177f8  xdc_runtime_System_maxAtexitHandlers__C                              
000177fc  xdc_runtime_Text_charTab__C                                          
00017800  xdc_runtime_Text_nameEmpty__C                                        
00017804  xdc_runtime_Text_nameStatic__C                                       
00017808  xdc_runtime_Text_nameUnknown__C                                      
0001780c  xdc_runtime_Text_nodeTab__C                                          
00017810  xdc_runtime_Text_visitRopeFxn__C                                     
00017814  ti_sysbios_gates_GateMutex_Module__id__C                             
00017816  ti_sysbios_hal_Hwi_Module__id__C                                     
00017818  ti_sysbios_heaps_HeapMem_Module__id__C                               
0001781a  ti_sysbios_knl_Clock_Module__id__C                                   
0001781c  ti_sysbios_knl_Clock_Module__loggerDefined__C                        
0001781e  ti_sysbios_knl_Semaphore_Module__id__C                               
00017820  ti_sysbios_knl_Semaphore_Module__loggerDefined__C                    
00017822  ti_sysbios_knl_Swi_Module__id__C                                     
00017824  ti_sysbios_knl_Swi_Module__loggerDefined__C                          
00017826  ti_sysbios_knl_Task_Module__id__C                                    
00017828  ti_sysbios_knl_Task_Module__loggerDefined__C                         
0001782a  xdc_runtime_Core_Module__id__C                                       
0001782c  xdc_runtime_Error_Module__loggerDefined__C                           
0001782e  xdc_runtime_Error_maxDepth__C                                        
00017830  xdc_runtime_Memory_Module__id__C                                     
00017832  xdc_runtime_SysMin_flushAtExit__C                                    
00017834  xdc_runtime_Text_charCnt__C                                          
00017836  xdc_runtime_Text_isLoaded__C                                         
00017838  xdc_runtime_Text_registryModsLastId__C                               
0001783a  xdc_runtime_Text_unnamedModsLastId__C                                
00017840  __TI_static_base__                                                   
00017ba8  __TI_Handler_Table_Base                                              
00017bb4  __TI_Handler_Table_Limit                                             
00017bc8  __TI_CINIT_Base                                                      
00017be0  __TI_CINIT_Limit                                                     
20000000  ti_sysbios_family_arm_m3_Hwi_ramVectors                              
20000380  ti_sysbios_heaps_HeapMem_Instance_State_0_buf__A                     
20005380  ti_ndk_config_Global_pit                                             
20005428  ti_ndk_config_Global_pitBuffer                                       
20009c28  _ICMPIn                                                              
20009c74  PBMQ_free                                                            
20009c80  ti_ndk_config_Global_pBufMem                                         
2000d880  ti_ndk_config_Global_pHdrMem                                         
2000db78  ti_sysbios_knl_Task_Instance_State_0_stack__A                        
2000e178  ti_sysbios_knl_Task_Instance_State_1_stack__A                        
2000e478  ti_sysbios_family_arm_m3_Hwi_dispatchTable                           
2000e7d8  __CIOBUF_                                                            
2000e9f8  tcps                                                                 
2000ed14  xdc_runtime_SysMin_Module_State_0_outbuf__A                          
2000ed94  ips                                                                  
2000edfc  nimu_mcb                                                             
2000ee60  _ICMPOut                                                             
2000eeec  vlan_mcb                                                             
2000ef38  udps                                                                 
2000ef5c  BlockCount                                                           
2000ef78  BlockMax                                                             
2000ef94  PageCount                                                            
2000efb0  PageMax                                                              
2000efcc  stkEvent                                                             
2000f008  raweths                                                              
2000f018  raws                                                                 
2000f028  tpseudo                                                              
2000f034  upseudo                                                              
2000f040  emacObjects                                                          
2000f048  parmbuf                                                              
2000f074  _IGMPInDiscard                                                       
2000f078  _IGMPInQuery                                                         
2000f07c  _IGMPInQueryGroup                                                    
2000f080  _IGMPInResponse                                                      
2000f084  _IGMPOutResponse                                                     
2000f08c  g_ui32SysClock                                                       
2000f090  g_ulStatus                                                           
2000f0a4  raweth_pcb                                                           
2000f0a8  ti_sysbios_knl_Task_Instance_State_0_hookEnv__A                      
2000f0ac  ti_sysbios_knl_Task_Instance_State_1_hookEnv__A                      
2000f0b0  _ipcfg                                                               
2000f164  ti_sysbios_knl_Task_Object__table__V                                 
2000f1fc  ti_sysbios_knl_Swi_Module_State_0_readyQ__A                          
2000f27c  ti_sysbios_knl_Task_Module_State_0_readyQ__A                         
2000f34a  ti_sysbios_family_arm_m3_Hwi_Module_State_0_excActive__A             
2000f34c  ti_sysbios_knl_Task_Module__state__V                                 
2000f410  ti_sysbios_family_arm_lm4_Timer_Module_State_0_device__A             
2000f450  ti_sysbios_family_arm_lm4_Timer_Object__table__V                     
2000f490  ti_sysbios_gates_GateMutex_Object__table__V                          
2000f4fc  ti_sysbios_family_arm_m3_Hwi_Module__state__V                        
2000f530  enablePrefetch                                                       
2000f534  phyCounter                                                           
2000f562  xdc_runtime_Error_Module__state__V                                   
2000f594  ti_sysbios_knl_Swi_Object__table__V                                  
2000f5c4  ti_sysbios_knl_Clock_Module__state__V                                
2000f5f0  pstrMsgName                                                          
2000f618  _oscfg                                                               
2000f63c  PITCount                                                             
2000f640  PITUsed                                                              
2000f644  PITHigh                                                              
2000f660  ti_sysbios_BIOS_Module__state__V                                     
2000f684  ti_sysbios_family_arm_lm4_Timer_Module_State_0_handles__A            
2000f6a4  xdc_runtime_System_Module_State_0_atexitHandlers__A                  
2000f6e0  ti_ndk_config_Global_Id2Size                                         
2000f6fc  ti_sysbios_knl_Swi_Module__state__V                                  
2000f748  ti_ndk_config_Global_HostName                                        
2000f74c  LocalIPAddr                                                          
2000f750  LocalIPMask                                                          
2000f754  GatewayIP                                                            
2000f758  DomainName                                                           
2000f75c  __xdc__init__addr                                                    
2000f760  ti_sysbios_family_arm_m3_Hwi_Object__table__V                        
2000f778  ti_sysbios_heaps_HeapMem_Object__table__V                            
2000f7a4  gpioPinConfigs                                                       
2000f7bc  _IGMPForceVersion1                                                   
2000f7c4  ti_sysbios_family_arm_lm4_Timer_Module__state__V                     
2000f7d0  xdc_runtime_SysMin_Module__state__V                                  
2000f7e8  _lock                                                                
2000f7ec  _unlock                                                              
2000f7f0  NIMUDeviceTable                                                      
2000f7f8  gpioCallbackFunctions                                                
2000f810  _ICMPInErrors                                                        
2000f814  _ICMPOutErrors                                                       
2000f818  _IPExecuting                                                         
2000f830  tcp_iss                                                              
2000f834  ptTimeFirst                                                          
2000f840  ti_sysbios_family_arm_m3_Hwi_Module__root__V                         
2000f848  ti_sysbios_gates_GateHwi_Module__root__V                             
2000f850  ti_sysbios_gates_GateMutex_Module__root__V                           
2000f858  ti_sysbios_heaps_HeapMem_Module__root__V                             
2000f860  ti_sysbios_knl_Clock_Module__root__V                                 
2000f868  ti_sysbios_knl_Queue_Module__root__V                                 
2000f870  ti_sysbios_knl_Semaphore_Module__root__V                             
2000f878  ti_sysbios_knl_Swi_Module__root__V                                   
2000f880  ti_sysbios_knl_Task_Module__root__V                                  
2000f888  xdc_runtime_Registry_Module__state__V                                
2000f890  xdc_runtime_Startup_Module__state__V                                 
2000f898  xdc_runtime_System_Module__state__V                                  
2000f8a0  macAddress                                                           
2000f8c0  errno                                                                
2000f8c4  main_func_sp                                                         
2000f8cc  _IPReasmPtr                                                          
2000f8dc  ti_sysbios_family_arm_m3_Hwi_Module_State_0_excContext__A            
2000f8e0  ti_sysbios_family_arm_m3_Hwi_Module_State_0_excStack__A              
2000f8e4  ti_sysbios_gates_GateHwi_Object__table__V                            
2000f8e8  ti_sysbios_knl_Task_Module_State_0_idleTask__A                       
2000f8ec  xdc_runtime_Memory_Module__state__V                                  
2000f8f0  __stack                                                              
200100f0  __STACK_END                                                          
e000e000  ti_sysbios_family_arm_m3_Hwi_nvic                                    
ffffffff  __TI_pprof_out_hndl                                                  
ffffffff  __TI_prof_data_size                                                  
ffffffff  __TI_prof_data_start                                                 
ffffffff  __binit__                                                            
ffffffff  __c_args__                                                           
ffffffff  binit                                                                
UNDEFED   SHT$$INIT_ARRAY$$Base                                                
UNDEFED   SHT$$INIT_ARRAY$$Limit                                               

[1108 symbols]
