******************************************************************************
                  TI ARM Linker PC v18.1.2                     
******************************************************************************
>> Linked Mon Apr  1 14:05:03 2019

OUTPUT FILE NAME:   <MicPos_tcp.out>
ENTRY POINT SYMBOL: "_c_int00"  address: 0000ce95


MEMORY CONFIGURATION

         name            origin    length      used     unused   attr    fill
----------------------  --------  ---------  --------  --------  ----  --------
  FLASH                 00000000   00100000  0001385e  000ec7a2  R  X
  SRAM                  20000000   00040000  0000ffac  00030054  RW X


SEGMENT ALLOCATION MAP

run origin  load origin   length   init length attrs members
----------  ----------- ---------- ----------- ----- -------
00000000    00000000    00013868   00013868    r-x
  00000000    00000000    0000003c   0000003c    r-- .resetVecs
  00000040    00000040    000110e2   000110e2    r-x .text
  00011124    00011124    000023a8   000023a8    r-- .const
  000134d0    000134d0    00000398   00000398    r-- .cinit
20000000    20000000    00000360   00000000    rw-
  20000000    20000000    00000360   00000000    rw- .vecs
20000380    20000380    0000fc50   00000000    rw-
  20000380    20000380    0000ec28   00000000    rw- .bss
  2000efa8    2000efa8    00000824   00000000    rw- .data
  2000f7d0    2000f7d0    00000800   00000000    rw- .stack


SECTION ALLOCATION MAP

 output                                  attributes/
section   page    origin      length       input sections
--------  ----  ----------  ----------   ----------------
.text      0    00000040    000110e2     
                  00000040    00000c68     stk.aem4f : tcpin.oem4f (.text:TcpInput)
                  00000ca8    000008b8               : tcpout.oem4f (.text:TcpOutput)
                  00001560    00000430     sysbios.aem4f : BIOS.obj (.text:ti_sysbios_family_arm_m3_Hwi_excDumpRegs__I)
                  00001990    00000408     stk.aem4f : ipout.oem4f (.text:IPTxPacket)
                  00001d98    00000384               : ipin.oem4f (.text:IPRxPacket)
                  0000211c    0000034c     ti.targets.arm.rtsarm.aem4f : System.oem4f (.text:xdc_runtime_System_doPrint__I)
                  00002468    00000284     stk.aem4f : sock.oem4f (.text:SockSet)
                  000026ec    0000024c               : ipfrag.oem4f (.text:IPReasm)
                  00002938    0000023c               : icmpin.oem4f (.text:ICMPInput)
                  00002b74    00000238               : udp.oem4f (.text:UdpInput)
                  00002dac    00000204     Boot.aem4f : Boot_sysctl.oem4f (.text:ti_catalog_arm_cortexm4_tiva_ce_Boot_sysCtlClockFreqSetI__I)
                  00002fb0    000001fc     sysbios.aem4f : BIOS.obj (.text:ti_sysbios_family_arm_m3_Hwi_excHandlerMax__I)
                  000031ac    000001f4     stk.aem4f : sock.oem4f (.text:SockRecv)
                  000033a0    000001e8     tcpEcho.obj (.text:tcpHandler)
                  00003588    000001b8     drivers_tivaware.aem4f : EMACSnow.oem4f (.text:EMACSnow_NIMUInit)
                  00003740    000001b0     stk.aem4f : lliout.oem4f (.text:LLITxIpPacket)
                  000038f0    000001ac               : lliin.oem4f (.text:LLIRxPacket)
                  00003a9c    0000019c     os.aem4f : mem.oem4f (.text:mmAlloc)
                  00003c38    00000198     stk.aem4f : igmp.oem4f (.text:IGMPInput)
                  00003dd0    00000190               : sock.oem4f (.text:SockNew)
                  00003f60    00000174     netctrl_min_ipv4.aem4f : netctrl.oem4f (.text:NC_NetStart)
                  000040d4    00000004     stk.aem4f : bind.oem4f (.text:BindGetIF)
                  000040d8    00000174     sysbios.aem4f : BIOS.obj (.text:ti_sysbios_family_arm_m3_Hwi_excBusFault__I)
                  0000424c    00000170     stk.aem4f : rtc.oem4f (.text:RTCReport)
                  000043bc    0000016a               : sb.oem4f (.text:SBRead)
                  00004526    00000002     hal_userled_stub.aem4f : llled.oem4f (.text:LED_TOGGLE)
                  00004528    00000164     sysbios.aem4f : BIOS.obj (.text:ti_sysbios_family_arm_m3_Hwi_excUsageFault__I)
                  0000468c    00000160     stk.aem4f : sock.oem4f (.text:SockConnect)
                  000047ec    00000158     nettool_ipv4.aem4f : dhcpmain.oem4f (.text:DHCPOpen)
                  00004944    00000150     drivers_tivaware.aem4f : GPIOTiva.oem4f (.text:GPIO_setConfig)
                  00004a94    00000004     stk.aem4f : bind.oem4f (.text:BindGetNext)
                  00004a98    00000150     sysbios.aem4f : BIOS.obj (.text:ti_sysbios_knl_Task_Instance_finalize__E)
                  00004be8    00000148                   : BIOS.obj (.text:ti_sysbios_family_arm_m3_Hwi_excMemFault__I)
                  00004d30    00000144     stk.aem4f : bind.oem4f (.text:BindNew)
                  00004e74    00000140               : tcp.oem4f (.text:TcpTimeoutCheck)
                  00004fb4    0000013c     nettool_ipv4.aem4f : config.oem4f (.text:CfgAddEntry)
                  000050f0    0000013c     stk.aem4f : sockint.oem4f (.text:SockNotify)
                  0000522c    0000013c               : sock.oem4f (.text:SockSend)
                  00005368    00000138     sysbios.aem4f : BIOS.obj (.text:ti_sysbios_knl_Semaphore_pend__E)
                  000054a0    00000134     stk.aem4f : icmp.oem4f (.text:ICMPGenPacket)
                  000055d4    00000130     driverlib.lib : gpio.obj (.text:GPIOPadConfigSet)
                  00005704    0000012c     EK_TM4C1294XL.obj (.text:EK_TM4C1294XL_initEMAC)
                  00005830    00000124     stk.aem4f : sockpcb.oem4f (.text:SockPcbResolve)
                  00005954    00000124               : udp.oem4f (.text:UdpOutput)
                  00005a78    00000124     tcpEcho_pem4f.oem4f (.text:ti_ndk_config_Global_stackThread)
                  00005b9c    00000118     stk.aem4f : tcpout.oem4f (.text:TcpGenPacket)
                  00005cb4    00000118     ti.targets.arm.rtsarm.aem4f : Error.oem4f (.text:xdc_runtime_Error_policyDefault__E)
                  00005dcc    00000114     stk.aem4f : nimu.oem4f (.text:NIMUIoctl)
                  00005ee0    00000110               : node.oem4f (.text:NodeTreeFree)
                  00005ff0    00000110               : raw.oem4f (.text:RawInput)
                  00006100    0000010c               : rtable.oem4f (.text:RtFind)
                  0000620c    0000010a               : route.oem4f (.text:RtCreate)
                  00006316    00000002               : nat.oem4f (.text:NatMsg)
                  00006318    00000108     drivers_tivaware.aem4f : EMACSnow.oem4f (.text:EMACSnow_emacStart)
                  00006420    00000108     sysbios.aem4f : BIOS.obj (.text:ti_sysbios_family_arm_lm4_Timer_start__E)
                  00006528    00000104     os.aem4f : task.oem4f (.text:llEnter)
                  0000662c    00000102     nettool_ipv4.aem4f : dhcppkt.oem4f (.text:dhcpPacketProcess)
                  0000672e    00000102                        : inetaddr.oem4f (.text:inet_aton)
                  00006830    00000100     stk.aem4f : igmp.oem4f (.text:IGMPSendReply)
                  00006930    00000100     ti.targets.arm.rtsarm.aem4f : Core-mem.oem4f (.text:xdc_runtime_Core_createObject__I)
                  00006a30    000000fc     netctrl_min_ipv4.aem4f : netctrl.oem4f (.text:NetScheduler)
                  00006b2c    000000f8     stk.aem4f : pipe.oem4f (.text:PipeRecv)
                  00006c24    000000f8     ti.targets.arm.rtsarm.aem4f : Startup.oem4f (.text:xdc_runtime_Startup_startMods__I)
                  00006d1c    000000f8     tcpEcho_pem4f.oem4f (.text:xdc_runtime_System_printfExtend__I)
                  00006e14    000000f4     os.aem4f : task.oem4f (.text:TaskGetEnv)
                  00006f08    000000f4     sysbios.aem4f : m3_Hwi_asm.obj (.text:ti_sysbios_family_arm_m3_Hwi_dispatch__I)
                  00006ffc    00000004     os.aem4f : ossys.oem4f (.text:NDK_vsprintf)
                  00007000    000000f4     sysbios.aem4f : BIOS.obj (.text:ti_sysbios_knl_Task_Instance_init__E)
                  000070f4    000000f0     stk.aem4f : lliout.oem4f (.text:LLIGenArpPacket)
                  000071e4    000000f0               : sock.oem4f (.text:SockClose)
                  000072d4    00000004               : node.oem4f (.text:NodeSetRt)
                  000072d8    000000ec     sysbios.aem4f : BIOS.obj (.text:ti_sysbios_knl_Task_postInit__I)
                  000073c4    000000e8     os.aem4f : task.oem4f (.text:TaskSetEnv)
                  000074ac    000000e0     stk.aem4f : tcptime.oem4f (.text:TcpTimeoutRexmt)
                  0000758c    000000dc               : sb.oem4f (.text:SBWrite)
                  00007668    000000dc     nettool_ipv4.aem4f : dhcpsock.oem4f (.text:dhcpSocketOpen)
                  00007744    000000dc                        : dhcpsm.oem4f (.text:dhcpState)
                  00007820    000000d8     stk.aem4f : node.oem4f (.text:NodeAdd)
                  000078f8    000000d8               : tcpprot.oem4f (.text:TcpPrSetOption)
                  000079d0    000000d4     drivers_tivaware.aem4f : EMACSnow.oem4f (.text:EMACSnow_handleRx)
                  00007aa4    000000d4     stk.aem4f : sockpcb.oem4f (.text:SockPcbBind)
                  00007b78    000000d4     sysbios.aem4f : BIOS.obj (.text:ti_sysbios_heaps_HeapMem_alloc__E)
                  00007c4c    000000d1     stk.aem4f : nimu.oem4f (.text:NIMUReceivePacket)
                  00007d1d    00000001     --HOLE-- [fill = 0]
                  00007d1e    00000002     os.aem4f : task.oem4f (.text:_TaskInit)
                  00007d20    000000cc     stk.aem4f : icmp.oem4f (.text:ICMPSendRtAdv)
                  00007dec    000000cc     nettool_ipv4.aem4f : dhcpbild.oem4f (.text:dhcpBuildHeader)
                  00007eb8    000000cc                        : dhcpsm.oem4f (.text:dhcpIPAdd)
                  00007f84    000000cc                        : dhcppkt.oem4f (.text:dhcpVerifyMessage)
                  00008050    000000cc     ti.targets.arm.rtsarm.aem4f : Core-smem.oem4f (.text:xdc_runtime_Core_constructObject__I)
                  0000811c    000000c8     stk.aem4f : rawethsock.oem4f (.text:RawEthSockNew)
                  000081e4    000000c8     netctrl_min_ipv4.aem4f : netsrv.oem4f (.text:SPIpNet)
                  000082ac    00000004     stk.aem4f : rawethsock_prot.oem4f (.text:RawEthSockPrAttach)
                  000082b0    000000c8     sysbios.aem4f : BIOS.obj (.text:ti_sysbios_knl_Task_sleep__E)
                  00008378    000000c4     drivers_tivaware.aem4f : EMACSnow.oem4f (.text:EMACSnow_InitDMADescriptors)
                  0000843c    000000c4     stk.aem4f : igmp.oem4f (.text:IGMPJoinHostGroup)
                  00008500    000000c4     nettool_ipv4.aem4f : dhcpsm.oem4f (.text:StateBound)
                  000085c4    000000c0     tcpEcho.obj (.text:tcpWorker)
                  00008684    000000bc     stk.aem4f : sockpcb.oem4f (.text:SockPcbFind)
                  00008740    000000bc               : vlan.oem4f (.text:VLANDeinit)
                  000087fc    00000004               : rawethsock_prot.oem4f (.text:RawEthSockPrDetach)
                  00008800    000000bc     sysbios.aem4f : BIOS.obj (.text:ti_sysbios_family_arm_m3_Hwi_excDebugMon__I)
                  000088bc    00000004     os.aem4f : semaphore.oem4f (.text:SemPend)
                  000088c0    000000bc     sysbios.aem4f : BIOS.obj (.text:ti_sysbios_family_arm_m3_Hwi_excHardFault__I)
                  0000897c    000000b8     EK_TM4C1294XL.obj (.text:EK_TM4C1294XL_initGeneral)
                  00008a34    000000b8     stk.aem4f : icmpin.oem4f (.text:ICMPRevSrcRoute)
                  00008aec    000000b8               : lli.oem4f (.text:_LLITimeoutCheck)
                  00008ba4    00000004     os.aem4f : semaphore.oem4f (.text:SemPost)
                  00008ba8    000000b8     sysbios.aem4f : BIOS.obj (.text:ti_sysbios_knl_Task_exit__E)
                  00008c60    000000b4     stk.aem4f : tcptime.oem4f (.text:TcpTimeoutKeep)
                  00008d14    00000004     os.aem4f : semaphore.oem4f (.text:SemReset)
                  00008d18    000000b4     sysbios.aem4f : BIOS.obj (.text:ti_sysbios_knl_Task_checkStacks__E)
                  00008dcc    000000b0     stk.aem4f : rawethsock.oem4f (.text:RawEthSockSet)
                  00008e7c    000000ac               : rtable.oem4f (.text:RtTimeoutCheck)
                  00008f28    000000ac     tcpEcho_pem4f.oem4f (.text:ti_ndk_config_ip_init)
                  00008fd4    00000004     os.aem4f : task.oem4f (.text:TaskSelf)
                  00008fd8    000000ac     sysbios.aem4f : BIOS.obj (.text:ti_sysbios_family_arm_lm4_Timer_enableTiva__I)
                  00009084    000000a8     stk.aem4f : sockint.oem4f (.text:SockCreatePacket)
                  0000912c    00000004     os.aem4f : task.oem4f (.text:TaskSetPri)
                  00009130    000000a4     sysbios.aem4f : BIOS.obj (.text:ti_sysbios_knl_Task_setPri__E)
                  000091d4    000000a0     stk.aem4f : ip.oem4f (.text:IPGetRoute)
                  00009274    000000a0     auto_init.aem4f : auto_init.oem4f (.text)
                  00009314    000000a0     ti.targets.arm.rtsarm.aem4f : Text.oem4f (.text:xdc_runtime_Text_putMod__E)
                  000093b4    0000009e     stk.aem4f : nimu.oem4f (.text:NIMUAddEthernetHeader)
                  00009452    0000009e     nettool_ipv4.aem4f : dhcpbild.oem4f (.text:dhcpBuildRequest)
                  000094f0    0000009c     stk.aem4f : exec.oem4f (.text:ExecOpen)
                  0000958c    0000009c     rtsv7M4_T_le_v4SPD16_eabi.lib : memcpy_t2.asm.obj (.text)
                  00009628    0000009a     ti.targets.arm.rtsarm.aem4f : Text.oem4f (.text:xdc_runtime_Text_putSite__E)
                  000096c2    00000002     os.aem4f : task.oem4f (.text:_TaskShutdown)
                  000096c4    00000098     netctrl_min_ipv4.aem4f : netctrl.oem4f (.text:NC_SystemOpen)
                  0000975c    00000098                            : netsrv.oem4f (.text:ServiceScan)
                  000097f4    00000098     Boot.aem4f : Boot.oem4f (.text:ti_catalog_arm_cortexm4_tiva_ce_Boot_sysCtlClockFreqSet__E)
                  0000988c    00000004     hal_ser_stub.aem4f : llserstb.oem4f (.text:_llSerialInit)
                  00009890    00000098     sysbios.aem4f : BIOS.obj (.text:ti_sysbios_knl_Task_schedule__I)
                  00009928    00000096     tcpEcho.obj (.text:main)
                  000099be    00000002     hal_ser_stub.aem4f : llserstb.oem4f (.text:_llSerialServiceCheck)
                  000099c0    00000094     nettool_ipv4.aem4f : config.oem4f (.text:CfgRemoveEntry)
                  00009a54    00000004     rtsv7M4_T_le_v4SPD16_eabi.lib : exit.c.obj (.text:abort:abort)
                  00009a58    00000094     sysbios.aem4f : BIOS.obj (.text:ti_sysbios_family_arm_m3_Hwi_Instance_init__E)
                  00009aec    00000004     stk.aem4f : listlib.oem4f (.text:list_get_head)
                  00009af0    00000094     sysbios.aem4f : BIOS.obj (.text:ti_sysbios_family_arm_m3_Hwi_initNVIC__E)
                  00009b84    00000090     nettool_ipv4.aem4f : config.oem4f (.text:CfgExecute)
                  00009c14    00000090     stk.aem4f : igmp.oem4f (.text:IGMPMsg)
                  00009ca4    00000090     os.aem4f : mem.oem4f (.text:mmBulkAlloc)
                  00009d34    00000004     stk.aem4f : listlib.oem4f (.text:list_get_next)
                  00009d38    00000090     sysbios.aem4f : BIOS.obj (.text:ti_sysbios_knl_Task_Module_startup__E)
                  00009dc8    00000090                   : BIOS.obj (.text:ti_sysbios_knl_Task_startCore__E)
                  00009e58    0000008c     drivers_tivaware.aem4f : GPIOTiva.oem4f (.text:GPIO_init)
                  00009ee4    0000008c     stk.aem4f : ip.oem4f (.text:IPMsg)
                  00009f70    0000008c     os.aem4f : mem.oem4f (.text:_mmInit)
                  00009ffc    0000008c              : mem.oem4f (.text:mmInitPage)
                  0000a088    0000008c     sysbios.aem4f : m3_TaskSupport_asm.obj (.text:ti_sysbios_family_arm_m3_TaskSupport_buildTaskStack)
                  0000a114    0000008a     netctrl_min_ipv4.aem4f : netsrv.oem4f (.text:SPRoute)
                  0000a19e    00000002     hal_ser_stub.aem4f : llserstb.oem4f (.text:_llSerialShutdown)
                  0000a1a0    00000088     netctrl_min_ipv4.aem4f : netsrv.oem4f (.text:ServiceSpawn)
                  0000a228    00000088     stk.aem4f : sockpcb.oem4f (.text:SockPcbCtlError)
                  0000a2b0    00000086     nettool_ipv4.aem4f : dhcpsm.oem4f (.text:StateRequesting)
                  0000a336    00000002     hal_userled_stub.aem4f : llled.oem4f (.text:_llUserLedInit)
                  0000a338    00000084     nettool_ipv4.aem4f : config.oem4f (.text:CfgGetEntry)
                  0000a3bc    00000084     drivers_tivaware.aem4f : EMACSnow.oem4f (.text:EMACSnow_processPhyInterrupt)
                  0000a440    00000084     stk.aem4f : tcpprot.oem4f (.text:TcpPrAttach)
                  0000a4c4    00000084     os.aem4f : mem.oem4f (.text:mmBulkFree)
                  0000a548    00000084              : mem.oem4f (.text:mmFree)
                  0000a5cc    00000004     tcpEcho_pem4f.oem4f (.text:ti_ndk_config_Global_NetworkOpen)
                  0000a5d0    00000084     sysbios.aem4f : BIOS.obj (.text:ti_sysbios_family_arm_m3_Hwi_postInit__I)
                  0000a654    00000082     nettool_ipv4.aem4f : dhcpsm.oem4f (.text:StateRenewRebind)
                  0000a6d6    00000002     hal_userled_stub.aem4f : llled.oem4f (.text:_llUserLedShutdown)
                  0000a6d8    00000080     drivers_tivaware.aem4f : EMACSnow.oem4f (.text:EMACSnow_emacStop)
                  0000a758    00000080                            : EMACSnow.oem4f (.text:EMACSnow_processPendingTx)
                  0000a7d8    00000080     stk.aem4f : lli.oem4f (.text:LLINew)
                  0000a858    00000080     netctrl_min_ipv4.aem4f : netsrv.oem4f (.text:NS_BootTask)
                  0000a8d8    00000080     stk.aem4f : pbm.oem4f (.text:PBM_alloc)
                  0000a958    00000080               : raw.oem4f (.text:RawOutput)
                  0000a9d8    0000007f     tcpEcho_pem4f.oem4f (.text:ti_ndk_config_Global_NetworkIPAddr)
                  0000aa57    00000001     --HOLE-- [fill = 0]
                  0000aa58    0000007e     stk.aem4f : fileuser.oem4f (.text:fdClose)
                  0000aad6    00000002     rtsv7M4_T_le_v4SPD16_eabi.lib : _lock.c.obj (.text:_nop)
                  0000aad8    0000007c     nettool_ipv4.aem4f : config.oem4f (.text:CfgGetNextEntry)
                  0000ab54    0000007c     drivers_tivaware.aem4f : EMACSnow.oem4f (.text:EMACSnow_hwiIntFxn)
                  0000abd0    0000007c     stk.aem4f : igmp.oem4f (.text:IGMPDoMCast)
                  0000ac4c    0000007c               : igmp.oem4f (.text:IGMPJoin)
                  0000acc8    0000007c               : socket.oem4f (.text:NDK_setsockopt)
                  0000ad44    0000007c               : nimu.oem4f (.text:NIMURegister)
                  0000adc0    0000007c               : pbm.oem4f (.text:PBM_free)
                  0000ae3c    00000004     tcpEcho_pem4f.oem4f (.text:ti_sysbios_BIOS_RtsGateProxy_enter__E)
                  0000ae40    0000007c     sysbios.aem4f : BIOS.obj (.text:ti_sysbios_heaps_HeapMem_free__E)
                  0000aebc    0000007a     stk.aem4f : sock.oem4f (.text:SockAccept)
                  0000af36    0000007a     rtsv7M4_T_le_v4SPD16_eabi.lib : memset_t2.asm.obj (.text)
                  0000afb0    00000078     driverlib.lib : emac.obj (.text:EMACInit)
                  0000b028    00000078     stk.aem4f : socket.oem4f (.text:NDK_sendto)
                  0000b0a0    00000078               : tcptime.oem4f (.text:TcpXmitTimer)
                  0000b118    00000078               : fileuser.oem4f (.text:fdOpenSession)
                  0000b190    00000078     os.aem4f : task.oem4f (.text:llExit)
                  0000b208    00000076     stk.aem4f : pipe.oem4f (.text:PipeSend)
                  0000b27e    00000002     hal_ser_stub.aem4f : llserstb.oem4f (.text:llSerialService)
                  0000b280    00000075     stk.aem4f : tcptime.oem4f (.text:TcpTimeoutSackRexmt)
                  0000b2f5    00000001     --HOLE-- [fill = 0]
                  0000b2f6    00000002     rtsv7M4_T_le_v4SPD16_eabi.lib : div0.asm.obj (.text)
                  0000b2f8    00000074     stk.aem4f : igmp.oem4f (.text:IGMPLeaveHostGroup)
                  0000b36c    00000074               : nimu.oem4f (.text:NIMUShutdown)
                  0000b3e0    00000074               : raweth.oem4f (.text:RawEthRxPacket)
                  0000b454    00000074               : sockpcb.oem4f (.text:SockPcbConnect)
                  0000b4c8    00000074     tcpEchoHooks.obj (.text:netOpenHook)
                  0000b53c    00000072     os.aem4f : semaphore.oem4f (.text:SemCreateBinary)
                  0000b5ae    00000070     stk.aem4f : socket.oem4f (.text:NDK_accept)
                  0000b61e    00000070               : socket.oem4f (.text:NDK_send)
                  0000b68e    00000002     tcpEcho_pem4f.oem4f (.text:ti_ndk_config_Global_NetworkClose)
                  0000b690    00000070     stk.aem4f : rtable.oem4f (.text:RtFlush)
                  0000b700    00000070     netctrl_min_ipv4.aem4f : netsrv.oem4f (.text:SPConfig)
                  0000b770    00000070     stk.aem4f : sock.oem4f (.text:SockShutdown)
                  0000b7e0    00000070     nettool_ipv4.aem4f : dhcptags.oem4f (.text:dhcpDecodeType)
                  0000b850    00000070     sysbios.aem4f : BIOS.obj (.text:ti_sysbios_knl_Clock_workFunc__E)
                  0000b8c0    0000006e     stk.aem4f : socket.oem4f (.text:NDK_recv)
                  0000b92e    00000002     tcpEcho_pem4f.oem4f (.text:ti_sysbios_BIOS_nullFunc__I)
                  0000b930    0000006e     stk.aem4f : rtable.oem4f (.text:RtWalkNext)
                  0000b99e    0000006e               : sockpcb.oem4f (.text:SockPcbFindRaw)
                  0000ba0c    0000006d               : node.oem4f (.text:NodeNew)
                  0000ba79    00000001     --HOLE-- [fill = 0]
                  0000ba7a    00000002     tcpEcho_pem4f.oem4f (.text:xdc_runtime_Startup_reset__I)
                  0000ba7c    0000006d     ti.targets.arm.rtsarm.aem4f : System.oem4f (.text:xdc_runtime_System_formatNum__I)
                  0000bae9    00000003     --HOLE-- [fill = 0]
                  0000baec    0000006c     os.aem4f : ossys.oem4f (.text:DbgPrintf)
                  0000bb58    0000006c     stk.aem4f : node.oem4f (.text:NodeTreeNew)
                  0000bbc4    0000006c               : raweth.oem4f (.text:RawEthTxPacket)
                  0000bc30    0000006c               : udp.oem4f (.text:UdpChecksum)
                  0000bc9c    00000004     tcpEcho_pem4f.oem4f (.text:ti_sysbios_BIOS_RtsGateProxy_leave__E)
                  0000bca0    0000006c     sysbios.aem4f : BIOS.obj (.text:ti_sysbios_knl_Swi_restoreHwi__E)
                  0000bd0c    0000006c     ti.targets.arm.rtsarm.aem4f : Error.oem4f (.text:xdc_runtime_Error_print__E)
                  0000bd78    0000006c                                 : Memory.oem4f (.text:xdc_runtime_Memory_alloc__E)
                  0000bde4    0000006a     stk.aem4f : tcpprot.oem4f (.text:TcpPrInherit)
                  0000be4e    00000068               : socket.oem4f (.text:NDK_socket)
                  0000beb6    00000002     --HOLE-- [fill = 0]
                  0000beb8    00000068               : pbm.oem4f (.text:PBM_open)
                  0000bf20    00000068               : sock.oem4f (.text:SockListen)
                  0000bf88    00000068               : rtable.oem4f (.text:_RtNodeInsert)
                  0000bff0    00000068     rtsv7M4_T_le_v4SPD16_eabi.lib : copy_decompress_lzss.c.obj (.text:decompress:lzss:__TI_decompress_lzss)
                  0000c058    00000066     ti.targets.arm.rtsarm.aem4f : Core-mem.oem4f (.text:xdc_runtime_Core_deleteObject__I)
                  0000c0be    00000002     --HOLE-- [fill = 0]
                  0000c0c0    00000064     nettool_ipv4.aem4f : config.oem4f (.text:CfgFree)
                  0000c124    00000064     drivers_tivaware.aem4f : GPIOTiva.oem4f (.text:GPIO_hwiIntFxn)
                  0000c188    00000064     stk.aem4f : pbm.oem4f (.text:PBMQ_enq)
                  0000c1ec    00000064               : sockint.oem4f (.text:SockSpawnAbort)
                  0000c250    00000064     hal_timer_bios.aem4f : lltimer.oem4f (.text:llTimerTick)
                  0000c2b4    00000004     sysbios.aem4f : BIOS.obj (.text:ti_sysbios_family_arm_lm4_Timer_masterEnable__I)
                  0000c2b8    00000064                   : BIOS.obj (.text:ti_sysbios_family_arm_lm4_Timer_Module_startup__E)
                  0000c31c    00000064     tcpEcho_pem4f.oem4f (.text:ti_sysbios_family_arm_m3_Hwi_create)
                  0000c380    00000064     sysbios.aem4f : BIOS.obj (.text:ti_sysbios_family_arm_m3_Hwi_dispatchC__I)
                  0000c3e4    00000004     tcpEcho_pem4f.oem4f (.text:ti_sysbios_family_arm_m3_Hwi_delete)
                  0000c3e8    00000064     sysbios.aem4f : BIOS.obj (.text:ti_sysbios_knl_Semaphore_post__E)
                  0000c44c    00000064     stk.aem4f : lliin.oem4f (.text:updateRtTable)
                  0000c4b0    00000062               : ipin.oem4f (.text:IPRouteIP)
                  0000c512    00000002     --HOLE-- [fill = 0]
                  0000c514    00000062               : sb.oem4f (.text:SBNew)
                  0000c576    00000002     --HOLE-- [fill = 0]
                  0000c578    00000060     nettool_ipv4.aem4f : config.oem4f (.text:CfgGetEntryCnt)
                  0000c5d8    00000060     stk.aem4f : file.oem4f (.text:FdWaitEvent)
                  0000c638    00000060               : nimu.oem4f (.text:NIMUUnregister)
                  0000c698    00000060               : node.oem4f (.text:NodeFind)
                  0000c6f8    00000060               : rtc.oem4f (.text:RTCMsg)
                  0000c758    00000060               : tcp.oem4f (.text:TcpChecksum)
                  0000c7b8    00000060     nettool_ipv4.aem4f : dhcptags.oem4f (.text:dhcpBuildOptions)
                  0000c818    0000005e     stk.aem4f : route.oem4f (.text:RtRemove)
                  0000c876    0000005e     nettool_ipv4.aem4f : dhcpsm.oem4f (.text:StateSelecting)
                  0000c8d4    0000005e     stk.aem4f : vlan.oem4f (.text:VLANReceivePacket)
                  0000c932    00000002     --HOLE-- [fill = 0]
                  0000c934    0000005c     nettool_ipv4.aem4f : config.oem4f (.text:CfgSetExecuteOrder)
                  0000c990    0000005c     stk.aem4f : nimu.oem4f (.text:NIMUIoctlSpecialCmd)
                  0000c9ec    0000005c     netctrl_min_ipv4.aem4f : netsrv.oem4f (.text:SPService)
                  0000ca48    0000005c     tcpEcho_pem4f.oem4f (.text:ti_sysbios_knl_Swi_create)
                  0000caa4    00000004     tcpEcho_pem4f.oem4f (.text:ti_sysbios_family_arm_m3_TaskSupport_Module__startupDone__S)
                  0000caa8    0000005c     sysbios.aem4f : BIOS.obj (.text:ti_sysbios_knl_Swi_run__I)
                  0000cb04    00000004     tcpEcho_pem4f.oem4f (.text:ti_sysbios_heaps_HeapMem_Module_GateProxy_enter__E)
                  0000cb08    0000005c     sysbios.aem4f : BIOS.obj (.text:ti_sysbios_knl_Swi_schedule__I)
                  0000cb64    0000005c     tcpEcho_pem4f.oem4f (.text:ti_sysbios_knl_Task_create)
                  0000cbc0    0000005c     sysbios.aem4f : BIOS.obj (.text:ti_sysbios_knl_Task_unblockI__E)
                  0000cc1c    0000005b     ti.targets.arm.rtsarm.aem4f : Text.oem4f (.text:xdc_runtime_Text_putLab__E)
                  0000cc77    00000001     --HOLE-- [fill = 0]
                  0000cc78    0000005a     stk.aem4f : route.oem4f (.text:RtRedirect)
                  0000ccd2    0000005a               : tcpprot.oem4f (.text:TcpValidateMetrics)
                  0000cd2c    0000005a     nettool_ipv4.aem4f : dhcpbild.oem4f (.text:dhcpBuildDecline)
                  0000cd86    0000005a     os.aem4f : mem.oem4f (.text:mmCopy)
                  0000cde0    0000005a     tcpEcho_pem4f.oem4f (.text:ti_ndk_config_tcp_init)
                  0000ce3a    00000002     --HOLE-- [fill = 0]
                  0000ce3c    00000058     stk.aem4f : bind.oem4f (.text:BindFree)
                  0000ce94    00000058     boot.aem4f : boot.oem4f (.text)
                  0000ceec    00000058     driverlib.lib : emac.obj (.text:EMACPHYConfigSet)
                  0000cf44    00000058     rtsv7M4_T_le_v4SPD16_eabi.lib : hostwrite.c.obj (.text:HOSTwrite)
                  0000cf9c    00000058     stk.aem4f : igmp.oem4f (.text:IGMPTimer)
                  0000cff4    00000058     os.aem4f : semaphore.oem4f (.text:SemCreate)
                  0000d04c    00000058     sysbios.aem4f : m3_Hwi_asm_switch.obj (.text:ti_sysbios_family_arm_m3_Hwi_initStacks__E)
                  0000d0a4    00000056     driverlib.lib : gpio.obj (.text:GPIOIntTypeSet)
                  0000d0fa    00000002     --HOLE-- [fill = 0]
                  0000d0fc    00000054     nettool_ipv4.aem4f : config.oem4f (.text:CfgEntryDeRef)
                  0000d150    00000054     stk.aem4f : igmp.oem4f (.text:IGMPLeave)
                  0000d1a4    00000054               : rawethsock_pcb.oem4f (.text:RawEthSockPcbAttach)
                  0000d1f8    00000054               : sockpcb.oem4f (.text:SockCleanPcb)
                  0000d24c    00000054               : tcptime.oem4f (.text:TcpTimeoutPersist)
                  0000d2a0    00000054     sysbios.aem4f : BIOS.obj (.text:ti_sysbios_family_arm_lm4_Timer_initDevice__I)
                  0000d2f4    00000004     tcpEcho_pem4f.oem4f (.text:ti_sysbios_heaps_HeapMem_Module_GateProxy_leave__E)
                  0000d2f8    00000054     sysbios.aem4f : BIOS.obj (.text:ti_sysbios_knl_Swi_Instance_init__E)
                  0000d34c    00000054     ti.targets.arm.rtsarm.aem4f : Assert.oem4f (.text:xdc_runtime_Assert_raise__I)
                  0000d3a0    00000052     stk.aem4f : tcpprot.oem4f (.text:TcpPrDetach)
                  0000d3f2    00000002     --HOLE-- [fill = 0]
                  0000d3f4    00000050     drivers_tivaware.aem4f : GPIOTiva.oem4f (.text:GPIO_setCallback)
                  0000d444    00000050     stk.aem4f : socket.oem4f (.text:NDK_bind)
                  0000d494    00000050               : route.oem4f (.text:RtNew)
                  0000d4e4    00000050     driverlib.lib : sysctl.obj (.text:SysCtlPeripheralReset)
                  0000d534    00000050     Boot.aem4f : Boot_sysctl.oem4f (.text:_SysCtlFrequencyGet)
                  0000d584    00000004     tcpEcho_pem4f.oem4f (.text:ti_sysbios_knl_Clock_TimerProxy_getMaxTicks__E)
                  0000d588    00000050     sysbios.aem4f : BIOS.obj (.text:ti_sysbios_family_arm_m3_Hwi_Module_startup__E)
                  0000d5d8    00000050                   : BIOS.obj (.text:ti_sysbios_knl_Clock_Instance_init__E)
                  0000d628    00000050     ti.targets.arm.rtsarm.aem4f : Startup.oem4f (.text:xdc_runtime_Startup_exec__E)
                  0000d678    00000050                                 : Text.oem4f (.text:xdc_runtime_Text_visitRope2__I)
                  0000d6c8    0000004e     stk.aem4f : node.oem4f (.text:NodeDeRef)
                  0000d716    0000004e     nettool_ipv4.aem4f : config.oem4f (.text:_CfgEntryScan)
                  0000d764    0000004c                        : ipaddr.oem4f (.text:NtAddNetwork)
                  0000d7b0    0000004c     stk.aem4f : sockint.oem4f (.text:SockValidateRoute)
                  0000d7fc    0000004c     rtsv7M4_T_le_v4SPD16_eabi.lib : cpy_tbl.c.obj (.text:copy_in)
                  0000d848    0000004c     sysbios.aem4f : BIOS.obj (.text:ti_sysbios_heaps_HeapMem_getStats__E)
                  0000d894    00000004     tcpEcho_pem4f.oem4f (.text:ti_sysbios_knl_Queue_destruct)
                  0000d898    0000004c     sysbios.aem4f : BIOS.obj (.text:ti_sysbios_knl_Swi_runLoop__I)
                  0000d8e4    00000004     tcpEcho_pem4f.oem4f (.text:ti_sysbios_knl_Semaphore_delete)
                  0000d8e8    0000004c     sysbios.aem4f : BIOS.obj (.text:ti_sysbios_knl_Task_allBlockedFunction__I)
                  0000d934    0000004a     netctrl_min_ipv4.aem4f : netsrv.oem4f (.text:ServiceKill)
                  0000d97e    0000004a     stk.aem4f : sock.oem4f (.text:SockDisconnect)
                  0000d9c8    0000004a               : timer.oem4f (.text:TimerNew)
                  0000da12    00000048     nettool_ipv4.aem4f : config.oem4f (.text:CfgNew)
                  0000da5a    00000002     --HOLE-- [fill = 0]
                  0000da5c    00000048     driverlib.lib : gpio.obj (.text:GPIOPinConfigure)
                  0000daa4    00000048     stk.aem4f : lli.oem4f (.text:LLIMsg)
                  0000daec    00000048               : node.oem4f (.text:NodeWalk)
                  0000db34    00000048               : rawethsock_pcb.oem4f (.text:RawEthSockPcbDetach)
                  0000db7c    00000048               : sockpcb.oem4f (.text:SockPcbResolveChain)
                  0000dbc4    00000048               : tcpprot.oem4f (.text:TcpDrop)
                  0000dc0c    00000048               : lli.oem4f (.text:_LLIExpListInsert)
                  0000dc54    00000048               : rtable.oem4f (.text:_RtExpListInsert)
                  0000dc9c    00000048               : file.oem4f (.text:fdint_lockfd)
                  0000dce4    00000004     tcpEcho_pem4f.oem4f (.text:ti_sysbios_knl_Semaphore_destruct)
                  0000dce8    00000048     sysbios.aem4f : BIOS.obj (.text:ti_sysbios_family_arm_lm4_Timer_enableTimers__I)
                  0000dd30    00000048                   : BIOS.obj (.text:ti_sysbios_family_arm_m3_Hwi_disableInterrupt__E)
                  0000dd78    00000048                   : BIOS.obj (.text:ti_sysbios_family_arm_m3_Hwi_enableInterrupt__E)
                  0000ddc0    00000048                   : BIOS.obj (.text:ti_sysbios_family_arm_m3_Hwi_excReserved__I)
                  0000de08    00000048                   : BIOS.obj (.text:ti_sysbios_knl_Task_deleteTerminatedTasksFunc__I)
                  0000de50    00000046     nettool_ipv4.aem4f : ipaddr.oem4f (.text:NtIfIdx2Ip)
                  0000de96    00000046     stk.aem4f : rawethsock.oem4f (.text:RawEthSockSend)
                  0000dedc    00000046               : tcpprot.oem4f (.text:TcpPrCtlError)
                  0000df22    00000046     os.aem4f : mem.oem4f (.text:mmZeroInit)
                  0000df68    00000046     ti.targets.arm.rtsarm.aem4f : Core-params.oem4f (.text:xdc_runtime_Core_assignParams__I)
                  0000dfae    00000002     --HOLE-- [fill = 0]
                  0000dfb0    00000044     drivers_tivaware.aem4f : EMACSnow.oem4f (.text:EMACSnow_processTransmitted)
                  0000dff4    00000044     stk.aem4f : icmp.oem4f (.text:ICMPChecksum)
                  0000e038    00000044               : ipfrag.oem4f (.text:IPReasmFree)
                  0000e07c    00000044               : lli.oem4f (.text:LLIGetValidTime)
                  0000e0c0    00000044               : rtable.oem4f (.text:RouteMsg)
                  0000e104    00000044               : rtable.oem4f (.text:RtWalkEnd)
                  0000e148    00000044               : sockpcb.oem4f (.text:SockPcbDetach)
                  0000e18c    00000044               : timer.oem4f (.text:TimerListInsert)
                  0000e1d0    00000044     hal_timer_bios.aem4f : lltimer.oem4f (.text:llTimerGetTime)
                  0000e214    00000004     tcpEcho_pem4f.oem4f (.text:ti_sysbios_knl_Swi_delete)
                  0000e218    00000044     sysbios.aem4f : BIOS.obj (.text:ti_sysbios_family_arm_lm4_Timer_isrStub__E)
                  0000e25c    00000004     tcpEcho_pem4f.oem4f (.text:ti_sysbios_knl_Task_delete)
                  0000e260    00000044     sysbios.aem4f : BIOS.obj (.text:ti_sysbios_family_arm_m3_Hwi_getStackInfo__E)
                  0000e2a4    00000004     ti.targets.arm.rtsarm.aem4f : Error.oem4f (.text:xdc_runtime_Error_getMsg__E)
                  0000e2a8    00000044     sysbios.aem4f : BIOS.obj (.text:ti_sysbios_knl_Swi_post__E)
                  0000e2ec    00000044     ti.targets.arm.rtsarm.aem4f : Error.oem4f (.text:xdc_runtime_Error_setX__E)
                  0000e330    00000044                                 : SysMin.oem4f (.text:xdc_runtime_SysMin_flush__E)
                  0000e374    00000044                                 : Text.oem4f (.text:xdc_runtime_Text_xprintf__I)
                  0000e3b8    00000042     stk.aem4f : socket.oem4f (.text:NDK_listen)
                  0000e3fa    00000042               : tcpprot.oem4f (.text:TcpPrSendOOB)
                  0000e43c    00000042               : fileuser.oem4f (.text:fdCloseSession)
                  0000e47e    00000002     --HOLE-- [fill = 0]
                  0000e480    00000040               : lliin.oem4f (.text:LLIValidateRoute)
                  0000e4c0    00000040               : pbm.oem4f (.text:PBM_copy)
                  0000e500    00000040               : sockpcb.oem4f (.text:SockPcbRtChange)
                  0000e540    00000040               : tcpprot.oem4f (.text:TcpPrSend)
                  0000e580    00000040     rtsv7M4_T_le_v4SPD16_eabi.lib : u_divt2.asm.obj (.text)
                  0000e5c0    00000040     sysbios.aem4f : BIOS.obj (.text:ti_sysbios_family_arm_lm4_Timer_startup__E)
                  0000e600    00000040                   : BIOS.obj (.text:ti_sysbios_heaps_HeapMem_Instance_init__E)
                  0000e640    0000003e     nettool_ipv4.aem4f : dhcpmain.oem4f (.text:DHCPClose)
                  0000e67e    00000002     --HOLE-- [fill = 0]
                  0000e680    0000003e     stk.aem4f : nimu.oem4f (.text:NIMUAllocateName)
                  0000e6be    0000003e     os.aem4f : task.oem4f (.text:TaskCreate)
                  0000e6fc    0000003e     stk.aem4f : tcpprot.oem4f (.text:TcpPrDisconnect)
                  0000e73a    0000003e               : file.oem4f (.text:fdint_unlockfd)
                  0000e778    0000003c     nettool_ipv4.aem4f : config.oem4f (.text:CfgEntryGetData)
                  0000e7b4    0000003c     driverlib.lib : emac.obj (.text:EMACIntDisable)
                  0000e7f0    0000003c     stk.aem4f : node.oem4f (.text:NodeUpdatePL)
                  0000e82c    0000003c               : rtable.oem4f (.text:RtWalkBegin)
                  0000e868    0000003c               : tcpprot.oem4f (.text:TcpPrConnect)
                  0000e8a4    0000003c               : tcptime.oem4f (.text:TcpSetPersist)
                  0000e8e0    0000003c               : rtc.oem4f (.text:_RTCSendRtAdv)
                  0000e91c    0000003c               : rtable.oem4f (.text:_RtNodeRemove)
                  0000e958    0000003c     hal_timer_bios.aem4f : lltimer.oem4f (.text:_llTimerInit)
                  0000e994    00000004     ti.targets.arm.rtsarm.aem4f : Error.oem4f (.text:xdc_runtime_Error_getSite__E)
                  0000e998    0000003c     sysbios.aem4f : BIOS.obj (.text:ti_sysbios_family_arm_m3_Hwi_excSvCall__I)
                  0000e9d4    00000004     tcpEcho_pem4f.oem4f (.text:xdc_runtime_System_Module_GateProxy_enter__E)
                  0000e9d8    0000003c     sysbios.aem4f : BIOS.obj (.text:ti_sysbios_heaps_HeapMem_init__I)
                  0000ea14    00000004     tcpEcho_pem4f.oem4f (.text:xdc_runtime_System_Module_GateProxy_leave__E)
                  0000ea18    0000003c     sysbios.aem4f : BIOS.obj (.text:ti_sysbios_knl_Swi_restore__E)
                  0000ea54    0000003a     driverlib.lib : emac.obj (.text:EMACIntEnable)
                  0000ea8e    00000002     --HOLE-- [fill = 0]
                  0000ea90    00000038                   : emac.obj (.text:EMACConfigGet)
                  0000eac8    00000038     stk.aem4f : ipfrag.oem4f (.text:IPReasmTimeout)
                  0000eb00    00000038               : node.oem4f (.text:NodeGetRt)
                  0000eb38    00000038     driverlib.lib : sysctl.obj (.text:SysCtlPeripheralReady)
                  0000eb70    00000038     stk.aem4f : tcpprot.oem4f (.text:TcpClose)
                  0000eba8    00000038               : timer.oem4f (.text:TimerHSTick)
                  0000ebe0    00000038     rtsv7M4_T_le_v4SPD16_eabi.lib : trgmsg.c.obj (.text:__TI_writemsg)
                  0000ec18    00000038     nettool_ipv4.aem4f : dhcpbild.oem4f (.text:dhcpBuildDiscover)
                  0000ec50    00000038                        : dhcptags.oem4f (.text:dhcpOptionsClear)
                  0000ec88    00000038     stk.aem4f : file.oem4f (.text:fdint_waitevent)
                  0000ecc0    00000038     sysbios.aem4f : BIOS.obj (.text:ti_sysbios_family_arm_m3_Hwi_excNoIsr__I)
                  0000ecf8    00000038     tcpEcho_pem4f.oem4f (.text:ti_sysbios_knl_Clock_create)
                  0000ed30    00000038     sysbios.aem4f : BIOS.obj (.text:ti_sysbios_knl_Task_processVitalTaskFlag__I)
                  0000ed68    00000038     ti.targets.arm.rtsarm.aem4f : SysMin.oem4f (.text:xdc_runtime_SysMin_putch__E)
                  0000eda0    00000038                                 : System.oem4f (.text:xdc_runtime_System_atexit__E)
                  0000edd8    00000036     stk.aem4f : ip.oem4f (.text:IPChecksum)
                  0000ee0e    00000002     --HOLE-- [fill = 0]
                  0000ee10    00000034     nettool_ipv4.aem4f : config.oem4f (.text:CfgSetService)
                  0000ee44    00000034     driverlib.lib : emac.obj (.text:EMACConfigSet)
                  0000ee78    00000034                   : emac.obj (.text:EMACIntClear)
                  0000eeac    00000034     drivers_tivaware.aem4f : EMACSnow.oem4f (.text:EMACSnow_emacPoll)
                  0000eee0    00000034                            : EMACSnow.oem4f (.text:EMACSnow_isLinkUp)
                  0000ef14    00000034                            : EMAC.oem4f (.text:EMAC_init)
                  0000ef48    00000034     stk.aem4f : exec.oem4f (.text:ExecClose)
                  0000ef7c    00000034               : nimu.oem4f (.text:NIMUFindByName)
                  0000efb0    00000034               : nimu.oem4f (.text:NIMUInit)
                  0000efe4    00000034               : rawethsock.oem4f (.text:RawEthSockNotify)
                  0000f018    00000034               : sockprot.oem4f (.text:SockPrCtlError)
                  0000f04c    00000034     driverlib.lib : sysctl.obj (.text:SysCtlPeripheralEnable)
                  0000f080    00000034     rtsv7M4_T_le_v4SPD16_eabi.lib : trgmsg.c.obj (.text:__TI_readmsg)
                  0000f0b4    00000034     os.aem4f : mem.oem4f (.text:mmUnInitPage)
                  0000f0e8    00000034     sysbios.aem4f : BIOS.obj (.text:ti_sysbios_family_arm_m3_Hwi_Instance_finalize__E)
                  0000f11c    00000004     ti.targets.arm.rtsarm.aem4f : System.oem4f (.text:xdc_runtime_System_aprintf_va__F)
                  0000f120    00000034     sysbios.aem4f : BIOS.obj (.text:ti_sysbios_family_arm_m3_Hwi_excNmi__I)
                  0000f154    00000004     ti.targets.arm.rtsarm.aem4f : System.oem4f (.text:xdc_runtime_System_printf_va__F)
                  0000f158    00000034     sysbios.aem4f : BIOS.obj (.text:ti_sysbios_hal_Hwi_checkStack)
                  0000f18c    00000034     tcpEcho_pem4f.oem4f (.text:ti_sysbios_knl_Semaphore_create)
                  0000f1c0    00000034     ti.targets.arm.rtsarm.aem4f : Core-label.oem4f (.text:xdc_runtime_Core_assignLabel__I)
                  0000f1f4    00000033                                 : Text.oem4f (.text:xdc_runtime_Text_printVisFxn__I)
                  0000f227    00000001     --HOLE-- [fill = 0]
                  0000f228    00000032     nettool_ipv4.aem4f : config.oem4f (.text:CfgGetImmediate)
                  0000f25a    00000032     stk.aem4f : route.oem4f (.text:RtDeRef)
                  0000f28c    00000032               : route.oem4f (.text:RtSetFailure)
                  0000f2be    00000032               : sb.oem4f (.text:SBFlush)
                  0000f2f0    00000032               : sb.oem4f (.text:SBSetMax)
                  0000f322    00000032               : sock.oem4f (.text:SockIntAbort)
                  0000f354    00000032     nettool_ipv4.aem4f : config.oem4f (.text:_CfgAcquire)
                  0000f386    00000032                        : dhcpsm.oem4f (.text:dhcpIPRemove)
                  0000f3b8    00000032     sysbios.aem4f : BIOS.obj (.text:ti_sysbios_hal_Hwi_initStack)
                  0000f3ea    00000006     driverlib.lib : emac.obj (.text:EMACRxDMADescriptorListSet)
                  0000f3f0    00000032     sysbios.aem4f : BIOS.obj (.text:ti_sysbios_knl_Semaphore_pendTimeout__I)
                  0000f422    00000030     driverlib.lib : emac.obj (.text:EMACAddrSet)
                  0000f452    00000002     --HOLE-- [fill = 0]
                  0000f454    00000030     drivers_tivaware.aem4f : EMACSnow.oem4f (.text:EMACSnow_handlePackets)
                  0000f484    00000030     netctrl_min_ipv4.aem4f : netsrv.oem4f (.text:NS_PreBoot)
                  0000f4b4    00000030     stk.aem4f : sock.oem4f (.text:SockBind)
                  0000f4e4    00000030               : sock.oem4f (.text:SockGetName)
                  0000f514    00000030     nettool_ipv4.aem4f : dhcpsock.oem4f (.text:dhcpPacketSend)
                  0000f544    00000030     stk.aem4f : listlib.oem4f (.text:list_remove_node)
                  0000f574    00000030     tcpEcho_pem4f.oem4f (.text:ti_sysbios_BIOS_atExitFunc__I)
                  0000f5a4    00000004     --HOLE-- [fill = 0]
                  0000f5a8    00000030     sysbios.aem4f : BIOS.obj (.text:ti_sysbios_family_arm_lm4_Timer_stop__E)
                  0000f5d8    00000030                   : BIOS.obj (.text:ti_sysbios_family_arm_m3_TaskSupport_start__E)
                  0000f608    00000030     tcpEcho_pem4f.oem4f (.text:ti_sysbios_gates_GateHwi_Object__create__S)
                  0000f638    00000030     tcpEcho_pem4f.oem4f (.text:ti_sysbios_gates_GateMutex_Object__create__S)
                  0000f668    00000030     sysbios.aem4f : BIOS.obj (.text:ti_sysbios_gates_GateMutex_enter__E)
                  0000f698    00000030     tcpEcho_pem4f.oem4f (.text:ti_sysbios_heaps_HeapMem_Object__create__S)
                  0000f6c8    00000030     tcpEcho_pem4f.oem4f (.text:ti_sysbios_knl_Semaphore_construct)
                  0000f6f8    00000030     ti.targets.arm.rtsarm.aem4f : SysMin.oem4f (.text:xdc_runtime_SysMin_abort__E)
                  0000f728    00000030                                 : System.oem4f (.text:xdc_runtime_System_processAtExit__E)
                  0000f758    0000002e     stk.aem4f : sb.oem4f (.text:SBFree)
                  0000f786    0000002c     driverlib.lib : emac.obj (.text:EMACIntStatus)
                  0000f7b2    0000002c     stk.aem4f : file.oem4f (.text:FdSignalEvent)
                  0000f7de    00000002     --HOLE-- [fill = 0]
                  0000f7e0    0000002c               : igmp.oem4f (.text:IGMPTestGroup)
                  0000f80c    0000002c     os.aem4f : task.oem4f (.text:NDK_hookCreate)
                  0000f838    0000002c     stk.aem4f : nimu.oem4f (.text:NIMUAllocateIndex)
                  0000f864    0000002c               : nimu.oem4f (.text:NIMUPacketServiceCheck)
                  0000f890    0000002c               : pipe.oem4f (.text:PipeClose)
                  0000f8bc    0000002c               : sockpcb.oem4f (.text:SockPcbAttach)
                  0000f8e8    0000002c               : lli.oem4f (.text:_LLIExpListRemove)
                  0000f914    0000002c               : lli.oem4f (.text:_LLITimeoutFlush)
                  0000f940    0000002c               : rtable.oem4f (.text:_RtExpListRemove)
                  0000f96c    0000002c     tcpEcho_pem4f.oem4f (.text:ti_sysbios_knl_Clock_doTick__I)
                  0000f998    0000002c     tcpEcho_pem4f.oem4f (.text:ti_sysbios_knl_Queue_construct)
                  0000f9c4    00000004     --HOLE-- [fill = 0]
                  0000f9c8    0000002c     sysbios.aem4f : BIOS.obj (.text:ti_sysbios_knl_Task_restore__E)
                  0000f9f4    0000002c     ti.targets.arm.rtsarm.aem4f : Text.oem4f (.text:xdc_runtime_Text_cordText__E)
                  0000fa20    0000002a     driverlib.lib : gpio.obj (.text:GPIODirModeSet)
                  0000fa4a    0000002a     stk.aem4f : pbm.oem4f (.text:PBMQ_deq)
                  0000fa74    0000002a     netctrl_min_ipv4.aem4f : netsrv.oem4f (.text:ServiceCallback)
                  0000fa9e    0000002a     nettool_ipv4.aem4f : config.oem4f (.text:_CfgRelease)
                  0000fac8    0000002a     ti.targets.arm.rtsarm.aem4f : System.oem4f (.text:xdc_runtime_System_putchar__I)
                  0000faf2    00000002     --HOLE-- [fill = 0]
                  0000faf4    00000028     stk.aem4f : bind.oem4f (.text:BindFindByNet)
                  0000fb1c    00000028               : lli.oem4f (.text:LLIFree)
                  0000fb44    00000028     netctrl_min_ipv4.aem4f : netctrl.oem4f (.text:NC_SystemClose)
                  0000fb6c    00000028     stk.aem4f : nimu.oem4f (.text:NIMUCreatePacket)
                  0000fb94    00000028               : nimu.oem4f (.text:NIMUPacketService)
                  0000fbbc    00000028               : tcpin.oem4f (.text:TcpEnterTimeWait)
                  0000fbe4    00000028               : timer.oem4f (.text:TimerListRemove)
                  0000fc0c    00000028               : vlan.oem4f (.text:VLANFindSourceInterface)
                  0000fc34    00000028               : vlan.oem4f (.text:VLANInit)
                  0000fc5c    00000028     nettool_ipv4.aem4f : dhcpsock.oem4f (.text:dhcpPacketReceive)
                  0000fc84    00000028     drivers_tivaware.aem4f : EMACSnow.oem4f (.text:signalLinkChange)
                  0000fcac    00000004     --HOLE-- [fill = 0]
                  0000fcb0    00000028     sysbios.aem4f : BIOS.obj (.text:ti_sysbios_knl_Clock_addI__E)
                  0000fcd8    00000028                   : BIOS.obj (.text:ti_sysbios_knl_Swi_Module_startup__E)
                  0000fd00    00000026     nettool_ipv4.aem4f : config.oem4f (.text:CfgEntryInfo)
                  0000fd26    00000026     driverlib.lib : emac.obj (.text:EMACPHYRead)
                  0000fd4c    00000026                   : emac.obj (.text:EMACPHYWrite)
                  0000fd72    00000026     stk.aem4f : rawethsock.oem4f (.text:RawEthSockClose)
                  0000fd98    00000026     tcpEcho_pem4f.oem4f (.text:ti_ndk_config_udp_init)
                  0000fdbe    00000026     sysbios.aem4f : m3_Hwi_asm.obj (.text:ti_sysbios_family_arm_m3_Hwi_pendSV__I)
                  0000fde4    00000026     ti.targets.arm.rtsarm.aem4f : System.oem4f (.text:xdc_runtime_System_avprintf__E)
                  0000fe0a    00000002     --HOLE-- [fill = 0]
                  0000fe0c    00000024     stk.aem4f : bind.oem4f (.text:BindFindByHost)
                  0000fe30    00000024               : bind.oem4f (.text:BindGetIFByDBCast)
                  0000fe54    00000024     drivers_tivaware.aem4f : EMACSnow.oem4f (.text:EMACSnow_pkt_service)
                  0000fe78    00000024                            : EMACSnow.oem4f (.text:EMACSnow_primeRx)
                  0000fe9c    00000024     stk.aem4f : exec.oem4f (.text:ExecTimer)
                  0000fec0    00000024               : nimu.oem4f (.text:NIMUFindByIndex)
                  0000fee4    00000024               : rtc.oem4f (.text:RTCAddHook)
                  0000ff08    00000024               : rawethsock_pcb.oem4f (.text:RawEthSockPcbFind)
                  0000ff2c    00000024               : route.oem4f (.text:RtFree)
                  0000ff50    00000024               : route.oem4f (.text:RtSetTimeout)
                  0000ff74    00000024               : sockpcb.oem4f (.text:SockPcbCleanup)
                  0000ff98    00000024               : tcpprot.oem4f (.text:TcpPrListen)
                  0000ffbc    00000024               : tcptime.oem4f (.text:TcpTimeoutWait2)
                  0000ffe0    00000024     nettool_ipv4.aem4f : config.oem4f (.text:_CfgEntryProcess)
                  00010004    00000024     tcpEcho_pem4f.oem4f (.text:ti_sysbios_BIOS_errorRaiseHook__I)
                  00010028    00000024     tcpEcho_pem4f.oem4f (.text:ti_sysbios_BIOS_registerRTSLock__I)
                  0001004c    00000024     tcpEcho_pem4f.oem4f (.text:ti_sysbios_BIOS_removeRTSLock__I)
                  00010070    00000024     tcpEcho_pem4f.oem4f (.text:ti_sysbios_BIOS_startFunc__I)
                  00010094    00000024     tcpEcho_pem4f.oem4f (.text:ti_sysbios_gates_GateMutex_Object__delete__S)
                  000100b8    00000024     sysbios.aem4f : BIOS.obj (.text:ti_sysbios_knl_Clock_Module_startup__E)
                  000100dc    00000004     --HOLE-- [fill = 0]
                  000100e0    00000024                   : BIOS.obj (.text:ti_sysbios_knl_Semaphore_Instance_init__E)
                  00010104    00000024     tcpEcho_pem4f.oem4f (.text:ti_sysbios_knl_Semaphore_Object__delete__S)
                  00010128    00000024     sysbios.aem4f : BIOS.obj (.text:ti_sysbios_knl_Task_restoreHwi__E)
                  0001014c    00000024     ti.targets.arm.rtsarm.aem4f : System.oem4f (.text:xdc_runtime_System_vprintf__E)
                  00010170    00000022     nettool_ipv4.aem4f : config.oem4f (.text:CfgEntryRef)
                  00010192    00000022     stk.aem4f : vlan.oem4f (.text:VLANFindNode)
                  000101b4    00000022     tcpEcho.obj (.text:setsockopt)
                  000101d6    00000002     --HOLE-- [fill = 0]
                  000101d8    00000022     sysbios.aem4f : BIOS.obj (.text:ti_sysbios_family_arm_lm4_Timer_write__I)
                  000101fa    00000022     tcpEcho_pem4f.oem4f (.text:xdc_runtime_SysMin_output__I)
                  0001021c    00000020     netctrl_min_ipv4.aem4f : netctrl.oem4f (.text:NC_BootComplete)
                  0001023c    00000020     stk.aem4f : nimu.oem4f (.text:NIMUGetNumOfObject)
                  0001025c    00000020               : rtc.oem4f (.text:RTCRemoveHook)
                  0001027c    00000020               : tcp.oem4f (.text:TcpTimeoutRemove)
                  0001029c    00000020     Boot.aem4f : Boot_sysctl.oem4f (.text:_SysCtlMemTimingGet)
                  000102bc    00000020     tcpEcho_pem4f.oem4f (.text:ti_sysbios_BIOS_rtsLock__I)
                  000102dc    00000020     tcpEcho_pem4f.oem4f (.text:ti_sysbios_family_arm_m3_Hwi_Object__delete__S)
                  000102fc    00000020     sysbios.aem4f : m3_Hwi_asm.obj (.text:ti_sysbios_family_arm_m3_Hwi_excHandlerAsm__I)
                  0001031c    00000004     --HOLE-- [fill = 0]
                  00010320    00000020                   : BIOS.obj (.text:ti_sysbios_family_arm_m3_Hwi_excHandler__I)
                  00010340    00000020     tcpEcho_pem4f.oem4f (.text:ti_sysbios_gates_GateHwi_Object__delete__S)
                  00010360    00000020     tcpEcho_pem4f.oem4f (.text:ti_sysbios_heaps_HeapMem_Object__delete__S)
                  00010380    00000020     sysbios.aem4f : BIOS.obj (.text:ti_sysbios_knl_Idle_run__E)
                  000103a0    00000020     tcpEcho_pem4f.oem4f (.text:ti_sysbios_knl_Semaphore_Object__destruct__S)
                  000103c0    00000020     tcpEcho_pem4f.oem4f (.text:ti_sysbios_knl_Swi_Object__delete__S)
                  000103e0    00000020     tcpEcho_pem4f.oem4f (.text:ti_sysbios_knl_Task_Object__delete__S)
                  00010400    00000020     ti.targets.arm.rtsarm.aem4f : Registry.oem4f (.text:xdc_runtime_Registry_findById__E)
                  00010420    00000020                                 : SysMin.oem4f (.text:xdc_runtime_SysMin_Module_startup__E)
                  00010440    0000001e     stk.aem4f : listlib.oem4f (.text:list_remove)
                  0001045e    0000001e     tcpEcho.obj (.text:recv)
                  0001047c    0000001e     tcpEcho.obj (.text:send)
                  0001049a    0000001e     sysbios.aem4f : m3_Hwi_asm_switch.obj (.text:ti_sysbios_family_xxx_Hwi_switchAndRunFunc)
                  000104b8    0000001c     stk.aem4f : bind.oem4f (.text:BindFindByIF)
                  000104d4    0000001c               : exec.oem4f (.text:ExecBroadcast)
                  000104f0    0000001c     os.aem4f : ossys.oem4f (.text:NDK_sprintf)
                  0001050c    0000001c     stk.aem4f : nimu.oem4f (.text:NIMUAddHeader)
                  00010528    0000001c               : sockprot.oem4f (.text:SockPrDetach)
                  00010544    0000001c     os.aem4f : task.oem4f (.text:TaskDestroy)
                  00010560    0000001c     drivers_tivaware.aem4f : GPIOTiva.oem4f (.text:getGpioIntIndex)
                  0001057c    0000001c     tcpEcho_pem4f.oem4f (.text:ti_ndk_config_global_taskCreateHook)
                  00010598    0000001c     sysbios.aem4f : BIOS.obj (.text:ti_sysbios_gates_GateMutex_Instance_init__E)
                  000105b4    0000001c     tcpEcho_pem4f.oem4f (.text:ti_sysbios_knl_Queue_Object__destruct__S)
                  000105d0    0000001c     sysbios.aem4f : BIOS.obj (.text:ti_sysbios_knl_Queue_put__E)
                  000105ec    00000004     --HOLE-- [fill = 0]
                  000105f0    0000001c                   : BIOS.obj (.text:ti_sysbios_knl_Task_enter__I)
                  0001060c    0000001c     ti.targets.arm.rtsarm.aem4f : Error.oem4f (.text:xdc_runtime_Error_raiseX__E)
                  00010628    0000001c                                 : Memory.oem4f (.text:xdc_runtime_Memory_valloc__E)
                  00010644    0000001c                                 : SysMin.oem4f (.text:xdc_runtime_SysMin_exit__E)
                  00010660    0000001c                                 : System.oem4f (.text:xdc_runtime_System_abort__E)
                  0001067c    0000001a     stk.aem4f : bind.oem4f (.text:BindGetIP)
                  00010696    0000001a               : sockint.oem4f (.text:SockSetOOBMark)
                  000106b0    0000001a               : file.oem4f (.text:fdint_getfdt)
                  000106ca    0000001a     tcpEcho_pem4f.oem4f (.text:ti_sysbios_family_arm_m3_Hwi_Handle__label__S)
                  000106e4    0000001a     tcpEcho_pem4f.oem4f (.text:ti_sysbios_gates_GateHwi_Handle__label__S)
                  000106fe    0000001a     tcpEcho_pem4f.oem4f (.text:ti_sysbios_gates_GateMutex_Handle__label__S)
                  00010718    0000001a     tcpEcho_pem4f.oem4f (.text:ti_sysbios_heaps_HeapMem_Handle__label__S)
                  00010732    0000001a     tcpEcho_pem4f.oem4f (.text:ti_sysbios_knl_Swi_Handle__label__S)
                  0001074c    0000001a     tcpEcho_pem4f.oem4f (.text:ti_sysbios_knl_Task_Handle__label__S)
                  00010766    00000002     --HOLE-- [fill = 0]
                  00010768    0000001a     sysbios.aem4f : BIOS.obj (.text:ti_sysbios_knl_Task_sleepTimeout__I)
                  00010782    0000001a     tcpEcho_pem4f.oem4f (.text:xdc_runtime_System_aprintf__E)
                  0001079c    0000001a     tcpEcho_pem4f.oem4f (.text:xdc_runtime_System_printf__E)
                  000107b6    00000002     --HOLE-- [fill = 0]
                  000107b8    00000018     drivers_tivaware.aem4f : EMACSnow.oem4f (.text:EMACSnow_emacSend)
                  000107d0    00000018     stk.aem4f : ip.oem4f (.text:IPRtChange)
                  000107e8    00000018               : rawethsock_pcb.oem4f (.text:RawEthSockPcbCleanup)
                  00010800    00000018     nettool_ipv4.aem4f : ipaddr.oem4f (.text:RouteHook)
                  00010818    00000018     stk.aem4f : tcpin.oem4f (.text:SEQ_GEQ)
                  00010830    00000018               : tcpout.oem4f (.text:SEQ_GEQ)
                  00010848    00000018               : tcpin.oem4f (.text:SEQ_GT)
                  00010860    00000018               : tcpout.oem4f (.text:SEQ_GT)
                  00010878    00000018               : tcpin.oem4f (.text:SEQ_LEQ)
                  00010890    00000018               : tcpout.oem4f (.text:SEQ_LEQ)
                  000108a8    00000018               : tcpin.oem4f (.text:SEQ_LT)
                  000108c0    00000018               : tcpout.oem4f (.text:SEQ_LT)
                  000108d8    00000018               : tcp.oem4f (.text:TcpTimeoutAdd)
                  000108f0    00000018     rtsv7M4_T_le_v4SPD16_eabi.lib : args_main.c.obj (.text:_args_main)
                  00010908    00000018     nettool_ipv4.aem4f : dhcpsock.oem4f (.text:dhcpSocketClose)
                  00010920    00000018     stk.aem4f : listlib.oem4f (.text:list_add)
                  00010938    00000018     rtsv7M4_T_le_v4SPD16_eabi.lib : strcmp.c.obj (.text:strcmp)
                  00010950    00000018     tcpEcho_pem4f.oem4f (.text:ti_sysbios_BIOS_rtsUnlock__I)
                  00010968    00000018     tcpEcho_pem4f.oem4f (.text:ti_sysbios_family_arm_lm4_Timer_Module__startupDone__F)
                  00010980    00000018     tcpEcho_pem4f.oem4f (.text:ti_sysbios_family_arm_m3_Hwi_Module__startupDone__F)
                  00010998    00000018     sysbios.aem4f : m3_TaskSupport_asm.obj (.text:ti_sysbios_family_arm_m3_TaskSupport_swap__E)
                  000109b0    00000018                   : BIOS.obj (.text:ti_sysbios_gates_GateMutex_leave__E)
                  000109c8    00000018     ti.targets.arm.rtsarm.aem4f : Error.oem4f (.text:xdc_runtime_Error_check__E)
                  000109e0    00000018                                 : System.oem4f (.text:xdc_runtime_System_exit__E)
                  000109f8    00000018                                 : Text.oem4f (.text:xdc_runtime_Text_ropeText__E)
                  00010a10    00000016     driverlib.lib : emac.obj (.text:EMACReset)
                  00010a26    00000016                   : emac.obj (.text:EMACRxEnable)
                  00010a3c    00000016                   : emac.obj (.text:EMACTxEnable)
                  00010a52    00000016     stk.aem4f : file.oem4f (.text:fdint_freefdt)
                  00010a68    00000016     tcpEcho_pem4f.oem4f (.text:ti_sysbios_BIOS_exitFunc__I)
                  00010a7e    00000016     tcpEcho.obj (.text:ti_sysbios_knl_Task_Params_init)
                  00010a94    00000016     tcpEchoHooks.obj (.text:ti_sysbios_knl_Task_Params_init)
                  00010aaa    00000016     ti.targets.arm.rtsarm.aem4f : System.oem4f (.text:xdc_runtime_System_vsprintf__E)
                  00010ac0    00000014     stk.aem4f : bind.oem4f (.text:BindIPHost2IF)
                  00010ad4    00000014     driverlib.lib : flash.obj (.text:FlashUserGet)
                  00010ae8    00000014     netctrl_min_ipv4.aem4f : netctrl.oem4f (.text:NC_NetStop)
                  00010afc    00000014     os.aem4f : task.oem4f (.text:NDK_hookExit)
                  00010b10    00000014     stk.aem4f : nimu.oem4f (.text:NIMUSendPacket)
                  00010b24    00000014     nettool_ipv4.aem4f : ipaddr.oem4f (.text:NtRemoveNetwork)
                  00010b38    00000014     stk.aem4f : rawethsock_pcb.oem4f (.text:RawEthSockPcbInit)
                  00010b4c    00000014               : timer.oem4f (.text:TimerFree)
                  00010b60    00000014     tcpEcho.obj (.text:accept)
                  00010b74    00000014     tcpEcho.obj (.text:bind)
                  00010b88    00000014     tcpEcho.obj (.text:socket)
                  00010b9c    00000014     rtsv7M4_T_le_v4SPD16_eabi.lib : strcpy.c.obj (.text:strcpy)
                  00010bb0    00000014                                   : strlen.c.obj (.text:strlen)
                  00010bc4    00000014     tcpEcho_pem4f.oem4f (.text:ti_ndk_config_global_taskExitHook)
                  00010bd8    00000014     tcpEcho_pem4f.oem4f (.text:ti_sysbios_family_arm_m3_Hwi_Object__get__S)
                  00010bec    00000004     --HOLE-- [fill = 0]
                  00010bf0    00000014     sysbios.aem4f : BIOS.obj (.text:ti_sysbios_family_arm_m3_Hwi_switchFromBootStack__E)
                  00010c04    00000014     tcpEcho_pem4f.oem4f (.text:ti_sysbios_heaps_HeapMem_Object__get__S)
                  00010c18    00000014     tcpEcho_pem4f.oem4f (.text:ti_sysbios_knl_Swi_Object__get__S)
                  00010c2c    00000014     tcpEcho_pem4f.oem4f (.text:ti_sysbios_knl_Task_Object__first__S)
                  00010c40    00000014     tcpEcho_pem4f.oem4f (.text:ti_sysbios_knl_Task_Object__next__S)
                  00010c54    00000012     driverlib.lib : gpio.obj (.text:GPIOPinTypeEthernetLED)
                  00010c66    00000012     stk.aem4f : sockprot.oem4f (.text:SockPrAttach)
                  00010c78    00000012               : sockint.oem4f (.text:SockSetOOBData)
                  00010c8a    00000012     nettool_ipv4.aem4f : inetaddr.oem4f (.text:inet_addr)
                  00010c9c    00000004     --HOLE-- [fill = 0]
                  00010ca0    00000012     sysbios.aem4f : BIOS.obj (.text:ti_sysbios_hal_Hwi_Module_startup__E)
                  00010cb2    00000006     driverlib.lib : emac.obj (.text:EMACTxDMADescriptorListSet)
                  00010cb8    00000012     sysbios.aem4f : BIOS.obj (.text:ti_sysbios_knl_Semaphore_reset__E)
                  00010cca    00000012     tcpEcho_pem4f.oem4f (.text:xdc_runtime_Startup_exec__I)
                  00010cdc    00000010     tcpEcho_pem4f.oem4f (.text:.bootCodeSection:ti_catalog_arm_cortexm4_tiva_ce_Boot_init__I)
                  00010cec    00000010     stk.aem4f : bind.oem4f (.text:BindIF2IPHost)
                  00010cfc    00000010               : bind.oem4f (.text:BindIFNet2IPHost)
                  00010d0c    00000010     driverlib.lib : emac.obj (.text:EMACFrameFilterSet)
                  00010d1c    00000010     stk.aem4f : exec.oem4f (.text:ExecHRef)
                  00010d2c    00000010     netctrl_min_ipv4.aem4f : netctrl.oem4f (.text:NC_IPUpdate)
                  00010d3c    00000010     stk.aem4f : nimu.oem4f (.text:NIMUGetRsvdSizeInfo)
                  00010d4c    00000010     tcpEcho.obj (.text:listen)
                  00010d5c    00000004     --HOLE-- [fill = 0]
                  00010d60    00000010     sysbios.aem4f : BIOS.obj (.text:ti_sysbios_BIOS_getCpuFreq__E)
                  00010d70    00000010                   : BIOS.obj (.text:ti_sysbios_BIOS_setThreadType__E)
                  00010d80    00000010                   : BIOS.obj (.text:ti_sysbios_BIOS_start__E)
                  00010d90    00000010                   : m3_TaskSupport_asm.obj (.text:ti_sysbios_family_arm_m3_TaskSupport_glue)
                  00010da0    00000010                   : BIOS.obj (.text:ti_sysbios_gates_GateMutex_Instance_finalize__E)
                  00010db0    00000010                   : BIOS.obj (.text:ti_sysbios_knl_Semaphore_Instance_finalize__E)
                  00010dc0    00000010                   : BIOS.obj (.text:ti_sysbios_knl_Swi_disable__E)
                  00010dd0    00000010     tcpEcho_pem4f.oem4f (.text:ti_sysbios_knl_Task_Object__get__S)
                  00010de0    00000010     sysbios.aem4f : BIOS.obj (.text:ti_sysbios_knl_Task_disable__E)
                  00010df0    00000010     ti.targets.arm.rtsarm.aem4f : Gate.oem4f (.text:xdc_runtime_Gate_leaveSystem__E)
                  00010e00    00000010                                 : Memory.oem4f (.text:xdc_runtime_Memory_free__E)
                  00010e10    00000010                                 : SysMin.oem4f (.text:xdc_runtime_SysMin_ready__E)
                  00010e20    00000010                                 : System.oem4f (.text:xdc_runtime_System_vsnprintf__E)
                  00010e30    00000010     tcpEcho_pem4f.oem4f (.text:xdc_runtime_Text_visitRope__I)
                  00010e40    0000000e     drivers_tivaware.aem4f : EMACSnow.oem4f (.text:EMACSnow_emacioctl)
                  00010e4e    0000000e     stk.aem4f : exec.oem4f (.text:ExecLowResource)
                  00010e5c    0000000e     driverlib.lib : gpio.obj (.text:GPIOIntStatus)
                  00010e6a    0000000e     rtsv7M4_T_le_v4SPD16_eabi.lib : copy_decompress_none.c.obj (.text:decompress:none:__TI_decompress_none)
                  00010e78    0000000e     sysbios.aem4f : BIOS.obj (.text:ti_sysbios_knl_Idle_loop__E)
                  00010e86    00000002     --HOLE-- [fill = 0]
                  00010e88    0000000e                   : BIOS.obj (.text:ti_sysbios_knl_Queue_empty__E)
                  00010e96    00000002     --HOLE-- [fill = 0]
                  00010e98    0000000c     stk.aem4f : bind.oem4f (.text:BindGetFirst)
                  00010ea4    0000000c     nettool_ipv4.aem4f : config.oem4f (.text:CfgSetDefault)
                  00010eb0    0000000c     drivers_tivaware.aem4f : EMACSnow.oem4f (.text:EMACSnow_init)
                  00010ebc    0000000c     os.aem4f : task.oem4f (.text:NDK_hookInit)
                  00010ec8    0000000c     stk.aem4f : nimu.oem4f (.text:NIMUSetRsvdSizeInfo)
                  00010ed4    0000000c     os.aem4f : task.oem4f (.text:NotifyLowResource)
                  00010ee0    0000000c     stk.aem4f : pbm.oem4f (.text:PBM_close)
                  00010eec    0000000c     os.aem4f : semaphore.oem4f (.text:SemDelete)
                  00010ef8    0000000c     hal_timer_bios.aem4f : lltimer.oem4f (.text:_llTimerShutdown)
                  00010f04    0000000c     rtsv7M4_T_le_v4SPD16_eabi.lib : _lock.c.obj (.text:_register_lock)
                  00010f10    0000000c                                   : _lock.c.obj (.text:_register_unlock)
                  00010f1c    0000000c     tcpEcho.obj (.text:close)
                  00010f28    0000000c     rtsv7M4_T_le_v4SPD16_eabi.lib : copy_zero_init.c.obj (.text:decompress:ZI:__TI_zero_init)
                  00010f34    0000000c     hal_timer_bios.aem4f : lltimer.oem4f (.text:llTimerGetStartTime)
                  00010f40    0000000c     sysbios.aem4f : BIOS.obj (.text:ti_sysbios_BIOS_getThreadType__E)
                  00010f4c    00000004     --HOLE-- [fill = 0]
                  00010f50    0000000c                   : BIOS.obj (.text:ti_sysbios_family_arm_lm4_Timer_getMaxTicks__E)
                  00010f5c    0000000c     tcpEcho_pem4f.oem4f (.text:ti_sysbios_family_arm_m3_Hwi_Params__init__S)
                  00010f68    0000000c     sysbios.aem4f : BIOS.obj (.text:ti_sysbios_family_arm_m3_Hwi_disableFxn__E)
                  00010f74    00000004     --HOLE-- [fill = 0]
                  00010f78    0000000c                   : BIOS.obj (.text:ti_sysbios_family_arm_m3_TaskSupport_checkStack__E)
                  00010f84    00000004     --HOLE-- [fill = 0]
                  00010f88    0000000c                   : BIOS.obj (.text:ti_sysbios_family_arm_m3_TaskSupport_getStackAlignment__E)
                  00010f94    00000004     --HOLE-- [fill = 0]
                  00010f98    0000000c                   : BIOS.obj (.text:ti_sysbios_gates_GateHwi_enter__E)
                  00010fa4    0000000c     tcpEcho_pem4f.oem4f (.text:ti_sysbios_knl_Clock_Params__init__S)
                  00010fb0    0000000c     sysbios.aem4f : BIOS.obj (.text:ti_sysbios_knl_Clock_getTicks__E)
                  00010fbc    0000000c     tcpEcho_pem4f.oem4f (.text:ti_sysbios_knl_Queue_Object__get__S)
                  00010fc8    0000000c     tcpEcho_pem4f.oem4f (.text:ti_sysbios_knl_Semaphore_Params__init__S)
                  00010fd4    0000000c     tcpEcho_pem4f.oem4f (.text:ti_sysbios_knl_Task_Params__init__S)
                  00010fe0    0000000c     sysbios.aem4f : BIOS.obj (.text:ti_sysbios_knl_Task_getIdleTask__E)
                  00010fec    00000004     --HOLE-- [fill = 0]
                  00010ff0    0000000c                   : BIOS.obj (.text:ti_sysbios_knl_Task_self__E)
                  00010ffc    0000000c     ti.targets.arm.rtsarm.aem4f : Error.oem4f (.text:xdc_runtime_Error_init__E)
                  00011008    0000000c                                 : Gate.oem4f (.text:xdc_runtime_Gate_enterSystem__E)
                  00011014    0000000c                                 : Memory.oem4f (.text:xdc_runtime_Memory_calloc__E)
                  00011020    0000000c                                 : Memory.oem4f (.text:xdc_runtime_Memory_getMaxDefaultTypeAlign__E)
                  0001102c    0000000a     stk.aem4f : file.oem4f (.text:fdint_signalevent)
                  00011036    0000000a               : file.oem4f (.text:fdint_signaltimeout)
                  00011040    0000000a     tcpEcho_pem4f.oem4f (.text:xdc_runtime_IHeap_alloc)
                  0001104a    0000000a     tcpEcho_pem4f.oem4f (.text:xdc_runtime_IHeap_free)
                  00011054    00000008     EK_TM4C1294XL.obj (.text:EK_TM4C1294XL_initGPIO)
                  0001105c    00000008     driverlib.lib : emac.obj (.text:EMACTxDMAPollDemand)
                  00011064    00000008     stk.aem4f : node.oem4f (.text:NodeFree)
                  0001106c    00000008     os.aem4f : task.oem4f (.text:TaskBlock)
                  00011074    00000008     sysbios.aem4f : BIOS.obj (.text:ti_sysbios_family_arm_lm4_Timer_masterDisable__I)
                  0001107c    00000004     --HOLE-- [fill = 0]
                  00011080    00000008                   : BIOS.obj (.text:ti_sysbios_family_arm_m3_Hwi_doSwiRestore__I)
                  00011088    00000008                   : BIOS.obj (.text:ti_sysbios_family_arm_m3_Hwi_startup__E)
                  00011090    00000008                   : BIOS.obj (.text:ti_sysbios_knl_Task_getHookContext__E)
                  00011098    00000008                   : BIOS.obj (.text:ti_sysbios_knl_Task_setHookContext__E)
                  000110a0    00000006     driverlib.lib : gpio.obj (.text:GPIOIntClear)
                  000110a6    00000006                   : gpio.obj (.text:GPIOPinWrite)
                  000110ac    00000006                   : sysctl.obj (.text:SysCtlDelay)
                  000110b2    00000006     stk.aem4f : tcpprot.oem4f (.text:TcpPrRecv)
                  000110b8    00000006     ti.targets.arm.rtsarm.aem4f : xdc_noinit.oem4f (.text:__xdc__init)
                  000110be    00000002     --HOLE-- [fill = 0]
                  000110c0    00000006     sysbios.aem4f : BIOS.obj (.text:ti_sysbios_family_arm_m3_Hwi_doTaskRestore__I)
                  000110c6    00000002     --HOLE-- [fill = 0]
                  000110c8    00000006                   : BIOS.obj (.text:ti_sysbios_family_arm_m3_Hwi_restoreFxn__E)
                  000110ce    00000002     --HOLE-- [fill = 0]
                  000110d0    00000006                   : BIOS.obj (.text:ti_sysbios_gates_GateHwi_leave__E)
                  000110d6    00000002     --HOLE-- [fill = 0]
                  000110d8    00000006                   : BIOS.obj (.text:ti_sysbios_heaps_HeapMem_isBlocking__E)
                  000110de    00000002     --HOLE-- [fill = 0]
                  000110e0    00000006                   : BIOS.obj (.text:ti_sysbios_knl_Queue_Instance_init__E)
                  000110e6    00000002     --HOLE-- [fill = 0]
                  000110e8    00000006                   : BIOS.obj (.text:ti_sysbios_knl_Swi_startup__E)
                  000110ee    00000006     ti.targets.arm.rtsarm.aem4f : System.oem4f (.text:xdc_runtime_System_Module_startup__E)
                  000110f4    00000004     --HOLE-- [fill = 0]
                  000110f8    00000004     sysbios.aem4f : BIOS.obj (.text:ti_sysbios_gates_GateHwi_query__E)
                  000110fc    00000004     --HOLE-- [fill = 0]
                  00011100    00000004                   : BIOS.obj (.text:ti_sysbios_gates_GateMutex_query__E)
                  00011104    00000004     --HOLE-- [fill = 0]
                  00011108    00000004                   : BIOS.obj (.text:ti_sysbios_knl_Task_startup__E)
                  0001110c    00000004     --HOLE-- [fill = 0]
                  00011110    00000002                   : BIOS.obj (.text:ti_sysbios_gates_GateHwi_Instance_init__E)
                  00011112    00000006     --HOLE-- [fill = 0]
                  00011118    00000002                   : BIOS.obj (.text:ti_sysbios_knl_Clock_logTick__E)
                  0001111a    00000006     --HOLE-- [fill = 0]
                  00011120    00000002                   : BIOS.obj (.text:ti_sysbios_knl_Swi_Instance_finalize__E)

.const     0    00011124    000023a8     
                  00011124    0000191d     tcpEcho_pem4f.oem4f (.const:xdc_runtime_Text_charTab__A)
                  00012a41    00000001     tcpEcho_pem4f.oem4f (.const:xdc_runtime_Error_policy__C)
                  00012a42    00000002     tcpEcho_pem4f.oem4f (.const:ti_catalog_arm_cortexm4_tiva_ce_Boot_Module__id__C)
                  00012a44    00000120     Boot.aem4f : Boot_sysctl.oem4f (.const:g_pppui32XTALtoVCO)
                  00012b64    00000100     tcpEcho_pem4f.oem4f (.const:.string)
                  00012c64    000000d4     tcpEcho_pem4f.oem4f (.const:xdc_runtime_Text_nodeTab__A)
                  00012d38    00000090     driverlib.lib : gpio.obj (.const:g_pui32GPIOBaseAddrs)
                  00012dc8    0000006c     Boot.aem4f : Boot_sysctl.oem4f (.const:g_pui32Xtals)
                  00012e34    00000054     drivers_tivaware.aem4f : GPIOTiva.oem4f (.const:.string)
                  00012e88    00000054     stk.aem4f : sockprot.oem4f (.const:Code2Err)
                  00012edc    00000048     drivers_tivaware.aem4f : GPIOTiva.oem4f (.const:gpioBaseAddresses)
                  00012f24    0000003e     stk.aem4f : rtc.oem4f (.const:.string)
                  00012f62    00000002     tcpEcho_pem4f.oem4f (.const:ti_sysbios_family_arm_m3_Hwi_Module__id__C)
                  00012f64    0000003c     tcpEcho_pem4f.oem4f (.const:ti_sysbios_knl_Task_Object__PARAMS__C)
                  00012fa0    00000030     Boot.aem4f : Boot_sysctl.oem4f (.const:g_sXTALtoMEMTIM)
                  00012fd0    00000030     tcpEcho_pem4f.oem4f (.const:ti_sysbios_family_arm_m3_Hwi_Object__PARAMS__C)
                  00013000    00000028     tcpEcho_pem4f.oem4f (.const:ti_sysbios_heaps_HeapMem_Module__FXNS__C)
[...]
000130e0  ti_sysbios_knl_Semaphore_Object__PARAMS__C                           
00013104  ti_sysbios_family_arm_m3_Hwi_Object__DESC__C                         
00013124  ti_sysbios_gates_GateHwi_Object__DESC__C                             
00013144  ti_sysbios_gates_GateMutex_Object__DESC__C                           
00013164  ti_sysbios_heaps_HeapMem_Object__DESC__C                             
00013184  ti_sysbios_knl_Clock_Object__DESC__C                                 
000131a4  ti_sysbios_knl_Queue_Object__DESC__C                                 
000131c4  ti_sysbios_knl_Semaphore_Object__DESC__C                             
000131e4  ti_sysbios_knl_Swi_Object__DESC__C                                   
00013204  ti_sysbios_knl_Task_Object__DESC__C                                  
00013224  xdc_runtime_Startup_sfxnTab__A                                       
00013244  EMAC_config                                                          
00013274  ti_ndk_config_Global_rawPageSize                                     
00013278  ti_ndk_config_Global_rawPageCount                                    
0001327c  ti_ndk_config_Global_smallest                                        
00013280  ti_ndk_config_Global_largest                                         
00013284  ti_ndk_config_Global_numFrameBuf                                     
00013288  ti_ndk_config_Global_sizeFrameBuf                                    
0001328c  ti_sysbios_gates_GateHwi_Object__PARAMS__C                           
000132a4  ti_sysbios_gates_GateMutex_Object__PARAMS__C                         
000132bc  ti_sysbios_knl_Queue_Object__PARAMS__C                               
000132d4  ti_sysbios_knl_Task_hooks__A                                         
000132ec  GPIOTiva_config                                                      
00013300  xdc_runtime_Startup_firstFxns__A                                     
00013314  emacHWAttrs                                                          
00013324  xdc_runtime_Startup_sfxnRts__A                                       
0001333c  EMACSnow_fxnTable                                                    
00013344  ti_sysbios_family_arm_m3_Hwi_excHookFuncs__A                         
0001334c  ti_sysbios_knl_Idle_funcList__A                                      
00013354  ti_sysbios_knl_Idle_funcList__C                                      
0001335c  ti_sysbios_knl_Task_hooks__C                                         
00013364  xdc_runtime_Startup_firstFxns__C                                     
0001336c  xdc_runtime_Startup_lastFxns__C                                      
00013374  ti_catalog_arm_cortexm4_tiva_ce_Boot_A_mustNotUseEnhancedClockMode__C
00013378  ti_catalog_arm_cortexm4_tiva_ce_Boot_Module__diagsEnabled__C         
0001337c  ti_catalog_arm_cortexm4_tiva_ce_Boot_Module__diagsIncluded__C        
00013380  ti_catalog_arm_cortexm4_tiva_ce_Boot_Module__diagsMask__C            
00013384  ti_sysbios_family_arm_lm4_Timer_enableFunc__C                        
00013388  ti_sysbios_family_arm_lm4_Timer_numTimerDevices__C                   
0001338c  ti_sysbios_family_arm_lm4_Timer_startupNeeded__C                     
00013390  ti_sysbios_family_arm_m3_Hwi_E_NMI__C                                
00013394  ti_sysbios_family_arm_m3_Hwi_E_alreadyDefined__C                     
00013398  ti_sysbios_family_arm_m3_Hwi_E_busFault__C                           
0001339c  ti_sysbios_family_arm_m3_Hwi_E_debugMon__C                           
000133a0  ti_sysbios_family_arm_m3_Hwi_E_hardFault__C                          
000133a4  ti_sysbios_family_arm_m3_Hwi_E_memFault__C                           
000133a8  ti_sysbios_family_arm_m3_Hwi_E_noIsr__C                              
000133ac  ti_sysbios_family_arm_m3_Hwi_E_reserved__C                           
000133b0  ti_sysbios_family_arm_m3_Hwi_E_svCall__C                             
000133b4  ti_sysbios_family_arm_m3_Hwi_E_usageFault__C                         
000133b8  ti_sysbios_family_arm_m3_Hwi_NUM_INTERRUPTS__C                       
000133bc  ti_sysbios_family_arm_m3_Hwi_Object__count__C                        
000133c0  ti_sysbios_family_arm_m3_Hwi_ccr__C                                  
000133c4  ti_sysbios_family_arm_m3_Hwi_excHandlerFunc__C                       
000133c8  ti_sysbios_family_arm_m3_Hwi_excHookFuncs__C                         
000133cc  ti_sysbios_family_arm_m3_Hwi_nullIsrFunc__C                          
000133d0  ti_sysbios_family_arm_m3_Hwi_priGroup__C                             
000133d4  ti_sysbios_family_arm_m3_TaskSupport_stackAlignment__C               
000133d8  ti_sysbios_gates_GateMutex_Instance_State_sem__O                     
000133dc  ti_sysbios_hal_Hwi_E_stackOverflow__C                                
000133e0  ti_sysbios_heaps_HeapMem_E_memory__C                                 
000133e4  ti_sysbios_heaps_HeapMem_Module__gateObj__C                          
000133e8  ti_sysbios_heaps_HeapMem_Object__count__C                            
000133ec  ti_sysbios_heaps_HeapMem_reqAlign__C                                 
000133f0  ti_sysbios_knl_Clock_Module_State_clockQ__O                          
000133f4  ti_sysbios_knl_Semaphore_Instance_State_pendQ__O                     
000133f8  ti_sysbios_knl_Swi_Object__count__C                                  
000133fc  ti_sysbios_knl_Task_E_deleteNotAllowed__C                            
00013400  ti_sysbios_knl_Task_E_spOutOfBounds__C                               
00013404  ti_sysbios_knl_Task_E_stackOverflow__C                               
00013408  ti_sysbios_knl_Task_Module_State_inactiveQ__O                        
0001340c  ti_sysbios_knl_Task_Module_State_terminatedQ__O                      
00013410  ti_sysbios_knl_Task_Object__count__C                                 
00013414  ti_sysbios_knl_Task_Object__heap__C                                  
00013418  ti_sysbios_knl_Task_allBlockedFunc__C                                
0001341c  ti_sysbios_knl_Task_defaultStackHeap__C                              
00013420  ti_sysbios_knl_Task_defaultStackSize__C                              
00013424  ti_sysbios_knl_Task_numConstructedTasks__C                           
00013428  xdc_runtime_Assert_E_assertFailed__C                                 
0001342c  xdc_runtime_Core_A_initializedParams__C                              
00013430  xdc_runtime_Core_Module__diagsEnabled__C                             
00013434  xdc_runtime_Core_Module__diagsIncluded__C                            
00013438  xdc_runtime_Core_Module__diagsMask__C                                
0001343c  xdc_runtime_Error_E_memory__C                                        
00013440  xdc_runtime_Error_Module__diagsEnabled__C                            
00013444  xdc_runtime_Error_Module__diagsIncluded__C                           
00013448  xdc_runtime_Error_Module__diagsMask__C                               
0001344c  xdc_runtime_Error_Module__loggerFxn8__C                              
00013450  xdc_runtime_Error_Module__loggerObj__C                               
00013454  xdc_runtime_Error_policyFxn__C                                       
00013458  xdc_runtime_Error_raiseHook__C                                       
0001345c  xdc_runtime_IGateProvider_Interface__BASE__C                         
00013460  xdc_runtime_IHeap_Interface__BASE__C                                 
00013464  xdc_runtime_IModule_Interface__BASE__C                               
00013468  xdc_runtime_Log_L_error__C                                           
0001346c  xdc_runtime_Memory_defaultHeapInstance__C                            
00013470  xdc_runtime_Startup_execImpl__C                                      
00013474  xdc_runtime_Startup_maxPasses__C                                     
00013478  xdc_runtime_Startup_sfxnRts__C                                       
0001347c  xdc_runtime_Startup_sfxnTab__C                                       
00013480  xdc_runtime_SysMin_bufSize__C                                        
00013484  xdc_runtime_SysMin_outputFunc__C                                     
00013488  xdc_runtime_System_Module__gateObj__C                                
0001348c  xdc_runtime_System_abortFxn__C                                       
00013490  xdc_runtime_System_exitFxn__C                                        
00013494  xdc_runtime_System_extendFxn__C                                      
00013498  xdc_runtime_System_maxAtexitHandlers__C                              
0001349c  xdc_runtime_Text_charTab__C                                          
000134a0  xdc_runtime_Text_nameEmpty__C                                        
000134a4  xdc_runtime_Text_nameStatic__C                                       
000134a8  xdc_runtime_Text_nameUnknown__C                                      
000134ac  xdc_runtime_Text_nodeTab__C                                          
000134b0  xdc_runtime_Text_visitRopeFxn__C                                     
000134b4  ti_sysbios_hal_Hwi_Module__id__C                                     
000134b6  ti_sysbios_heaps_HeapMem_Module__id__C                               
000134b8  ti_sysbios_knl_Task_Module__id__C                                    
000134ba  xdc_runtime_Core_Module__id__C                                       
000134bc  xdc_runtime_Error_Module__loggerDefined__C                           
000134be  xdc_runtime_Error_maxDepth__C                                        
000134c0  xdc_runtime_Memory_Module__id__C                                     
000134c2  xdc_runtime_SysMin_flushAtExit__C                                    
000134c4  xdc_runtime_Text_charCnt__C                                          
000134c6  xdc_runtime_Text_isLoaded__C                                         
000134c8  xdc_runtime_Text_registryModsLastId__C                               
000134ca  xdc_runtime_Text_unnamedModsLastId__C                                
000134d0  __TI_static_base__                                                   
00013834  __TI_Handler_Table_Base                                              
00013840  __TI_Handler_Table_Limit                                             
00013850  __TI_CINIT_Base                                                      
00013868  __TI_CINIT_Limit                                                     
20000000  ti_sysbios_family_arm_m3_Hwi_ramVectors                              
20000380  ti_sysbios_heaps_HeapMem_Instance_State_0_buf__A                     
20005380  ti_ndk_config_Global_pit                                             
20005428  ti_ndk_config_Global_pitBuffer                                       
20009c28  _ICMPIn                                                              
20009c74  PBMQ_free                                                            
20009c80  ti_ndk_config_Global_pBufMem                                         
2000d880  ti_ndk_config_Global_pHdrMem                                         
2000db78  ti_sysbios_knl_Task_Instance_State_0_stack__A                        
2000e178  ti_sysbios_knl_Task_Instance_State_1_stack__A                        
2000e378  ti_sysbios_family_arm_m3_Hwi_dispatchTable                           
2000e6d8  __CIOBUF_                                                            
2000e8f8  tcps                                                                 
2000ec14  xdc_runtime_SysMin_Module_State_0_outbuf__A                          
2000ec94  ips                                                                  
2000ecfc  nimu_mcb                                                             
2000ed60  _ICMPOut                                                             
2000edec  vlan_mcb                                                             
2000ee38  udps                                                                 
2000ee5c  BlockCount                                                           
2000ee78  BlockMax                                                             
2000ee94  PageCount                                                            
2000eeb0  PageMax                                                              
2000eecc  stkEvent                                                             
2000ef08  raweths                                                              
2000ef18  raws                                                                 
2000ef28  tpseudo                                                              
2000ef34  upseudo                                                              
2000ef40  emacObjects                                                          
2000ef48  parmbuf                                                              
2000ef74  _IGMPInDiscard                                                       
2000ef78  _IGMPInQuery                                                         
2000ef7c  _IGMPInQueryGroup                                                    
2000ef80  _IGMPInResponse                                                      
2000ef84  _IGMPOutResponse                                                     
2000ef88  g_ulStatus                                                           
2000ef9c  raweth_pcb                                                           
2000efa0  ti_sysbios_knl_Task_Instance_State_0_hookEnv__A                      
2000efa4  ti_sysbios_knl_Task_Instance_State_1_hookEnv__A                      
2000efa8  _ipcfg                                                               
2000f05c  ti_sysbios_knl_Task_Object__table__V                                 
2000f0f4  ti_sysbios_knl_Swi_Module_State_0_readyQ__A                          
2000f174  ti_sysbios_knl_Task_Module_State_0_readyQ__A                         
2000f242  ti_sysbios_family_arm_m3_Hwi_Module_State_0_excActive__A             
2000f244  ti_sysbios_knl_Task_Module__state__V                                 
2000f308  ti_sysbios_family_arm_lm4_Timer_Module_State_0_device__A             
2000f348  ti_sysbios_family_arm_lm4_Timer_Object__table__V                     
2000f388  ti_sysbios_gates_GateMutex_Object__table__V                          
2000f3f4  ti_sysbios_family_arm_m3_Hwi_Module__state__V                        
2000f428  enablePrefetch                                                       
2000f42c  phyCounter                                                           
2000f45a  xdc_runtime_Error_Module__state__V                                   
2000f48c  ti_sysbios_knl_Swi_Object__table__V                                  
2000f4bc  ti_sysbios_knl_Clock_Module__state__V                                
2000f4e8  pstrMsgName                                                          
2000f510  _oscfg                                                               
2000f534  PITCount                                                             
2000f538  PITUsed                                                              
2000f53c  PITHigh                                                              
2000f558  ti_sysbios_BIOS_Module__state__V                                     
2000f57c  ti_sysbios_family_arm_lm4_Timer_Module_State_0_handles__A            
2000f5b8  ti_ndk_config_Global_Id2Size                                         
2000f5d4  ti_sysbios_knl_Swi_Module__state__V                                  
2000f620  ti_ndk_config_Global_HostName                                        
2000f624  LocalIPAddr                                                          
2000f628  LocalIPMask                                                          
2000f62c  GatewayIP                                                            
2000f630  DomainName                                                           
2000f634  __xdc__init__addr                                                    
2000f638  ti_sysbios_family_arm_m3_Hwi_Object__table__V                        
2000f650  ti_sysbios_heaps_HeapMem_Object__table__V                            
2000f67c  gpioPinConfigs                                                       
2000f694  _IGMPForceVersion1                                                   
2000f69c  ti_sysbios_family_arm_lm4_Timer_Module__state__V                     
2000f6a8  xdc_runtime_SysMin_Module__state__V                                  
2000f6c0  _lock                                                                
2000f6c4  _unlock                                                              
2000f6c8  NIMUDeviceTable                                                      
2000f6d0  gpioCallbackFunctions                                                
2000f6e8  _ICMPInErrors                                                        
2000f6ec  _ICMPOutErrors                                                       
2000f6f0  _IPExecuting                                                         
2000f708  tcp_iss                                                              
2000f70c  ptTimeFirst                                                          
2000f718  ti_sysbios_family_arm_m3_Hwi_Module__root__V                         
2000f720  ti_sysbios_gates_GateHwi_Module__root__V                             
2000f728  ti_sysbios_gates_GateMutex_Module__root__V                           
2000f730  ti_sysbios_heaps_HeapMem_Module__root__V                             
2000f738  ti_sysbios_knl_Clock_Module__root__V                                 
2000f740  ti_sysbios_knl_Queue_Module__root__V                                 
2000f748  ti_sysbios_knl_Semaphore_Module__root__V                             
2000f750  ti_sysbios_knl_Swi_Module__root__V                                   
2000f758  ti_sysbios_knl_Task_Module__root__V                                  
2000f760  xdc_runtime_Registry_Module__state__V                                
2000f768  xdc_runtime_Startup_Module__state__V                                 
2000f770  xdc_runtime_System_Module_State_0_atexitHandlers__A                  
2000f778  xdc_runtime_System_Module__state__V                                  
2000f780  macAddress                                                           
2000f7a0  main_func_sp                                                         
2000f7a8  _IPReasmPtr                                                          
2000f7b8  ti_sysbios_family_arm_m3_Hwi_Module_State_0_excContext__A            
2000f7bc  ti_sysbios_family_arm_m3_Hwi_Module_State_0_excStack__A              
2000f7c0  ti_sysbios_gates_GateHwi_Object__table__V                            
2000f7c4  ti_sysbios_knl_Task_Module_State_0_idleTask__A                       
2000f7c8  xdc_runtime_Memory_Module__state__V                                  
2000f7d0  __stack                                                              
2000ffd0  __STACK_END                                                          
e000e000  ti_sysbios_family_arm_m3_Hwi_nvic                                    
ffffffff  __TI_pprof_out_hndl                                                  
ffffffff  __TI_prof_data_size                                                  
ffffffff  __TI_prof_data_start                                                 
ffffffff  __binit__                                                            
ffffffff  __c_args__                                                           
ffffffff  binit                                                                
UNDEFED   SHT$$INIT_ARRAY$$Base                                                
UNDEFED   SHT$$INIT_ARRAY$$Limit                                               

[976 symbols]
